main.cpp:39:5: warning: Calling qDeleteAll with QSet::values, call qDeleteAll on the container itself [-Wclazy-qdeleteall]
main.cpp:44:5: warning: Calling qDeleteAll with QHash::values, call qDeleteAll on the container itself [-Wclazy-qdeleteall]
main.cpp:49:5: warning: Calling qDeleteAll with QMap::values, call qDeleteAll on the container itself [-Wclazy-qdeleteall]
main.cpp:54:5: warning: Calling qDeleteAll with QHash::values, call qDeleteAll on the container itself [-Wclazy-qdeleteall]
main.cpp:59:5: warning: Calling qDeleteAll with QMap::values, call qDeleteAll on the container itself [-Wclazy-qdeleteall]
main.cpp:67:5: warning: Calling qDeleteAll with QMap::keys, call qDeleteAll on the container itself [-Wclazy-qdeleteall]
