qdeleteall/main.cpp:39:5: warning: qDeleteAll() is being used on an unnecessary temporary container created by QSet::values(), use qDeleteAll(mycontainer) instead [-Wclazy-qdeleteall]
qdeleteall/main.cpp:44:5: warning: qDeleteAll() is being used on an unnecessary temporary container created by QHash::values(), use qDeleteAll(mycontainer) instead [-Wclazy-qdeleteall]
qdeleteall/main.cpp:49:5: warning: qDeleteAll() is being used on an unnecessary temporary container created by QMap::values(), use qDeleteAll(mycontainer) instead [-Wclazy-qdeleteall]
qdeleteall/main.cpp:54:5: warning: qDeleteAll() is being used on an unnecessary temporary container created by QHash::values(), use qDeleteAll(mycontainer) instead [-Wclazy-qdeleteall]
qdeleteall/main.cpp:59:5: warning: qDeleteAll() is being used on an unnecessary temporary container created by QMap::values(), use qDeleteAll(mycontainer) instead [-Wclazy-qdeleteall]
qdeleteall/main.cpp:67:5: warning: qDeleteAll() is being used on an unnecessary temporary container created by QMap::keys(), use qDeleteAll(mycontainer.keyBegin(), mycontainer.keyEnd()) instead [-Wclazy-qdeleteall]
qdeleteall/main.cpp:70:5: warning: qDeleteAll() is being used on an unnecessary temporary container created by QHash::values() [-Wclazy-qdeleteall]
