main.cpp:33:5: warning: Calling qDeleteAll with QSet::values, call qDeleteAll on the container itself [-Wclazy-qdeleteall]
main.cpp:38:5: warning: Calling qDeleteAll with QHash::values, call qDeleteAll on the container itself [-Wclazy-qdeleteall]
main.cpp:43:5: warning: Calling qDeleteAll with QMap::values, call qDeleteAll on the container itself [-Wclazy-qdeleteall]
main.cpp:48:5: warning: Calling qDeleteAll with QHash::values, call qDeleteAll on the container itself [-Wclazy-qdeleteall]
main.cpp:53:5: warning: Calling qDeleteAll with QMap::values, call qDeleteAll on the container itself [-Wclazy-qdeleteall]
