connect-non-signal/main.cpp:20:5: warning: MyObj::foo is not a signal [-Wclazy-connect-non-signal]
connect-non-signal/main.cpp:38:5: warning: MyObj2::foo is not a signal [-Wclazy-connect-non-signal]
connect-non-signal/main.cpp:51:5: warning: MyDerivedObj::myVirtualSig is not a signal [-Wclazy-connect-non-signal]
