range-loop-detach/main.cpp:31:5: warning: c++11 range-loop might detach Qt container (QList) [-Wclazy-range-loop-detach]
range-loop-detach/main.cpp:38:5: warning: c++11 range-loop might detach Qt container (QList) [-Wclazy-range-loop-detach]
range-loop-detach/main.cpp:41:5: warning: c++11 range-loop might detach Qt container (QList) [-Wclazy-range-loop-detach]
range-loop-detach/main.cpp:42:5: warning: c++11 range-loop might detach Qt container (QList) [-Wclazy-range-loop-detach]
range-loop-detach/main.cpp:73:5: warning: c++11 range-loop might detach Qt container (QMultiMap) [-Wclazy-range-loop-detach]
range-loop-detach/main.cpp:84:5: warning: c++11 range-loop might detach Qt container (QList) [-Wclazy-range-loop-detach]
range-loop-detach/main.cpp:100:10: warning: c++11 range-loop might detach Qt container (QStringList) [-Wclazy-range-loop-detach]
range-loop-detach/main.cpp:110:5: warning: c++11 range-loop might detach Qt container (QStringList) [-Wclazy-range-loop-detach]
range-loop-detach/main.cpp:113:5: warning: c++11 range-loop might detach Qt container (QStringList) [-Wclazy-range-loop-detach]
range-loop-detach/main.cpp:116:5: warning: c++11 range-loop might detach Qt container (QStringList) [-Wclazy-range-loop-detach]
range-loop-detach/main.cpp:118:5: warning: c++11 range-loop might detach Qt container (QList) [-Wclazy-range-loop-detach]
range-loop-detach/main.cpp:120:5: warning: c++11 range-loop might detach Qt container (QStringList) [-Wclazy-range-loop-detach]
