base-class-event/main.cpp:14:5: warning: Return QObject::event() instead of false [-Wclazy-base-class-event]
base-class-event/main.cpp:24:9: warning: Return QObject::event() instead of false [-Wclazy-base-class-event]
base-class-event/main.cpp:61:9: warning: Return MyObj3::event() instead of false [-Wclazy-base-class-event]
base-class-event/main.cpp:66:9: warning: Return MyObj3::eventFilter() instead of false [-Wclazy-base-class-event]
