#include <QtStateMachine/QAbstractState>
#include <QtStateMachine/QAbstractTransition>
#include <QtStateMachine/QEventTransition>
#include <QtStateMachine/QFinalState>
#include <QtStateMachine/QHistoryState>
#include <QtStateMachine/QSignalTransition>
#include <QtStateMachine/QState>
#include <QtStateMachine/QStateMachine>
#include <QtStateMachine/qabstractstate.h>
#include <QtStateMachine/qabstracttransition.h>
#include <QtStateMachine/qeventtransition.h>
#include <QtStateMachine/qfinalstate.h>
#include <QtStateMachine/qhistorystate.h>
#include <QtStateMachine/qsignaltransition.h>
#include <QtStateMachine/qstate.h>
#include <QtStateMachine/qstatemachine.h>

#include <QtOpenGL/QOpenGLBuffer>
#include <QtOpenGL/QOpenGLDebugLogger>
#include <QtOpenGL/QOpenGLDebugMessage>
#include <QtOpenGL/QOpenGLFramebufferObject>
#include <QtOpenGL/QOpenGLFramebufferObjectFormat>
#include <QtOpenGL/QOpenGLFunctions_1_0>
#include <QtOpenGL/QOpenGLFunctions_1_1>
#include <QtOpenGL/QOpenGLFunctions_1_2>
#include <QtOpenGL/QOpenGLFunctions_1_3>
#include <QtOpenGL/QOpenGLFunctions_1_4>
#include <QtOpenGL/QOpenGLFunctions_1_5>
#include <QtOpenGL/QOpenGLFunctions_2_0>
#include <QtOpenGL/QOpenGLFunctions_2_1>
#include <QtOpenGL/QOpenGLFunctions_3_0>
#include <QtOpenGL/QOpenGLFunctions_3_1>
#include <QtOpenGL/QOpenGLFunctions_3_2_Compatibility>
#include <QtOpenGL/QOpenGLFunctions_3_2_Core>
#include <QtOpenGL/QOpenGLFunctions_3_3_Compatibility>
#include <QtOpenGL/QOpenGLFunctions_3_3_Core>
#include <QtOpenGL/QOpenGLFunctions_4_0_Compatibility>
#include <QtOpenGL/QOpenGLFunctions_4_0_Core>
#include <QtOpenGL/QOpenGLFunctions_4_1_Compatibility>
#include <QtOpenGL/QOpenGLFunctions_4_1_Core>
#include <QtOpenGL/QOpenGLFunctions_4_2_Compatibility>
#include <QtOpenGL/QOpenGLFunctions_4_2_Core>
#include <QtOpenGL/QOpenGLFunctions_4_3_Compatibility>
#include <QtOpenGL/QOpenGLFunctions_4_3_Core>
#include <QtOpenGL/QOpenGLFunctions_4_4_Compatibility>
#include <QtOpenGL/QOpenGLFunctions_4_4_Core>
#include <QtOpenGL/QOpenGLFunctions_4_5_Compatibility>
#include <QtOpenGL/QOpenGLFunctions_4_5_Core>
#include <QtOpenGL/QOpenGLFunctions_ES2>
#include <QtOpenGL/QOpenGLPaintDevice>
#include <QtOpenGL/QOpenGLPixelTransferOptions>
#include <QtOpenGL/QOpenGLShader>
#include <QtOpenGL/QOpenGLShaderProgram>
#include <QtOpenGL/QOpenGLTexture>
#include <QtOpenGL/QOpenGLTextureBlitter>
#include <QtOpenGL/QOpenGLTimeMonitor>
#include <QtOpenGL/QOpenGLTimerQuery>
#include <QtOpenGL/QOpenGLVersionFunctions>
#include <QtOpenGL/QOpenGLVersionProfile>
#include <QtOpenGL/QOpenGLVertexArrayObject>
#include <QtOpenGL/QOpenGLWindow>
#include <QtOpenGL/qopenglbuffer.h>
#include <QtOpenGL/qopengldebug.h>
#include <QtOpenGL/qopenglframebufferobject.h>
#include <QtOpenGL/qopenglfunctions_1_0.h>
#include <QtOpenGL/qopenglfunctions_1_1.h>
#include <QtOpenGL/qopenglfunctions_1_2.h>
#include <QtOpenGL/qopenglfunctions_1_3.h>
#include <QtOpenGL/qopenglfunctions_1_4.h>
#include <QtOpenGL/qopenglfunctions_1_5.h>
#include <QtOpenGL/qopenglfunctions_2_0.h>
#include <QtOpenGL/qopenglfunctions_2_1.h>
#include <QtOpenGL/qopenglfunctions_3_0.h>
#include <QtOpenGL/qopenglfunctions_3_1.h>
#include <QtOpenGL/qopenglfunctions_3_2_compatibility.h>
#include <QtOpenGL/qopenglfunctions_3_2_core.h>
#include <QtOpenGL/qopenglfunctions_3_3_compatibility.h>
#include <QtOpenGL/qopenglfunctions_3_3_core.h>
#include <QtOpenGL/qopenglfunctions_4_0_compatibility.h>
#include <QtOpenGL/qopenglfunctions_4_0_core.h>
#include <QtOpenGL/qopenglfunctions_4_1_compatibility.h>
#include <QtOpenGL/qopenglfunctions_4_1_core.h>
#include <QtOpenGL/qopenglfunctions_4_2_compatibility.h>
#include <QtOpenGL/qopenglfunctions_4_2_core.h>
#include <QtOpenGL/qopenglfunctions_4_3_compatibility.h>
#include <QtOpenGL/qopenglfunctions_4_3_core.h>
#include <QtOpenGL/qopenglfunctions_4_4_compatibility.h>
#include <QtOpenGL/qopenglfunctions_4_4_core.h>
#include <QtOpenGL/qopenglfunctions_4_5_compatibility.h>
#include <QtOpenGL/qopenglfunctions_4_5_core.h>
#include <QtOpenGL/qopenglfunctions_es2.h>
#include <QtOpenGL/qopenglpaintdevice.h>
#include <QtOpenGL/qopenglpixeltransferoptions.h>
#include <QtOpenGL/qopenglshaderprogram.h>
#include <QtOpenGL/qopengltexture.h>
#include <QtOpenGL/qopengltextureblitter.h>
#include <QtOpenGL/qopengltimerquery.h>
#include <QtOpenGL/qopenglversionfunctions.h>
#include <QtOpenGL/qopenglvertexarrayobject.h>
#include <QtOpenGL/qopenglwindow.h>
