qt6-header-fixes/main.cpp:1:10: warning: including QtCore/QAbstractState [-Wclazy-qt6-header-fixes]
qt6-header-fixes/main.cpp:2:10: warning: including QtCore/QAbstractTransition [-Wclazy-qt6-header-fixes]
qt6-header-fixes/main.cpp:3:10: warning: including QtCore/QEventTransition [-Wclazy-qt6-header-fixes]
qt6-header-fixes/main.cpp:4:10: warning: including QtCore/QFinalState [-Wclazy-qt6-header-fixes]
qt6-header-fixes/main.cpp:5:10: warning: including QtCore/QHistoryState [-Wclazy-qt6-header-fixes]
qt6-header-fixes/main.cpp:6:10: warning: including QtCore/QSignalTransition [-Wclazy-qt6-header-fixes]
qt6-header-fixes/main.cpp:7:10: warning: including QtCore/QState [-Wclazy-qt6-header-fixes]
qt6-header-fixes/main.cpp:8:10: warning: including QtCore/QStateMachine [-Wclazy-qt6-header-fixes]
qt6-header-fixes/main.cpp:9:10: warning: including QtCore/qabstractstate.h [-Wclazy-qt6-header-fixes]
qt6-header-fixes/main.cpp:10:10: warning: including QtCore/qabstracttransition.h [-Wclazy-qt6-header-fixes]
qt6-header-fixes/main.cpp:11:10: warning: including QtCore/qeventtransition.h [-Wclazy-qt6-header-fixes]
qt6-header-fixes/main.cpp:12:10: warning: including QtCore/qfinalstate.h [-Wclazy-qt6-header-fixes]
qt6-header-fixes/main.cpp:13:10: warning: including QtCore/qhistorystate.h [-Wclazy-qt6-header-fixes]
qt6-header-fixes/main.cpp:14:10: warning: including QtCore/qsignaltransition.h [-Wclazy-qt6-header-fixes]
qt6-header-fixes/main.cpp:15:10: warning: including QtCore/qstate.h [-Wclazy-qt6-header-fixes]
qt6-header-fixes/main.cpp:16:10: warning: including QtCore/qstatemachine.h [-Wclazy-qt6-header-fixes]
qt6-header-fixes/main.cpp:18:10: warning: including QtGui/QOpenGLBuffer [-Wclazy-qt6-header-fixes]
qt6-header-fixes/main.cpp:19:10: warning: including QtGui/QOpenGLDebugLogger [-Wclazy-qt6-header-fixes]
qt6-header-fixes/main.cpp:20:10: warning: including QtGui/QOpenGLDebugMessage [-Wclazy-qt6-header-fixes]
qt6-header-fixes/main.cpp:21:10: warning: including QtGui/QOpenGLFramebufferObject [-Wclazy-qt6-header-fixes]
qt6-header-fixes/main.cpp:22:10: warning: including QtGui/QOpenGLFramebufferObjectFormat [-Wclazy-qt6-header-fixes]
qt6-header-fixes/main.cpp:23:10: warning: including QtGui/QOpenGLFunctions_1_0 [-Wclazy-qt6-header-fixes]
qt6-header-fixes/main.cpp:24:10: warning: including QtGui/QOpenGLFunctions_1_1 [-Wclazy-qt6-header-fixes]
qt6-header-fixes/main.cpp:25:10: warning: including QtGui/QOpenGLFunctions_1_2 [-Wclazy-qt6-header-fixes]
qt6-header-fixes/main.cpp:26:10: warning: including QtGui/QOpenGLFunctions_1_3 [-Wclazy-qt6-header-fixes]
qt6-header-fixes/main.cpp:27:10: warning: including QtGui/QOpenGLFunctions_1_4 [-Wclazy-qt6-header-fixes]
qt6-header-fixes/main.cpp:28:10: warning: including QtGui/QOpenGLFunctions_1_5 [-Wclazy-qt6-header-fixes]
qt6-header-fixes/main.cpp:29:10: warning: including QtGui/QOpenGLFunctions_2_0 [-Wclazy-qt6-header-fixes]
qt6-header-fixes/main.cpp:30:10: warning: including QtGui/QOpenGLFunctions_2_1 [-Wclazy-qt6-header-fixes]
qt6-header-fixes/main.cpp:31:10: warning: including QtGui/QOpenGLFunctions_3_0 [-Wclazy-qt6-header-fixes]
qt6-header-fixes/main.cpp:32:10: warning: including QtGui/QOpenGLFunctions_3_1 [-Wclazy-qt6-header-fixes]
qt6-header-fixes/main.cpp:33:10: warning: including QtGui/QOpenGLFunctions_3_2_Compatibility [-Wclazy-qt6-header-fixes]
qt6-header-fixes/main.cpp:34:10: warning: including QtGui/QOpenGLFunctions_3_2_Core [-Wclazy-qt6-header-fixes]
qt6-header-fixes/main.cpp:35:10: warning: including QtGui/QOpenGLFunctions_3_3_Compatibility [-Wclazy-qt6-header-fixes]
qt6-header-fixes/main.cpp:36:10: warning: including QtGui/QOpenGLFunctions_3_3_Core [-Wclazy-qt6-header-fixes]
qt6-header-fixes/main.cpp:37:10: warning: including QtGui/QOpenGLFunctions_4_0_Compatibility [-Wclazy-qt6-header-fixes]
qt6-header-fixes/main.cpp:38:10: warning: including QtGui/QOpenGLFunctions_4_0_Core [-Wclazy-qt6-header-fixes]
qt6-header-fixes/main.cpp:39:10: warning: including QtGui/QOpenGLFunctions_4_1_Compatibility [-Wclazy-qt6-header-fixes]
qt6-header-fixes/main.cpp:40:10: warning: including QtGui/QOpenGLFunctions_4_1_Core [-Wclazy-qt6-header-fixes]
qt6-header-fixes/main.cpp:41:10: warning: including QtGui/QOpenGLFunctions_4_2_Compatibility [-Wclazy-qt6-header-fixes]
qt6-header-fixes/main.cpp:42:10: warning: including QtGui/QOpenGLFunctions_4_2_Core [-Wclazy-qt6-header-fixes]
qt6-header-fixes/main.cpp:43:10: warning: including QtGui/QOpenGLFunctions_4_3_Compatibility [-Wclazy-qt6-header-fixes]
qt6-header-fixes/main.cpp:44:10: warning: including QtGui/QOpenGLFunctions_4_3_Core [-Wclazy-qt6-header-fixes]
qt6-header-fixes/main.cpp:45:10: warning: including QtGui/QOpenGLFunctions_4_4_Compatibility [-Wclazy-qt6-header-fixes]
qt6-header-fixes/main.cpp:46:10: warning: including QtGui/QOpenGLFunctions_4_4_Core [-Wclazy-qt6-header-fixes]
qt6-header-fixes/main.cpp:47:10: warning: including QtGui/QOpenGLFunctions_4_5_Compatibility [-Wclazy-qt6-header-fixes]
qt6-header-fixes/main.cpp:48:10: warning: including QtGui/QOpenGLFunctions_4_5_Core [-Wclazy-qt6-header-fixes]
qt6-header-fixes/main.cpp:49:10: warning: including QtGui/QOpenGLFunctions_ES2 [-Wclazy-qt6-header-fixes]
qt6-header-fixes/main.cpp:50:10: warning: including QtGui/QOpenGLPaintDevice [-Wclazy-qt6-header-fixes]
qt6-header-fixes/main.cpp:51:10: warning: including QtGui/QOpenGLPixelTransferOptions [-Wclazy-qt6-header-fixes]
qt6-header-fixes/main.cpp:52:10: warning: including QtGui/QOpenGLShader [-Wclazy-qt6-header-fixes]
qt6-header-fixes/main.cpp:53:10: warning: including QtGui/QOpenGLShaderProgram [-Wclazy-qt6-header-fixes]
qt6-header-fixes/main.cpp:54:10: warning: including QtGui/QOpenGLTexture [-Wclazy-qt6-header-fixes]
qt6-header-fixes/main.cpp:55:10: warning: including QtGui/QOpenGLTextureBlitter [-Wclazy-qt6-header-fixes]
qt6-header-fixes/main.cpp:56:10: warning: including QtGui/QOpenGLTimeMonitor [-Wclazy-qt6-header-fixes]
qt6-header-fixes/main.cpp:57:10: warning: including QtGui/QOpenGLTimerQuery [-Wclazy-qt6-header-fixes]
qt6-header-fixes/main.cpp:58:10: warning: including QtGui/QOpenGLVersionFunctions [-Wclazy-qt6-header-fixes]
qt6-header-fixes/main.cpp:59:10: warning: including QtGui/QOpenGLVersionProfile [-Wclazy-qt6-header-fixes]
qt6-header-fixes/main.cpp:60:10: warning: including QtGui/QOpenGLVertexArrayObject [-Wclazy-qt6-header-fixes]
qt6-header-fixes/main.cpp:61:10: warning: including QtGui/QOpenGLWindow [-Wclazy-qt6-header-fixes]
qt6-header-fixes/main.cpp:62:10: warning: including QtGui/qopenglbuffer.h [-Wclazy-qt6-header-fixes]
qt6-header-fixes/main.cpp:63:10: warning: including QtGui/qopengldebug.h [-Wclazy-qt6-header-fixes]
qt6-header-fixes/main.cpp:64:10: warning: including QtGui/qopenglframebufferobject.h [-Wclazy-qt6-header-fixes]
qt6-header-fixes/main.cpp:65:10: warning: including QtGui/qopenglfunctions_1_0.h [-Wclazy-qt6-header-fixes]
qt6-header-fixes/main.cpp:66:10: warning: including QtGui/qopenglfunctions_1_1.h [-Wclazy-qt6-header-fixes]
qt6-header-fixes/main.cpp:67:10: warning: including QtGui/qopenglfunctions_1_2.h [-Wclazy-qt6-header-fixes]
qt6-header-fixes/main.cpp:68:10: warning: including QtGui/qopenglfunctions_1_3.h [-Wclazy-qt6-header-fixes]
qt6-header-fixes/main.cpp:69:10: warning: including QtGui/qopenglfunctions_1_4.h [-Wclazy-qt6-header-fixes]
qt6-header-fixes/main.cpp:70:10: warning: including QtGui/qopenglfunctions_1_5.h [-Wclazy-qt6-header-fixes]
qt6-header-fixes/main.cpp:71:10: warning: including QtGui/qopenglfunctions_2_0.h [-Wclazy-qt6-header-fixes]
qt6-header-fixes/main.cpp:72:10: warning: including QtGui/qopenglfunctions_2_1.h [-Wclazy-qt6-header-fixes]
qt6-header-fixes/main.cpp:73:10: warning: including QtGui/qopenglfunctions_3_0.h [-Wclazy-qt6-header-fixes]
qt6-header-fixes/main.cpp:74:10: warning: including QtGui/qopenglfunctions_3_1.h [-Wclazy-qt6-header-fixes]
qt6-header-fixes/main.cpp:75:10: warning: including QtGui/qopenglfunctions_3_2_compatibility.h [-Wclazy-qt6-header-fixes]
qt6-header-fixes/main.cpp:76:10: warning: including QtGui/qopenglfunctions_3_2_core.h [-Wclazy-qt6-header-fixes]
qt6-header-fixes/main.cpp:77:10: warning: including QtGui/qopenglfunctions_3_3_compatibility.h [-Wclazy-qt6-header-fixes]
qt6-header-fixes/main.cpp:78:10: warning: including QtGui/qopenglfunctions_3_3_core.h [-Wclazy-qt6-header-fixes]
qt6-header-fixes/main.cpp:79:10: warning: including QtGui/qopenglfunctions_4_0_compatibility.h [-Wclazy-qt6-header-fixes]
qt6-header-fixes/main.cpp:80:10: warning: including QtGui/qopenglfunctions_4_0_core.h [-Wclazy-qt6-header-fixes]
qt6-header-fixes/main.cpp:81:10: warning: including QtGui/qopenglfunctions_4_1_compatibility.h [-Wclazy-qt6-header-fixes]
qt6-header-fixes/main.cpp:82:10: warning: including QtGui/qopenglfunctions_4_1_core.h [-Wclazy-qt6-header-fixes]
qt6-header-fixes/main.cpp:83:10: warning: including QtGui/qopenglfunctions_4_2_compatibility.h [-Wclazy-qt6-header-fixes]
qt6-header-fixes/main.cpp:84:10: warning: including QtGui/qopenglfunctions_4_2_core.h [-Wclazy-qt6-header-fixes]
qt6-header-fixes/main.cpp:85:10: warning: including QtGui/qopenglfunctions_4_3_compatibility.h [-Wclazy-qt6-header-fixes]
qt6-header-fixes/main.cpp:86:10: warning: including QtGui/qopenglfunctions_4_3_core.h [-Wclazy-qt6-header-fixes]
qt6-header-fixes/main.cpp:87:10: warning: including QtGui/qopenglfunctions_4_4_compatibility.h [-Wclazy-qt6-header-fixes]
qt6-header-fixes/main.cpp:88:10: warning: including QtGui/qopenglfunctions_4_4_core.h [-Wclazy-qt6-header-fixes]
qt6-header-fixes/main.cpp:89:10: warning: including QtGui/qopenglfunctions_4_5_compatibility.h [-Wclazy-qt6-header-fixes]
qt6-header-fixes/main.cpp:90:10: warning: including QtGui/qopenglfunctions_4_5_core.h [-Wclazy-qt6-header-fixes]
qt6-header-fixes/main.cpp:91:10: warning: including QtGui/qopenglfunctions_es2.h [-Wclazy-qt6-header-fixes]
qt6-header-fixes/main.cpp:92:10: warning: including QtGui/qopenglpaintdevice.h [-Wclazy-qt6-header-fixes]
qt6-header-fixes/main.cpp:93:10: warning: including QtGui/qopenglpixeltransferoptions.h [-Wclazy-qt6-header-fixes]
qt6-header-fixes/main.cpp:94:10: warning: including QtGui/qopenglshaderprogram.h [-Wclazy-qt6-header-fixes]
qt6-header-fixes/main.cpp:95:10: warning: including QtGui/qopengltexture.h [-Wclazy-qt6-header-fixes]
qt6-header-fixes/main.cpp:96:10: warning: including QtGui/qopengltextureblitter.h [-Wclazy-qt6-header-fixes]
qt6-header-fixes/main.cpp:97:10: warning: including QtGui/qopengltimerquery.h [-Wclazy-qt6-header-fixes]
qt6-header-fixes/main.cpp:98:10: warning: including QtGui/qopenglversionfunctions.h [-Wclazy-qt6-header-fixes]
qt6-header-fixes/main.cpp:99:10: warning: including QtGui/qopenglvertexarrayobject.h [-Wclazy-qt6-header-fixes]
qt6-header-fixes/main.cpp:100:10: warning: including QtGui/qopenglwindow.h [-Wclazy-qt6-header-fixes]
