qt6-qlatin1string-to-u/main.cpp:12:18: warning: QLatin1String(const char *) ctor being called [-Wclazy-qt6-qlatin1string-to-u]
qt6-qlatin1string-to-u/main.cpp:13:26: warning: QLatin1String(const char *) ctor being called [-Wclazy-qt6-qlatin1string-to-u]
qt6-qlatin1string-to-u/main.cpp:14:11: warning: QLatin1String(const char *) ctor being called [-Wclazy-qt6-qlatin1string-to-u]
qt6-qlatin1string-to-u/main.cpp:15:10: warning: QLatin1String(const char *) ctor being called [-Wclazy-qt6-qlatin1string-to-u]
qt6-qlatin1string-to-u/main.cpp:16:15: warning: QLatin1String(const char *) ctor being called [-Wclazy-qt6-qlatin1string-to-u]
qt6-qlatin1string-to-u/main.cpp:19:10: warning: QLatin1String(const char *) ctor being called [-Wclazy-qt6-qlatin1string-to-u]
qt6-qlatin1string-to-u/main.cpp:21:23: warning: QLatin1String(const char *) ctor being called [-Wclazy-qt6-qlatin1string-to-u]
qt6-qlatin1string-to-u/main.cpp:22:29: warning: QLatin1String(const char *) ctor being called [-Wclazy-qt6-qlatin1string-to-u]
qt6-qlatin1string-to-u/main.cpp:24:26: warning: QLatin1String(const char *) ctor being called [-Wclazy-qt6-qlatin1string-to-u]
qt6-qlatin1string-to-u/main.cpp:27:18: warning: QLatin1String(const char *) ctor being called [-Wclazy-qt6-qlatin1string-to-u]
qt6-qlatin1string-to-u/main.cpp:28:10: warning: QLatin1String(const char *) ctor being called [-Wclazy-qt6-qlatin1string-to-u]
qt6-qlatin1string-to-u/main.cpp:29:33: warning: QLatin1String(const char *) ctor being called [-Wclazy-qt6-qlatin1string-to-u]
