qt6-qlatin1char-to-u/main.cpp:12:16: warning: QLatin1Char(char) ctor being called [-Wclazy-qt6-qlatin1char-to-u]
qt6-qlatin1char-to-u/main.cpp:16:27: warning: QLatin1Char(char) ctor being called [-Wclazy-qt6-qlatin1char-to-u]
qt6-qlatin1char-to-u/main.cpp:18:10: warning: QLatin1Char(char) ctor being called [-Wclazy-qt6-qlatin1char-to-u]
qt6-qlatin1char-to-u/main.cpp:20:29: warning: QLatin1Char(char) ctor being called [-Wclazy-qt6-qlatin1char-to-u]
qt6-qlatin1char-to-u/main.cpp:21:21: warning: QLatin1Char(char) ctor being called [-Wclazy-qt6-qlatin1char-to-u]
qt6-qlatin1char-to-u/main.cpp:23:20: warning: QLatin1Char(char) ctor being called [-Wclazy-qt6-qlatin1char-to-u]
qt6-qlatin1char-to-u/main.cpp:26:24: warning: QLatin1Char(char) ctor being called [-Wclazy-qt6-qlatin1char-to-u]
qt6-qlatin1char-to-u/main.cpp:26:42: warning: QLatin1Char(char) ctor being called [-Wclazy-qt6-qlatin1char-to-u]
qt6-qlatin1char-to-u/main.cpp:26:24: warning: QLatin1Char(char) ctor being called [-Wclazy-qt6-qlatin1char-to-u]
qt6-qlatin1char-to-u/main.cpp:26:42: warning: QLatin1Char(char) ctor being called [-Wclazy-qt6-qlatin1char-to-u]
qt6-qlatin1char-to-u/main.cpp:27:16: warning: QLatin1Char(char) ctor being called [-Wclazy-qt6-qlatin1char-to-u]
qt6-qlatin1char-to-u/main.cpp:29:27: warning: QLatin1Char(char) ctor being called [-Wclazy-qt6-qlatin1char-to-u]
qt6-qlatin1char-to-u/main.cpp:32:39: warning: QLatin1Char(char) ctor being called [-Wclazy-qt6-qlatin1char-to-u]
qt6-qlatin1char-to-u/main.cpp:34:18: warning: QLatin1Char(char) ctor being called [-Wclazy-qt6-qlatin1char-to-u]
qt6-qlatin1char-to-u/main.cpp:37:20: warning: QLatin1Char(char) ctor being called [-Wclazy-qt6-qlatin1char-to-u]
qt6-qlatin1char-to-u/main.cpp:39:26: warning: QLatin1Char(char) ctor being called [-Wclazy-qt6-qlatin1char-to-u]
qt6-qlatin1char-to-u/main.cpp:43:24: warning: QLatin1Char(char) ctor being called [-Wclazy-qt6-qlatin1char-to-u]
qt6-qlatin1char-to-u/main.cpp:47:29: warning: QLatin1Char(char) ctor being called [-Wclazy-qt6-qlatin1char-to-u]
