qt4-qstring-from-array/main.cpp:19:13: warning: QString(const char *) ctor being called [-Wclazy-qt4-qstring-from-array]
qt4-qstring-from-array/main.cpp:20:13: warning: QString(QByteArray) ctor being called [-Wclazy-qt4-qstring-from-array]
qt4-qstring-from-array/main.cpp:21:13: warning: QString(QByteArray) ctor being called [-Wclazy-qt4-qstring-from-array]
qt4-qstring-from-array/main.cpp:22:18: warning: QString(const char *) ctor being called [-Wclazy-qt4-qstring-from-array]
qt4-qstring-from-array/main.cpp:23:18: warning: QString(QByteArray) ctor being called [-Wclazy-qt4-qstring-from-array]
qt4-qstring-from-array/main.cpp:24:18: warning: QString(QByteArray) ctor being called [-Wclazy-qt4-qstring-from-array]
qt4-qstring-from-array/main.cpp:27:5: warning: QString::operator=(const char *) being called [-Wclazy-qt4-qstring-from-array]
qt4-qstring-from-array/main.cpp:28:5: warning: QString::operator=(const char *) being called [-Wclazy-qt4-qstring-from-array]
qt4-qstring-from-array/main.cpp:30:5: warning: QString::operator=(QByteArray) being called [-Wclazy-qt4-qstring-from-array]
qt4-qstring-from-array/main.cpp:32:9: warning: QString::operator==(const char *) being called [-Wclazy-qt4-qstring-from-array]
qt4-qstring-from-array/main.cpp:33:9: warning: QString::operator==(QByteArray) being called [-Wclazy-qt4-qstring-from-array]
qt4-qstring-from-array/main.cpp:34:9: warning: QString::operator==(QByteArray) being called [-Wclazy-qt4-qstring-from-array]
qt4-qstring-from-array/main.cpp:36:5: warning: QString::operator=(QByteArray) being called [-Wclazy-qt4-qstring-from-array]
qt4-qstring-from-array/main.cpp:37:5: warning: QString::operator+=(QByteArray) being called [-Wclazy-qt4-qstring-from-array]
qt4-qstring-from-array/main.cpp:38:5: warning: QString::operator+=(QByteArray) being called [-Wclazy-qt4-qstring-from-array]
qt4-qstring-from-array/main.cpp:39:5: warning: QString::append(const char *) being called [-Wclazy-qt4-qstring-from-array]
qt4-qstring-from-array/main.cpp:40:5: warning: QString::prepend(QByteArray) being called [-Wclazy-qt4-qstring-from-array]
qt4-qstring-from-array/main.cpp:41:5: warning: QString::operator=(const char *) being called [-Wclazy-qt4-qstring-from-array]
qt4-qstring-from-array/main.cpp:43:13: warning: QString(QByteArray) ctor being called [-Wclazy-qt4-qstring-from-array]
qt4-qstring-from-array/main.cpp:44:5: warning: QString::append(QByteArray) being called [-Wclazy-qt4-qstring-from-array]
qt4-qstring-from-array/main.cpp:46:21: warning: QString(const char *) ctor being called [-Wclazy-qt4-qstring-from-array]
