wrong-qevent-cast/main.cpp:11:22: warning: Cast from a QEvent::MouseMove event to QKeyEvent looks suspicious. [-Wclazy-wrong-qevent-cast]
wrong-qevent-cast/main.cpp:17:22: warning: Cast from a QEvent::KeyPress event to QMouseEvent looks suspicious. [-Wclazy-wrong-qevent-cast]
wrong-qevent-cast/main.cpp:23:30: warning: Cast from a QEvent::KeyPress event to QMouseEvent looks suspicious. [-Wclazy-wrong-qevent-cast]
