old-style-connect/main.cpp:33:5: warning: Old Style Connect [-Wclazy-old-style-connect]
old-style-connect/main.cpp:34:5: warning: Old Style Connect [-Wclazy-old-style-connect]
old-style-connect/main.cpp:35:5: warning: Old Style Connect [-Wclazy-old-style-connect]
old-style-connect/main.cpp:36:5: warning: Old Style Connect [-Wclazy-old-style-connect]
old-style-connect/main.cpp:37:5: warning: Old Style Connect [-Wclazy-old-style-connect]
old-style-connect/main.cpp:43:5: warning: Old Style Connect [-Wclazy-old-style-connect]
old-style-connect/main.cpp:46:5: warning: Old Style Connect [-Wclazy-old-style-connect]
old-style-connect/main.cpp:46:31: warning: FixIt failed, requires manual intervention:  (QTimer) Fixit not implemented for slot with arguments, use a lambda [-Wclazy-old-style-connect]
old-style-connect/main.cpp:53:5: warning: Old Style Connect [-Wclazy-old-style-connect]
old-style-connect/main.cpp:62:9: warning: Old Style Connect [-Wclazy-old-style-connect]
old-style-connect/main.cpp:63:9: warning: Old Style Connect [-Wclazy-old-style-connect]
old-style-connect/main.cpp:70:5: warning: Old Style Connect [-Wclazy-old-style-connect]
old-style-connect/main.cpp:71:5: warning: Old Style Connect [-Wclazy-old-style-connect]
old-style-connect/main.cpp:72:5: warning: Old Style Connect [-Wclazy-old-style-connect]
old-style-connect/main.cpp:87:5: warning: Old Style Connect [-Wclazy-old-style-connect]
old-style-connect/main.cpp:108:9: warning: Old Style Connect [-Wclazy-old-style-connect]
old-style-connect/main.cpp:109:9: warning: Old Style Connect [-Wclazy-old-style-connect]
old-style-connect/main.cpp:110:9: warning: Old Style Connect [-Wclazy-old-style-connect]
old-style-connect/main.cpp:111:9: warning: Old Style Connect [-Wclazy-old-style-connect]
old-style-connect/main.cpp:124:6: warning: Old Style Connect [-Wclazy-old-style-connect]
old-style-connect/main.cpp:124:48: warning: FixIt failed, requires manual intervention:  Can't fix private SLOT WithNesting::Private::privateSlot1 [-Wclazy-old-style-connect]
old-style-connect/main.cpp:142:5: warning: Old Style Connect [-Wclazy-old-style-connect]
old-style-connect/main.cpp:146:5: warning: Old Style Connect [-Wclazy-old-style-connect]
old-style-connect/main.cpp:146:26: warning: FixIt failed, requires manual intervention:  Can't fix private SLOT WithNesting::privSlot [-Wclazy-old-style-connect]
old-style-connect/main.cpp:155:9: warning: Old Style Connect [-Wclazy-old-style-connect]
old-style-connect/main.cpp:156:9: warning: Old Style Connect [-Wclazy-old-style-connect]
old-style-connect/main.cpp:156:38: warning: FixIt failed, requires manual intervention:  Receiver has more parameters (1) than signal (0) [-Wclazy-old-style-connect]
old-style-connect/main.cpp:157:9: warning: Old Style Connect [-Wclazy-old-style-connect]
old-style-connect/main.cpp:158:9: warning: Old Style Connect [-Wclazy-old-style-connect]
old-style-connect/main.cpp:158:45: warning: FixIt failed, requires manual intervention:  Receiver has more parameters (3) than signal (2) [-Wclazy-old-style-connect]
old-style-connect/main.cpp:185:9: warning: Old Style Connect [-Wclazy-old-style-connect]
old-style-connect/main.cpp:193:5: warning: Old Style Connect [-Wclazy-old-style-connect]
old-style-connect/main.cpp:195:5: warning: Old Style Connect [-Wclazy-old-style-connect]
old-style-connect/main.cpp:197:5: warning: Old Style Connect [-Wclazy-old-style-connect]
old-style-connect/main.cpp:197:48: warning: FixIt failed, requires manual intervention:  Failed to get class name for implicit receiver [-Wclazy-old-style-connect]
old-style-connect/main.cpp:229:9: warning: Old Style Connect [-Wclazy-old-style-connect]
old-style-connect/main.cpp:230:9: warning: Old Style Connect [-Wclazy-old-style-connect]
old-style-connect/main.cpp:231:9: warning: Old Style Connect [-Wclazy-old-style-connect]
old-style-connect/main.cpp:231:40: warning: FixIt failed, requires manual intervention:  Sender's parameters are incompatible with the receiver's [-Wclazy-old-style-connect]
old-style-connect/main.cpp:232:9: warning: Old Style Connect [-Wclazy-old-style-connect]
old-style-connect/main.cpp:232:40: warning: FixIt failed, requires manual intervention:  Sender's parameters are incompatible with the receiver's [-Wclazy-old-style-connect]
old-style-connect/main.cpp:233:9: warning: Old Style Connect [-Wclazy-old-style-connect]
old-style-connect/main.cpp:233:42: warning: FixIt failed, requires manual intervention:  Sender's parameters are incompatible with the receiver's [-Wclazy-old-style-connect]
old-style-connect/main.cpp:234:9: warning: Old Style Connect [-Wclazy-old-style-connect]
old-style-connect/main.cpp:234:44: warning: FixIt failed, requires manual intervention:  Sender's parameters are incompatible with the receiver's [-Wclazy-old-style-connect]
old-style-connect/main.cpp:235:9: warning: Old Style Connect [-Wclazy-old-style-connect]
old-style-connect/main.cpp:235:44: warning: FixIt failed, requires manual intervention:  Sender's parameters are incompatible with the receiver's [-Wclazy-old-style-connect]
old-style-connect/main.cpp:236:9: warning: Old Style Connect [-Wclazy-old-style-connect]
old-style-connect/main.cpp:236:41: warning: FixIt failed, requires manual intervention:  Sender's parameters are incompatible with the receiver's [-Wclazy-old-style-connect]
old-style-connect/main.cpp:237:9: warning: Old Style Connect [-Wclazy-old-style-connect]
old-style-connect/main.cpp:237:41: warning: FixIt failed, requires manual intervention:  Sender's parameters are incompatible with the receiver's [-Wclazy-old-style-connect]
old-style-connect/main.cpp:238:9: warning: Old Style Connect [-Wclazy-old-style-connect]
old-style-connect/main.cpp:238:41: warning: FixIt failed, requires manual intervention:  Sender's parameters are incompatible with the receiver's [-Wclazy-old-style-connect]
old-style-connect/main.cpp:239:9: warning: Old Style Connect [-Wclazy-old-style-connect]
old-style-connect/main.cpp:239:41: warning: FixIt failed, requires manual intervention:  Sender's parameters are incompatible with the receiver's [-Wclazy-old-style-connect]
old-style-connect/main.cpp:240:9: warning: Old Style Connect [-Wclazy-old-style-connect]
old-style-connect/main.cpp:240:59: warning: FixIt failed, requires manual intervention:  Sender's parameters are incompatible with the receiver's [-Wclazy-old-style-connect]
old-style-connect/main.cpp:241:9: warning: Old Style Connect [-Wclazy-old-style-connect]
old-style-connect/main.cpp:241:48: warning: FixIt failed, requires manual intervention:  Sender's parameters are incompatible with the receiver's [-Wclazy-old-style-connect]
old-style-connect/main.cpp:242:9: warning: Old Style Connect [-Wclazy-old-style-connect]
old-style-connect/main.cpp:242:46: warning: FixIt failed, requires manual intervention:  Sender's parameters are incompatible with the receiver's [-Wclazy-old-style-connect]
old-style-connect/main.cpp:243:9: warning: Old Style Connect [-Wclazy-old-style-connect]
old-style-connect/main.cpp:244:9: warning: Old Style Connect [-Wclazy-old-style-connect]
old-style-connect/main.cpp:245:9: warning: Old Style Connect [-Wclazy-old-style-connect]
old-style-connect/main.cpp:246:9: warning: Old Style Connect [-Wclazy-old-style-connect]
old-style-connect/main.cpp:302:5: warning: Old Style Connect [-Wclazy-old-style-connect]
old-style-connect/main.cpp:317:9: warning: Old Style Connect [-Wclazy-old-style-connect]
old-style-connect/main.cpp:318:9: warning: Old Style Connect [-Wclazy-old-style-connect]
old-style-connect/main.cpp:319:9: warning: Old Style Connect [-Wclazy-old-style-connect]
old-style-connect/main.cpp:320:9: warning: Old Style Connect [-Wclazy-old-style-connect]
old-style-connect/main.cpp:321:9: warning: Old Style Connect [-Wclazy-old-style-connect]
old-style-connect/main.cpp:322:9: warning: Old Style Connect [-Wclazy-old-style-connect]
old-style-connect/main.cpp:341:5: warning: Old Style Connect [-Wclazy-old-style-connect]
old-style-connect/main.cpp:341:43: warning: FixIt failed, requires manual intervention:  No such method foo in class QDBusInterface [-Wclazy-old-style-connect]
old-style-connect/main.cpp:365:5: warning: Old Style Connect [-Wclazy-old-style-connect]
old-style-connect/main.cpp:366:5: warning: Old Style Connect [-Wclazy-old-style-connect]
old-style-connect/main.cpp:372:5: warning: Old Style Connect [-Wclazy-old-style-connect]
old-style-connect/main.cpp:372:5: warning: FixIt failed, requires manual intervention:  Fix it not implemented for disconnect with 3 args [-Wclazy-old-style-connect]
old-style-connect/main.cpp:379:5: warning: Old Style Connect [-Wclazy-old-style-connect]
old-style-connect/main.cpp:383:5: warning: Old Style Connect [-Wclazy-old-style-connect]
old-style-connect/main.cpp:383:5: warning: FixIt failed, requires manual intervention:  Fix it not implemented for QMessageBox::open() [-Wclazy-old-style-connect]
