old-style-connect/port_qsignalspy.cpp:14:20: warning: Old Style Connect [-Wclazy-old-style-connect]
old-style-connect/port_qsignalspy.cpp:18:20: warning: Old Style Connect [-Wclazy-old-style-connect]
old-style-connect/port_qsignalspy.cpp:22:20: warning: Old Style Connect [-Wclazy-old-style-connect]
old-style-connect/port_qsignalspy.cpp:22:44: warning: FixIt failed, requires manual intervention:  Too many overloads (2) for method activated for record QComboBox [-Wclazy-old-style-connect]
old-style-connect/port_qsignalspy.cpp:24:20: warning: Old Style Connect [-Wclazy-old-style-connect]
old-style-connect/port_qsignalspy.cpp:24:47: warning: FixIt failed, requires manual intervention:  Too many overloads (2) for method activated for record QComboBox [-Wclazy-old-style-connect]
