#include <QtCore/QObject>
#include <QtWidgets/QLineEdit>
#include <QtWidgets/QComboBox>
#include <QtTest/QSignalSpy>
#include <QtTest/QTest>

class MyObj : public QObject
{
    Q_OBJECT
private Q_SLOTS:
    void testMethod()
    {
        QObject *obj = new QObject;
        QSignalSpy destroyedSpy(obj, &QObject::destroyed); // Warn
        QVERIFY(destroyedSpy.isValid());

        QLineEdit lineEdit;
        QSignalSpy textChangedSpy(&lineEdit, &QLineEdit::textChanged); // Warn
        QVERIFY(textChangedSpy.isValid());

        QComboBox combo;
        QSignalSpy activatedIntSpy(&combo, SIGNAL(activated(int))); // Warn
        QVERIFY(activatedIntSpy.isValid());
        QSignalSpy activatedStringSpy(&combo, SIGNAL(activated(QString))); // Warn
        QVERIFY(activatedStringSpy.isValid());
    }
};

int main() { return 0; }
