old-style-connect/q_private_slot.cpp:8:9: warning: Old Style Connect [-Wclazy-old-style-connect]
old-style-connect/q_private_slot.cpp:8:44: warning: FixIt failed, requires manual intervention:  Converting Q_PRIVATE_SLOTS not implemented yet
old-style-connect/q_private_slot.cpp:9:9: warning: Old Style Connect [-Wclazy-old-style-connect]
old-style-connect/q_private_slot.cpp:9:50: warning: FixIt failed, requires manual intervention:  Converting Q_PRIVATE_SLOTS not implemented yet
old-style-connect/q_private_slot.cpp:10:9: warning: Old Style Connect [-Wclazy-old-style-connect]
old-style-connect/q_private_slot.cpp:10:50: warning: FixIt failed, requires manual intervention:  Can't fix. SLOT macro used but method privSlot2 is a signal [-Wclazy-old-style-connect]
old-style-connect/q_private_slot.cpp:26:9: warning: Old Style Connect [-Wclazy-old-style-connect]
old-style-connect/q_private_slot.cpp:26:44: warning: FixIt failed, requires manual intervention:  Converting Q_PRIVATE_SLOTS not implemented yet
old-style-connect/q_private_slot.cpp:27:9: warning: Old Style Connect [-Wclazy-old-style-connect]
old-style-connect/q_private_slot.cpp:27:47: warning: FixIt failed, requires manual intervention:  Converting Q_PRIVATE_SLOTS not implemented yet
old-style-connect/q_private_slot.cpp:29:9: warning: Old Style Connect [-Wclazy-old-style-connect]
old-style-connect/q_private_slot.cpp:29:48: warning: FixIt failed, requires manual intervention:  Converting Q_PRIVATE_SLOTS not implemented yet
old-style-connect/q_private_slot.cpp:44:5: warning: Old Style Connect [-Wclazy-old-style-connect]
old-style-connect/q_private_slot.cpp:44:44: warning: FixIt failed, requires manual intervention:  Converting Q_PRIVATE_SLOTS not implemented yet
old-style-connect/q_private_slot.cpp:45:5: warning: Old Style Connect [-Wclazy-old-style-connect]
old-style-connect/q_private_slot.cpp:45:23: warning: FixIt failed, requires manual intervention:  No such method doesnt_exist in class QObject [-Wclazy-old-style-connect]
