main.cpp:22:5: warning: Old Style Connect [-Wclazy-old-style-connect]
main.cpp:23:5: warning: Old Style Connect [-Wclazy-old-style-connect]
main.cpp:24:5: warning: Old Style Connect [-Wclazy-old-style-connect]
main.cpp:25:5: warning: Old Style Connect [-Wclazy-old-style-connect]
main.cpp:26:5: warning: Old Style Connect [-Wclazy-old-style-connect]
main.cpp:32:5: warning: Old Style Connect [-Wclazy-old-style-connect]
main.cpp:35:5: warning: Old Style Connect [-Wclazy-old-style-connect]
main.cpp:42:5: warning: Old Style Connect [-Wclazy-old-style-connect]
main.cpp:51:9: warning: Old Style Connect [-Wclazy-old-style-connect]
main.cpp:52:9: warning: Old Style Connect [-Wclazy-old-style-connect]
main.cpp:59:5: warning: Old Style Connect [-Wclazy-old-style-connect]
main.cpp:60:5: warning: Old Style Connect [-Wclazy-old-style-connect]
main.cpp:61:5: warning: Old Style Connect [-Wclazy-old-style-connect]
main.cpp:76:5: warning: Old Style Connect [-Wclazy-old-style-connect]
main.cpp:97:9: warning: Old Style Connect [-Wclazy-old-style-connect]
main.cpp:98:9: warning: Old Style Connect [-Wclazy-old-style-connect]
main.cpp:99:9: warning: Old Style Connect [-Wclazy-old-style-connect]
main.cpp:100:9: warning: Old Style Connect [-Wclazy-old-style-connect]
main.cpp:113:6: warning: Old Style Connect [-Wclazy-old-style-connect]
namespaces.cpp:31:5: warning: Old Style Connect [-Wclazy-old-style-connect]
namespaces.cpp:32:5: warning: Old Style Connect [-Wclazy-old-style-connect]
q_private_slot.cpp:8:9: warning: Old Style Connect [-Wclazy-old-style-connect]
q_private_slot.cpp:9:9: warning: Old Style Connect [-Wclazy-old-style-connect]
q_private_slot.cpp:22:9: warning: Old Style Connect [-Wclazy-old-style-connect]
q_private_slot.cpp:23:9: warning: Old Style Connect [-Wclazy-old-style-connect]
q_private_slot.cpp:25:9: warning: Old Style Connect [-Wclazy-old-style-connect]
q_private_slot.cpp:39:5: warning: Old Style Connect [-Wclazy-old-style-connect]
usingnamespace.cpp:23:5: warning: Old Style Connect [-Wclazy-old-style-connect]
