main.cpp:33:5: warning: Old Style Connect [-Wclazy-old-style-connect]
main.cpp:34:5: warning: Old Style Connect [-Wclazy-old-style-connect]
main.cpp:35:5: warning: Old Style Connect [-Wclazy-old-style-connect]
main.cpp:36:5: warning: Old Style Connect [-Wclazy-old-style-connect]
main.cpp:37:5: warning: Old Style Connect [-Wclazy-old-style-connect]
main.cpp:43:5: warning: Old Style Connect [-Wclazy-old-style-connect]
main.cpp:46:5: warning: Old Style Connect [-Wclazy-old-style-connect]
main.cpp:53:5: warning: Old Style Connect [-Wclazy-old-style-connect]
main.cpp:62:9: warning: Old Style Connect [-Wclazy-old-style-connect]
main.cpp:63:9: warning: Old Style Connect [-Wclazy-old-style-connect]
main.cpp:70:5: warning: Old Style Connect [-Wclazy-old-style-connect]
main.cpp:71:5: warning: Old Style Connect [-Wclazy-old-style-connect]
main.cpp:72:5: warning: Old Style Connect [-Wclazy-old-style-connect]
main.cpp:87:5: warning: Old Style Connect [-Wclazy-old-style-connect]
main.cpp:108:9: warning: Old Style Connect [-Wclazy-old-style-connect]
main.cpp:109:9: warning: Old Style Connect [-Wclazy-old-style-connect]
main.cpp:110:9: warning: Old Style Connect [-Wclazy-old-style-connect]
main.cpp:111:9: warning: Old Style Connect [-Wclazy-old-style-connect]
main.cpp:124:6: warning: Old Style Connect [-Wclazy-old-style-connect]
main.cpp:142:5: warning: Old Style Connect [-Wclazy-old-style-connect]
main.cpp:146:5: warning: Old Style Connect [-Wclazy-old-style-connect]
main.cpp:155:9: warning: Old Style Connect [-Wclazy-old-style-connect]
main.cpp:156:9: warning: Old Style Connect [-Wclazy-old-style-connect]
main.cpp:157:9: warning: Old Style Connect [-Wclazy-old-style-connect]
main.cpp:158:9: warning: Old Style Connect [-Wclazy-old-style-connect]
main.cpp:185:9: warning: Old Style Connect [-Wclazy-old-style-connect]
namespaces.cpp:31:5: warning: Old Style Connect [-Wclazy-old-style-connect]
namespaces.cpp:32:5: warning: Old Style Connect [-Wclazy-old-style-connect]
q_private_slot.cpp:8:9: warning: Old Style Connect [-Wclazy-old-style-connect]
q_private_slot.cpp:9:9: warning: Old Style Connect [-Wclazy-old-style-connect]
q_private_slot.cpp:22:9: warning: Old Style Connect [-Wclazy-old-style-connect]
q_private_slot.cpp:23:9: warning: Old Style Connect [-Wclazy-old-style-connect]
q_private_slot.cpp:25:9: warning: Old Style Connect [-Wclazy-old-style-connect]
q_private_slot.cpp:39:5: warning: Old Style Connect [-Wclazy-old-style-connect]
usingnamespace.cpp:23:5: warning: Old Style Connect [-Wclazy-old-style-connect]
