lambda-unique-connection/main.cpp:8:55: warning: UniqueConnection is not supported with non-member functions [-Wclazy-lambda-unique-connection]
lambda-unique-connection/main.cpp:9:55: warning: UniqueConnection is not supported with non-member functions [-Wclazy-lambda-unique-connection]
lambda-unique-connection/main.cpp:12:55: warning: UniqueConnection is not supported with non-member functions [-Wclazy-lambda-unique-connection]
lambda-unique-connection/main.cpp:13:61: warning: UniqueConnection is not supported with non-member functions [-Wclazy-lambda-unique-connection]
