modernize-overloaded-signals/slots.cpp:27:5: warning: Unneeded qOverload [-Wclazy-modernize-overloaded-signals]
modernize-overloaded-signals/slots.cpp:28:5: warning: Unneeded QOverload::of [-Wclazy-modernize-overloaded-signals]
modernize-overloaded-signals/slots.cpp:29:5: warning: Unneeded QOverload::of [-Wclazy-modernize-overloaded-signals]
modernize-overloaded-signals/slots.cpp:30:5: warning: Unneeded qOverload [-Wclazy-modernize-overloaded-signals]
modernize-overloaded-signals/slots.cpp:31:5: warning: Unneeded QOverload::of [-Wclazy-modernize-overloaded-signals]
modernize-overloaded-signals/slots.cpp:32:5: warning: Unneeded QOverload::of [-Wclazy-modernize-overloaded-signals]
modernize-overloaded-signals/slots.cpp:35:5: warning: Use more concise qOverload [-Wclazy-modernize-overloaded-signals]
modernize-overloaded-signals/slots.cpp:36:5: warning: Use more concise qOverload [-Wclazy-modernize-overloaded-signals]
modernize-overloaded-signals/slots.cpp:37:5: warning: Unneeded QOverload::of [-Wclazy-modernize-overloaded-signals]
modernize-overloaded-signals/slots.cpp:46:5: warning: Unneeded QOverload::of [-Wclazy-modernize-overloaded-signals]
