qt6-deprecated-api-fixes/main.cpp:27:22: warning: ISO C++11 does not allow conversion from string literal to 'char *' [-Wwritable-strings]
qt6-deprecated-api-fixes/main.cpp:156:35: warning: non-void function does not return a value [-Wreturn-type]
qt6-deprecated-api-fixes/main.cpp:18:9: warning:  function setPath() has to be used in Qt6 [-Wclazy-qt6-deprecated-api-fixes]
qt6-deprecated-api-fixes/main.cpp:21:10: warning:  function setPath() has to be used in Qt6 [-Wclazy-qt6-deprecated-api-fixes]
qt6-deprecated-api-fixes/main.cpp:24:10: warning:  function setPath() has to be used in Qt6 [-Wclazy-qt6-deprecated-api-fixes]
qt6-deprecated-api-fixes/main.cpp:28:10: warning:  function setPath() has to be used in Qt6 [-Wclazy-qt6-deprecated-api-fixes]
qt6-deprecated-api-fixes/main.cpp:32:10: warning:  function setPath() has to be used in Qt6 [-Wclazy-qt6-deprecated-api-fixes]
qt6-deprecated-api-fixes/main.cpp:35:10: warning:  function setPath() has to be used in Qt6 [-Wclazy-qt6-deprecated-api-fixes]
qt6-deprecated-api-fixes/main.cpp:38:11: warning:  function setPath() has to be used in Qt6 [-Wclazy-qt6-deprecated-api-fixes]
qt6-deprecated-api-fixes/main.cpp:40:5: warning: call function QDir::addResourceSearchPath(). Use function QDir::addSearchPath() with prefix instead [-Wclazy-qt6-deprecated-api-fixes]
qt6-deprecated-api-fixes/main.cpp:41:10: warning: call function QDir::addResourceSearchPath(). Use function QDir::addSearchPath() with prefix instead [-Wclazy-qt6-deprecated-api-fixes]
qt6-deprecated-api-fixes/main.cpp:44:7: warning: Use QMultiMap for maps storing multiple values with the same key. [-Wclazy-qt6-deprecated-api-fixes]
qt6-deprecated-api-fixes/main.cpp:45:30: warning: Use QMultiMap for maps storing multiple values with the same key. [-Wclazy-qt6-deprecated-api-fixes]
qt6-deprecated-api-fixes/main.cpp:46:30: warning: Use QMultiMap for maps storing multiple values with the same key. [-Wclazy-qt6-deprecated-api-fixes]
qt6-deprecated-api-fixes/main.cpp:48:7: warning: Use QMultiMap for maps storing multiple values with the same key. [-Wclazy-qt6-deprecated-api-fixes]
qt6-deprecated-api-fixes/main.cpp:51:8: warning: call function QProcess::start(). Use function QProcess::startCommand() instead [-Wclazy-qt6-deprecated-api-fixes]
qt6-deprecated-api-fixes/main.cpp:52:8: warning: call function QProcess::execute(). Use function QProcess::executeCommand() instead [-Wclazy-qt6-deprecated-api-fixes]
qt6-deprecated-api-fixes/main.cpp:53:8: warning: call function QProcess::startDetached(). Use function QProcess::startDetachedCommand() instead [-Wclazy-qt6-deprecated-api-fixes]
qt6-deprecated-api-fixes/main.cpp:56:22: warning: call function QRessource::isCompressed(). Use function QProcess::compressionAlgorithm() instead. [-Wclazy-qt6-deprecated-api-fixes]
qt6-deprecated-api-fixes/main.cpp:59:23: warning: call Qt::MatchRegExp. Use Qt::MatchRegularExpression instead. [-Wclazy-qt6-deprecated-api-fixes]
qt6-deprecated-api-fixes/main.cpp:63:24: warning: call function QTextStream::endl. Use function Qt::endl instead [-Wclazy-qt6-deprecated-api-fixes]
qt6-deprecated-api-fixes/main.cpp:64:12: warning: call function QTextStream::hex. Use function Qt::hex instead [-Wclazy-qt6-deprecated-api-fixes]
qt6-deprecated-api-fixes/main.cpp:64:19: warning: call function QTextStream::endl. Use function Qt::endl instead [-Wclazy-qt6-deprecated-api-fixes]
qt6-deprecated-api-fixes/main.cpp:68:48: warning: Use Qt::SplitBehavior variant instead [-Wclazy-qt6-deprecated-api-fixes]
qt6-deprecated-api-fixes/main.cpp:73:5: warning: QSet iterator categories changed from bidirectional to forward. Please port your code manually [-Wclazy-qt6-deprecated-api-fixes]
qt6-deprecated-api-fixes/main.cpp:74:12: warning: QSet iterator categories changed from bidirectional to forward. Please port your code manually [-Wclazy-qt6-deprecated-api-fixes]
qt6-deprecated-api-fixes/main.cpp:75:12: warning: QSet iterator categories changed from bidirectional to forward. Please port your code manually [-Wclazy-qt6-deprecated-api-fixes]
qt6-deprecated-api-fixes/main.cpp:76:12: warning: QSet iterator categories changed from bidirectional to forward. Please port your code manually [-Wclazy-qt6-deprecated-api-fixes]
qt6-deprecated-api-fixes/main.cpp:77:12: warning: QSet iterator categories changed from bidirectional to forward. Please port your code manually [-Wclazy-qt6-deprecated-api-fixes]
qt6-deprecated-api-fixes/main.cpp:79:13: warning: QSet iterator categories changed from bidirectional to forward. Please port your code manually [-Wclazy-qt6-deprecated-api-fixes]
qt6-deprecated-api-fixes/main.cpp:80:13: warning: QSet iterator categories changed from bidirectional to forward. Please port your code manually [-Wclazy-qt6-deprecated-api-fixes]
qt6-deprecated-api-fixes/main.cpp:81:13: warning: QSet iterator categories changed from bidirectional to forward. Please port your code manually [-Wclazy-qt6-deprecated-api-fixes]
qt6-deprecated-api-fixes/main.cpp:82:13: warning: QSet iterator categories changed from bidirectional to forward. Please port your code manually [-Wclazy-qt6-deprecated-api-fixes]
qt6-deprecated-api-fixes/main.cpp:85:7: warning: QSet iterator categories changed from bidirectional to forward. Please port your code manually [-Wclazy-qt6-deprecated-api-fixes]
qt6-deprecated-api-fixes/main.cpp:86:7: warning: QSet iterator categories changed from bidirectional to forward. Please port your code manually [-Wclazy-qt6-deprecated-api-fixes]
qt6-deprecated-api-fixes/main.cpp:87:7: warning: QSet iterator categories changed from bidirectional to forward. Please port your code manually [-Wclazy-qt6-deprecated-api-fixes]
qt6-deprecated-api-fixes/main.cpp:88:7: warning: QSet iterator categories changed from bidirectional to forward. Please port your code manually [-Wclazy-qt6-deprecated-api-fixes]
qt6-deprecated-api-fixes/main.cpp:92:7: warning: QSet iterator categories changed from bidirectional to forward. Please port your code manually [-Wclazy-qt6-deprecated-api-fixes]
qt6-deprecated-api-fixes/main.cpp:93:7: warning: QSet iterator categories changed from bidirectional to forward. Please port your code manually [-Wclazy-qt6-deprecated-api-fixes]
qt6-deprecated-api-fixes/main.cpp:94:7: warning: QSet iterator categories changed from bidirectional to forward. Please port your code manually [-Wclazy-qt6-deprecated-api-fixes]
qt6-deprecated-api-fixes/main.cpp:95:7: warning: QSet iterator categories changed from bidirectional to forward. Please port your code manually [-Wclazy-qt6-deprecated-api-fixes]
qt6-deprecated-api-fixes/main.cpp:101:12: warning: call function QSignalMapper::mapped(int). Use function QSignalMapper::mappedInt(int) instead. [-Wclazy-qt6-deprecated-api-fixes]
qt6-deprecated-api-fixes/main.cpp:102:12: warning: call function QSignalMapper::mapped(int). Use function QSignalMapper::mappedInt(int) instead. [-Wclazy-qt6-deprecated-api-fixes]
qt6-deprecated-api-fixes/main.cpp:103:12: warning: call function QSignalMapper::mapped(const QString &). Use function QSignalMapper::mappedString(const QString &) instead. [-Wclazy-qt6-deprecated-api-fixes]
qt6-deprecated-api-fixes/main.cpp:104:12: warning: call function QSignalMapper::mapped(const QString &). Use function QSignalMapper::mappedString(const QString &) instead. [-Wclazy-qt6-deprecated-api-fixes]
qt6-deprecated-api-fixes/main.cpp:105:12: warning: call function QSignalMapper::mapped(QWidget *). Use function QSignalMapper::mappedWidget(QWidget *) instead. [-Wclazy-qt6-deprecated-api-fixes]
qt6-deprecated-api-fixes/main.cpp:106:12: warning: call function QSignalMapper::mapped(QObject *). Use function QSignalMapper::mappedObject(QObject *) instead. [-Wclazy-qt6-deprecated-api-fixes]
qt6-deprecated-api-fixes/main.cpp:111:5: warning: QHash iterator categories changed from bidirectional to forward. Please port your code manually [-Wclazy-qt6-deprecated-api-fixes]
qt6-deprecated-api-fixes/main.cpp:112:13: warning: QHash iterator categories changed from bidirectional to forward. Please port your code manually [-Wclazy-qt6-deprecated-api-fixes]
qt6-deprecated-api-fixes/main.cpp:113:13: warning: QHash iterator categories changed from bidirectional to forward. Please port your code manually [-Wclazy-qt6-deprecated-api-fixes]
qt6-deprecated-api-fixes/main.cpp:114:13: warning: QHash iterator categories changed from bidirectional to forward. Please port your code manually [-Wclazy-qt6-deprecated-api-fixes]
qt6-deprecated-api-fixes/main.cpp:115:13: warning: QHash iterator categories changed from bidirectional to forward. Please port your code manually [-Wclazy-qt6-deprecated-api-fixes]
qt6-deprecated-api-fixes/main.cpp:117:14: warning: QHash iterator categories changed from bidirectional to forward. Please port your code manually [-Wclazy-qt6-deprecated-api-fixes]
qt6-deprecated-api-fixes/main.cpp:118:14: warning: QHash iterator categories changed from bidirectional to forward. Please port your code manually [-Wclazy-qt6-deprecated-api-fixes]
qt6-deprecated-api-fixes/main.cpp:119:14: warning: QHash iterator categories changed from bidirectional to forward. Please port your code manually [-Wclazy-qt6-deprecated-api-fixes]
qt6-deprecated-api-fixes/main.cpp:120:14: warning: QHash iterator categories changed from bidirectional to forward. Please port your code manually [-Wclazy-qt6-deprecated-api-fixes]
qt6-deprecated-api-fixes/main.cpp:123:8: warning: QHash iterator categories changed from bidirectional to forward. Please port your code manually [-Wclazy-qt6-deprecated-api-fixes]
qt6-deprecated-api-fixes/main.cpp:124:8: warning: QHash iterator categories changed from bidirectional to forward. Please port your code manually [-Wclazy-qt6-deprecated-api-fixes]
qt6-deprecated-api-fixes/main.cpp:125:8: warning: QHash iterator categories changed from bidirectional to forward. Please port your code manually [-Wclazy-qt6-deprecated-api-fixes]
qt6-deprecated-api-fixes/main.cpp:126:8: warning: QHash iterator categories changed from bidirectional to forward. Please port your code manually [-Wclazy-qt6-deprecated-api-fixes]
qt6-deprecated-api-fixes/main.cpp:128:5: warning: Using QLinkedList. Use std::list instead [-Wclazy-qt6-deprecated-api-fixes]
qt6-deprecated-api-fixes/main.cpp:130:5: warning: use QRandomGenerator instead [-Wclazy-qt6-deprecated-api-fixes]
qt6-deprecated-api-fixes/main.cpp:131:5: warning: use QRandomGenerator instead [-Wclazy-qt6-deprecated-api-fixes]
qt6-deprecated-api-fixes/main.cpp:134:14: warning: call QTimeLine::setCurveShape. Use QTimeLine::setEasingCurve instead [-Wclazy-qt6-deprecated-api-fixes]
qt6-deprecated-api-fixes/main.cpp:135:14: warning: call QTimeLine::curveShape. Use QTimeLine::easingCurve instead [-Wclazy-qt6-deprecated-api-fixes]
qt6-deprecated-api-fixes/main.cpp:140:47: warning: replacing with function omitting the calendar. Change manually and use QLocale if you want to keep the calendar. [-Wclazy-qt6-deprecated-api-fixes]
qt6-deprecated-api-fixes/main.cpp:142:28: warning: deprecated constructor. Use QDate::startOfDay() instead. [-Wclazy-qt6-deprecated-api-fixes]
qt6-deprecated-api-fixes/main.cpp:143:18: warning: deprecated constructor. Use QDate::startOfDay() instead. [-Wclazy-qt6-deprecated-api-fixes]
qt6-deprecated-api-fixes/main.cpp:148:24: warning:  operator does not exist in Qt6. Using QVariant::compare() instead [-Wclazy-qt6-deprecated-api-fixes]
qt6-deprecated-api-fixes/main.cpp:149:24: warning:  operator does not exist in Qt6. Using QVariant::compare() instead [-Wclazy-qt6-deprecated-api-fixes]
qt6-deprecated-api-fixes/main.cpp:150:25: warning:  operator does not exist in Qt6. Using QVariant::compare() instead [-Wclazy-qt6-deprecated-api-fixes]
qt6-deprecated-api-fixes/main.cpp:151:25: warning:  operator does not exist in Qt6. Using QVariant::compare() instead [-Wclazy-qt6-deprecated-api-fixes]
qt6-deprecated-api-fixes/main.cpp:155:16: warning: Using QLinkedList. Use std::list instead [-Wclazy-qt6-deprecated-api-fixes]
qt6-deprecated-api-fixes/main.cpp:156:1: warning: Using QLinkedList. Use std::list instead [-Wclazy-qt6-deprecated-api-fixes]
qt6-deprecated-api-fixes/main.cpp:161:6: warning: Using QLinkedList. Use std::list instead [-Wclazy-qt6-deprecated-api-fixes]
qt6-deprecated-api-fixes/main.cpp:162:23: warning: Using QLinkedList. Use std::list instead [-Wclazy-qt6-deprecated-api-fixes]
qt6-deprecated-api-fixes/main.cpp:168:27: warning: call Qt::MatchRegExp. Use Qt::MatchRegularExpression instead. [-Wclazy-qt6-deprecated-api-fixes]
qt6-deprecated-api-fixes/main.cpp:171:28: warning: call function QTextStream::endl. Use function Qt::endl instead [-Wclazy-qt6-deprecated-api-fixes]
qt6-deprecated-api-fixes/main.cpp:172:16: warning: call function QTextStream::hex. Use function Qt::hex instead [-Wclazy-qt6-deprecated-api-fixes]
qt6-deprecated-api-fixes/main.cpp:172:45: warning: call function QTextStream::endl. Use function Qt::endl instead [-Wclazy-qt6-deprecated-api-fixes]
qt6-deprecated-api-fixes/main.cpp:176:52: warning: Use Qt::SplitBehavior variant instead [-Wclazy-qt6-deprecated-api-fixes]
