qt6-deprecated-api-fixes/main.cpp:24:22: warning: ISO C++11 does not allow conversion from string literal to 'char *' [-Wwritable-strings]
qt6-deprecated-api-fixes/main.cpp:127:35: warning: non-void function does not return a value [-Wreturn-type]
qt6-deprecated-api-fixes/main.cpp:15:9: warning:  function setPath() has to be used in Qt6 [-Wclazy-qt6-deprecated-api-fixes]
qt6-deprecated-api-fixes/main.cpp:18:10: warning:  function setPath() has to be used in Qt6 [-Wclazy-qt6-deprecated-api-fixes]
qt6-deprecated-api-fixes/main.cpp:21:10: warning:  function setPath() has to be used in Qt6 [-Wclazy-qt6-deprecated-api-fixes]
qt6-deprecated-api-fixes/main.cpp:25:10: warning:  function setPath() has to be used in Qt6 [-Wclazy-qt6-deprecated-api-fixes]
qt6-deprecated-api-fixes/main.cpp:29:10: warning:  function setPath() has to be used in Qt6 [-Wclazy-qt6-deprecated-api-fixes]
qt6-deprecated-api-fixes/main.cpp:32:10: warning:  function setPath() has to be used in Qt6 [-Wclazy-qt6-deprecated-api-fixes]
qt6-deprecated-api-fixes/main.cpp:34:5: warning: call function QDir::addResourceSearchPath(). Use function QDir::addSearchPath() with prefix instead [-Wclazy-qt6-deprecated-api-fixes]
qt6-deprecated-api-fixes/main.cpp:35:10: warning: call function QDir::addResourceSearchPath(). Use function QDir::addSearchPath() with prefix instead [-Wclazy-qt6-deprecated-api-fixes]
qt6-deprecated-api-fixes/main.cpp:38:7: warning: Use QMultiMap for maps storing multiple values with the same key. [-Wclazy-qt6-deprecated-api-fixes]
qt6-deprecated-api-fixes/main.cpp:39:30: warning: Use QMultiMap for maps storing multiple values with the same key. [-Wclazy-qt6-deprecated-api-fixes]
qt6-deprecated-api-fixes/main.cpp:40:30: warning: Use QMultiMap for maps storing multiple values with the same key. [-Wclazy-qt6-deprecated-api-fixes]
qt6-deprecated-api-fixes/main.cpp:42:7: warning: Use QMultiMap for maps storing multiple values with the same key. [-Wclazy-qt6-deprecated-api-fixes]
qt6-deprecated-api-fixes/main.cpp:45:8: warning: call function QProcess::start(). Use function QProcess::startCommand() instead [-Wclazy-qt6-deprecated-api-fixes]
qt6-deprecated-api-fixes/main.cpp:46:8: warning: call function QProcess::execute(). Use function QProcess::executeCommand() instead [-Wclazy-qt6-deprecated-api-fixes]
qt6-deprecated-api-fixes/main.cpp:47:8: warning: call function QProcess::startDetached(). Use function QProcess::startDetachedCommand() instead [-Wclazy-qt6-deprecated-api-fixes]
qt6-deprecated-api-fixes/main.cpp:50:22: warning: call function QRessource::isCompressed(). Use function QProcess::compressionAlgorithm() instead. [-Wclazy-qt6-deprecated-api-fixes]
qt6-deprecated-api-fixes/main.cpp:53:23: warning: call Qt::MatchRegExp. Use Qt::MatchRegularExpression instead. [-Wclazy-qt6-deprecated-api-fixes]
qt6-deprecated-api-fixes/main.cpp:57:24: warning: call function QTextStream::endl. Use function Qt::endl instead [-Wclazy-qt6-deprecated-api-fixes]
qt6-deprecated-api-fixes/main.cpp:58:12: warning: call function QTextStream::hex. Use function Qt::hex instead [-Wclazy-qt6-deprecated-api-fixes]
qt6-deprecated-api-fixes/main.cpp:58:19: warning: call function QTextStream::endl. Use function Qt::endl instead [-Wclazy-qt6-deprecated-api-fixes]
qt6-deprecated-api-fixes/main.cpp:62:48: warning: Use Qt::SplitBehavior variant instead [-Wclazy-qt6-deprecated-api-fixes]
qt6-deprecated-api-fixes/main.cpp:67:5: warning: QSet iterator categories changed from bidirectional to forward. Please port your code manually [-Wclazy-qt6-deprecated-api-fixes]
qt6-deprecated-api-fixes/main.cpp:68:12: warning: QSet iterator categories changed from bidirectional to forward. Please port your code manually [-Wclazy-qt6-deprecated-api-fixes]
qt6-deprecated-api-fixes/main.cpp:69:12: warning: QSet iterator categories changed from bidirectional to forward. Please port your code manually [-Wclazy-qt6-deprecated-api-fixes]
qt6-deprecated-api-fixes/main.cpp:70:12: warning: QSet iterator categories changed from bidirectional to forward. Please port your code manually [-Wclazy-qt6-deprecated-api-fixes]
qt6-deprecated-api-fixes/main.cpp:71:12: warning: QSet iterator categories changed from bidirectional to forward. Please port your code manually [-Wclazy-qt6-deprecated-api-fixes]
qt6-deprecated-api-fixes/main.cpp:73:13: warning: QSet iterator categories changed from bidirectional to forward. Please port your code manually [-Wclazy-qt6-deprecated-api-fixes]
qt6-deprecated-api-fixes/main.cpp:74:13: warning: QSet iterator categories changed from bidirectional to forward. Please port your code manually [-Wclazy-qt6-deprecated-api-fixes]
qt6-deprecated-api-fixes/main.cpp:75:13: warning: QSet iterator categories changed from bidirectional to forward. Please port your code manually [-Wclazy-qt6-deprecated-api-fixes]
qt6-deprecated-api-fixes/main.cpp:76:13: warning: QSet iterator categories changed from bidirectional to forward. Please port your code manually [-Wclazy-qt6-deprecated-api-fixes]
qt6-deprecated-api-fixes/main.cpp:79:7: warning: QSet iterator categories changed from bidirectional to forward. Please port your code manually [-Wclazy-qt6-deprecated-api-fixes]
qt6-deprecated-api-fixes/main.cpp:80:7: warning: QSet iterator categories changed from bidirectional to forward. Please port your code manually [-Wclazy-qt6-deprecated-api-fixes]
qt6-deprecated-api-fixes/main.cpp:81:7: warning: QSet iterator categories changed from bidirectional to forward. Please port your code manually [-Wclazy-qt6-deprecated-api-fixes]
qt6-deprecated-api-fixes/main.cpp:82:7: warning: QSet iterator categories changed from bidirectional to forward. Please port your code manually [-Wclazy-qt6-deprecated-api-fixes]
qt6-deprecated-api-fixes/main.cpp:86:7: warning: QSet iterator categories changed from bidirectional to forward. Please port your code manually [-Wclazy-qt6-deprecated-api-fixes]
qt6-deprecated-api-fixes/main.cpp:87:7: warning: QSet iterator categories changed from bidirectional to forward. Please port your code manually [-Wclazy-qt6-deprecated-api-fixes]
qt6-deprecated-api-fixes/main.cpp:88:7: warning: QSet iterator categories changed from bidirectional to forward. Please port your code manually [-Wclazy-qt6-deprecated-api-fixes]
qt6-deprecated-api-fixes/main.cpp:89:7: warning: QSet iterator categories changed from bidirectional to forward. Please port your code manually [-Wclazy-qt6-deprecated-api-fixes]
qt6-deprecated-api-fixes/main.cpp:95:12: warning: call function QSignalMapper::mapped(int). Use function QSignalMapper::mappedInt(int) instead. [-Wclazy-qt6-deprecated-api-fixes]
qt6-deprecated-api-fixes/main.cpp:96:12: warning: call function QSignalMapper::mapped(int). Use function QSignalMapper::mappedInt(int) instead. [-Wclazy-qt6-deprecated-api-fixes]
qt6-deprecated-api-fixes/main.cpp:97:12: warning: call function QSignalMapper::mapped(const QString &). Use function QSignalMapper::mappedString(const QString &) instead. [-Wclazy-qt6-deprecated-api-fixes]
qt6-deprecated-api-fixes/main.cpp:98:12: warning: call function QSignalMapper::mapped(const QString &). Use function QSignalMapper::mappedString(const QString &) instead. [-Wclazy-qt6-deprecated-api-fixes]
qt6-deprecated-api-fixes/main.cpp:99:12: warning: call function QSignalMapper::mapped(QWidget *). Use function QSignalMapper::mappedWidget(QWidget *) instead. [-Wclazy-qt6-deprecated-api-fixes]
qt6-deprecated-api-fixes/main.cpp:100:12: warning: call function QSignalMapper::mapped(QObject *). Use function QSignalMapper::mappedObject(QObject *) instead. [-Wclazy-qt6-deprecated-api-fixes]
qt6-deprecated-api-fixes/main.cpp:105:5: warning: QHash iterator categories changed from bidirectional to forward. Please port your code manually [-Wclazy-qt6-deprecated-api-fixes]
qt6-deprecated-api-fixes/main.cpp:106:13: warning: QHash iterator categories changed from bidirectional to forward. Please port your code manually [-Wclazy-qt6-deprecated-api-fixes]
qt6-deprecated-api-fixes/main.cpp:107:13: warning: QHash iterator categories changed from bidirectional to forward. Please port your code manually [-Wclazy-qt6-deprecated-api-fixes]
qt6-deprecated-api-fixes/main.cpp:108:13: warning: QHash iterator categories changed from bidirectional to forward. Please port your code manually [-Wclazy-qt6-deprecated-api-fixes]
qt6-deprecated-api-fixes/main.cpp:109:13: warning: QHash iterator categories changed from bidirectional to forward. Please port your code manually [-Wclazy-qt6-deprecated-api-fixes]
qt6-deprecated-api-fixes/main.cpp:111:14: warning: QHash iterator categories changed from bidirectional to forward. Please port your code manually [-Wclazy-qt6-deprecated-api-fixes]
qt6-deprecated-api-fixes/main.cpp:112:14: warning: QHash iterator categories changed from bidirectional to forward. Please port your code manually [-Wclazy-qt6-deprecated-api-fixes]
qt6-deprecated-api-fixes/main.cpp:113:14: warning: QHash iterator categories changed from bidirectional to forward. Please port your code manually [-Wclazy-qt6-deprecated-api-fixes]
qt6-deprecated-api-fixes/main.cpp:114:14: warning: QHash iterator categories changed from bidirectional to forward. Please port your code manually [-Wclazy-qt6-deprecated-api-fixes]
qt6-deprecated-api-fixes/main.cpp:117:8: warning: QHash iterator categories changed from bidirectional to forward. Please port your code manually [-Wclazy-qt6-deprecated-api-fixes]
qt6-deprecated-api-fixes/main.cpp:118:8: warning: QHash iterator categories changed from bidirectional to forward. Please port your code manually [-Wclazy-qt6-deprecated-api-fixes]
qt6-deprecated-api-fixes/main.cpp:119:8: warning: QHash iterator categories changed from bidirectional to forward. Please port your code manually [-Wclazy-qt6-deprecated-api-fixes]
qt6-deprecated-api-fixes/main.cpp:120:8: warning: QHash iterator categories changed from bidirectional to forward. Please port your code manually [-Wclazy-qt6-deprecated-api-fixes]
qt6-deprecated-api-fixes/main.cpp:122:5: warning: Using QLinkedList. Use std::list insteadVAR DECL [-Wclazy-qt6-deprecated-api-fixes]
qt6-deprecated-api-fixes/main.cpp:126:16: warning: Using QLinkedList. Use std::list insteadVAR DECL [-Wclazy-qt6-deprecated-api-fixes]
qt6-deprecated-api-fixes/main.cpp:127:1: warning: Using QLinkedList. Use std::list insteadFUNC DECL [-Wclazy-qt6-deprecated-api-fixes]
qt6-deprecated-api-fixes/main.cpp:132:6: warning: Using QLinkedList. Use std::list insteadFIELD DECL [-Wclazy-qt6-deprecated-api-fixes]
qt6-deprecated-api-fixes/main.cpp:133:23: warning: Using QLinkedList. Use std::list insteadVAR DECL [-Wclazy-qt6-deprecated-api-fixes]
qt6-deprecated-api-fixes/main.cpp:139:27: warning: call Qt::MatchRegExp. Use Qt::MatchRegularExpression instead. [-Wclazy-qt6-deprecated-api-fixes]
qt6-deprecated-api-fixes/main.cpp:142:28: warning: call function QTextStream::endl. Use function Qt::endl instead [-Wclazy-qt6-deprecated-api-fixes]
qt6-deprecated-api-fixes/main.cpp:143:16: warning: call function QTextStream::hex. Use function Qt::hex instead [-Wclazy-qt6-deprecated-api-fixes]
qt6-deprecated-api-fixes/main.cpp:143:45: warning: call function QTextStream::endl. Use function Qt::endl instead [-Wclazy-qt6-deprecated-api-fixes]
qt6-deprecated-api-fixes/main.cpp:147:52: warning: Use Qt::SplitBehavior variant instead [-Wclazy-qt6-deprecated-api-fixes]
