#include <QtCore/QTextStream>
#include <QtCore/QDir>
#include <QtCore/QHash>
#include <QtCore/QMap>
#include <QtCore/QProcess>
#include <QtCore/QResource>
#include <QtCore/QSet>
#include <QtCore/QSignalMapper>
#define MYSTRING "myDirPath"

void test()
{
    QDir dir;
    dir.setPath("myStuff");;

    QDir dir2;
    dir2 = MYSTRING;

    QDir dir3;
    dir3.setPath("myStuff");;

    QDir dir4;
    char *pathName = "myStuff";
    dir4.setPath(pathName);;

    QDir dir5;
    bool cond = true;
    dir5.setPath(cond ? "mystuff":"yourStuff");;

    QDir dir6;
    dir6.setPath(true ? (cond ? "path1":"path2"):(cond ? "path3":"path4"));;

    QDir::addResourceSearchPath("somePath1");
    dir6.addResourceSearchPath("somePath2");

    QMap<QString, QString> m;
    m.insertMulti("foo", "bar");
    QList<QString> m_keys= m.uniqueKeys();
    QList<QString> m_list= m.values();
    QMap<QString, QString> mm;
    m.unite(mm);

    QProcess pp;
    pp.startCommand("stringContainingACommandWithArguments");
    pp.executeCommand("stringContainingACommandWithArguments");
    pp.startDetachedCommand("stringContainingACommandWithArguments");

    QResource rr;
    bool a_bool = rr.compressionAlgorithm();

    uint matchtype = 4;
    if (matchtype ==  Qt::MatchRegularExpression)
        matchtype = 0;

    QTextStream out;
    out << "blabla" << Qt::endl;
    out << Qt::hex << Qt::endl;

    QString a_string = "eeoaaoii";
    QString sep = "o";
    QStringList my_list =  a_string.split(sep, Qt::KeepEmptyParts);

    QSet<QString> my_set;
    QSet<QString>::iterator it_set = my_set.begin();
    QSet<QString>::const_iterator cit_set = my_set.cbegin();
    --it_set;
    it_set + 1;
    it_set - 1;
    it_set += 1;
    it_set -= 1;
    ++it_set; //ok
    cit_set -= 2;
    cit_set += 1;
    cit_set + 1;
    cit_set - 1;

    QSetIterator<QString> i(my_set);
    i.hasPrevious();
    i.previous();
    i.peekPrevious();
    i.findPrevious(a_string);

    QSet<int> s;
    s << 1 << 17 << 61 << 127 << 911;
    s.rbegin();
    s.rend();
    s.crbegin();
    s.crend();

    int my_int = 2;
    QWidget* my_qwidget;
    QObject* my_qobject;
    QSignalMapper sigMap;
    sigMap.mappedInt(1);
    sigMap.mappedInt(my_int);
    sigMap.mappedString("astring");
    sigMap.mappedString(a_string);
    sigMap.mappedWidget(my_qwidget);
    sigMap.mappedObject(my_qobject);

    QHash<QString, QString> my_hash;
    QHash<QString, QString>::iterator it_hash = my_hash.begin();
    QHash<QString, QString>::const_iterator cit_hash = my_hash.cbegin();
    --it_hash;
    it_hash + 1;
    it_hash - 1;
    it_hash += 1;
    it_hash -= 1;
    ++it_hash; //ok
    cit_hash -= 2;
    cit_hash += 1;
    cit_hash + 1;
    cit_hash - 1;

    QHashIterator<QString, QString> ih(my_hash);
    ih.hasPrevious();
    ih.previous();
    ih.peekPrevious();
    ih.findPrevious(a_string);
}

namespace Qt {
    void test_1() {
        uint matchtype = 4;
        if (matchtype ==  MatchRegularExpression)
            matchtype = 0;
        QTextStream out;
        out << "blabla" << endl;
        out << hex << endl;

        QString a_string = "eeoaaoii";
        QString sep = "o";
        QStringList my_list =  a_string.split(sep, KeepEmptyParts);
    }
}

