qt6-deprecated-api-fixes/main.cpp:20:22: warning: ISO C++11 does not allow conversion from string literal to 'char *' [-Wwritable-strings]
qt6-deprecated-api-fixes/main.cpp:11:9: warning:  function setPath() has to be used in Qt6 [-Wclazy-qt6-deprecated-api-fixes]
qt6-deprecated-api-fixes/main.cpp:14:10: warning:  function setPath() has to be used in Qt6 [-Wclazy-qt6-deprecated-api-fixes]
qt6-deprecated-api-fixes/main.cpp:17:10: warning:  function setPath() has to be used in Qt6 [-Wclazy-qt6-deprecated-api-fixes]
qt6-deprecated-api-fixes/main.cpp:21:10: warning:  function setPath() has to be used in Qt6 [-Wclazy-qt6-deprecated-api-fixes]
qt6-deprecated-api-fixes/main.cpp:25:10: warning:  function setPath() has to be used in Qt6 [-Wclazy-qt6-deprecated-api-fixes]
qt6-deprecated-api-fixes/main.cpp:28:10: warning:  function setPath() has to be used in Qt6 [-Wclazy-qt6-deprecated-api-fixes]
qt6-deprecated-api-fixes/main.cpp:30:5: warning: call function QDir::addResourceSearchPath(). Use function QDir::addSearchPath() with prefix instead [-Wclazy-qt6-deprecated-api-fixes]
qt6-deprecated-api-fixes/main.cpp:31:10: warning: call function QDir::addResourceSearchPath(). Use function QDir::addSearchPath() with prefix instead [-Wclazy-qt6-deprecated-api-fixes]
qt6-deprecated-api-fixes/main.cpp:34:7: warning: Use QMultiMap for maps storing multiple values with the same key. [-Wclazy-qt6-deprecated-api-fixes]
qt6-deprecated-api-fixes/main.cpp:35:30: warning: Use QMultiMap for maps storing multiple values with the same key. [-Wclazy-qt6-deprecated-api-fixes]
qt6-deprecated-api-fixes/main.cpp:36:30: warning: Use QMultiMap for maps storing multiple values with the same key. [-Wclazy-qt6-deprecated-api-fixes]
qt6-deprecated-api-fixes/main.cpp:38:7: warning: Use QMultiMap for maps storing multiple values with the same key. [-Wclazy-qt6-deprecated-api-fixes]
qt6-deprecated-api-fixes/main.cpp:41:8: warning: call function QProcess::start(). Use function QProcess::startCommand() instead. [-Wclazy-qt6-deprecated-api-fixes]
qt6-deprecated-api-fixes/main.cpp:42:8: warning: call function QProcess::execute(). Use function QProcess::executeCommand() instead. [-Wclazy-qt6-deprecated-api-fixes]
qt6-deprecated-api-fixes/main.cpp:43:8: warning: call function QProcess::startDetached(). Use function QProcess::startDetachedCommand() instead. [-Wclazy-qt6-deprecated-api-fixes]
qt6-deprecated-api-fixes/main.cpp:46:22: warning: call function QRessource::isCompressed(). Use function QProcess::compressionAlgorithm() instead. [-Wclazy-qt6-deprecated-api-fixes]
qt6-deprecated-api-fixes/main.cpp:49:23: warning: call Qt::MatchRegExp. Use Qt::MatchRegularExpression instead. [-Wclazy-qt6-deprecated-api-fixes]
qt6-deprecated-api-fixes/main.cpp:53:24: warning: call function QTextStream::endlUse function Qt::endl instead [-Wclazy-qt6-deprecated-api-fixes]
qt6-deprecated-api-fixes/main.cpp:54:12: warning: call function QTextStream::hexUse function Qt::hex instead [-Wclazy-qt6-deprecated-api-fixes]
qt6-deprecated-api-fixes/main.cpp:54:19: warning: call function QTextStream::endlUse function Qt::endl instead [-Wclazy-qt6-deprecated-api-fixes]
qt6-deprecated-api-fixes/main.cpp:58:48: warning: Use Qt::SplitBehavior variant instead [-Wclazy-qt6-deprecated-api-fixes]
qt6-deprecated-api-fixes/main.cpp:64:27: warning: call Qt::MatchRegExp. Use Qt::MatchRegularExpression instead. [-Wclazy-qt6-deprecated-api-fixes]
qt6-deprecated-api-fixes/main.cpp:67:28: warning: call function QTextStream::endlUse function Qt::endl instead [-Wclazy-qt6-deprecated-api-fixes]
qt6-deprecated-api-fixes/main.cpp:68:16: warning: call function QTextStream::hexUse function Qt::hex instead [-Wclazy-qt6-deprecated-api-fixes]
qt6-deprecated-api-fixes/main.cpp:68:45: warning: call function QTextStream::endlUse function Qt::endl instead [-Wclazy-qt6-deprecated-api-fixes]
qt6-deprecated-api-fixes/main.cpp:72:52: warning: Use Qt::SplitBehavior variant instead [-Wclazy-qt6-deprecated-api-fixes]
