unused-non-trivial-variable/main.cpp:16:5: warning: unused QString s [-Wclazy-unused-non-trivial-variable]
unused-non-trivial-variable/main.cpp:19:5: warning: unused QString s2 [-Wclazy-unused-non-trivial-variable]
unused-non-trivial-variable/main.cpp:55:5: warning: unused QList<int> l [-Wclazy-unused-non-trivial-variable]
unused-non-trivial-variable/main.cpp:58:5: warning: unused QVector<int> v [-Wclazy-unused-non-trivial-variable]
unused-non-trivial-variable/main.cpp:61:5: warning: unused QByteArray b [-Wclazy-unused-non-trivial-variable]
unused-non-trivial-variable/main.cpp:64:5: warning: unused QRect r [-Wclazy-unused-non-trivial-variable]
unused-non-trivial-variable/main.cpp:67:5: warning: unused QJsonValue jsv [-Wclazy-unused-non-trivial-variable]
unused-non-trivial-variable/main.cpp:82:5: warning: unused MyWhitelistedType m [-Wclazy-unused-non-trivial-variable]
unused-non-trivial-variable/main.cpp:90:5: warning: unused QList<int> list2 [-Wclazy-unused-non-trivial-variable]
unused-non-trivial-variable/main.cpp:93:5: warning: unused QString str2 [-Wclazy-unused-non-trivial-variable]
unused-non-trivial-variable/main.cpp:105:5: warning: unused QList<QVector<int>> nested2 [-Wclazy-unused-non-trivial-variable]
unused-non-trivial-variable/main.cpp:108:5: warning: unused QVector<QString> vec2 [-Wclazy-unused-non-trivial-variable]
