qproperty-type-mismatch/main.cpp:53:5: warning: Q_PROPERTY 'r_bad' of type 'int' is mismatched with method 'r_bad' of return type 'float' [-Wclazy-qproperty-type-mismatch]
qproperty-type-mismatch/main.cpp:56:5: warning: Q_PROPERTY 'm_bad' of type 'int' is mismatched with member 'm_bad' of type 'float' [-Wclazy-qproperty-type-mismatch]
qproperty-type-mismatch/main.cpp:61:5: warning: Q_PROPERTY 'rw_bad' of type 'int' is mismatched with method 'rw_bad' of return type 'float' [-Wclazy-qproperty-type-mismatch]
qproperty-type-mismatch/main.cpp:62:5: warning: Q_PROPERTY 'rw_bad' of type 'int' is mismatched with method 'set_rw_bad' with parameter of type 'float' [-Wclazy-qproperty-type-mismatch]
qproperty-type-mismatch/main.cpp:67:5: warning: Q_PROPERTY 'rw_bad_cref' of type 'int' is mismatched with method 'rw_bad_cref' of return type 'float' [-Wclazy-qproperty-type-mismatch]
qproperty-type-mismatch/main.cpp:68:5: warning: Q_PROPERTY 'rw_bad_cref' of type 'int' is mismatched with method 'set_rw_bad_cref' with parameter of type 'float' [-Wclazy-qproperty-type-mismatch]
qproperty-type-mismatch/main.cpp:73:5: warning: Q_PROPERTY 'rw_bad_ptr' of type 'int*' is mismatched with method 'rw_bad_ptr' of return type 'float*' [-Wclazy-qproperty-type-mismatch]
qproperty-type-mismatch/main.cpp:74:5: warning: Q_PROPERTY 'rw_bad_ptr' of type 'int*' is mismatched with method 'set_rw_bad_ptr' with parameter of type 'float*' [-Wclazy-qproperty-type-mismatch]
qproperty-type-mismatch/main.cpp:92:5: warning: Q_PROPERTY 'rw_bad' of type 'int' is mismatched with signal 'rw_bad_changed' with parameter of type 'float' [-Wclazy-qproperty-type-mismatch]
qproperty-type-mismatch/main.cpp:94:5: warning: Q_PROPERTY 'rw_bad_cref' of type 'int' is mismatched with signal 'rw_bad_cref_changed' with parameter of type 'float' [-Wclazy-qproperty-type-mismatch]
qproperty-type-mismatch/main.cpp:96:5: warning: Q_PROPERTY 'rw_bad_ptr' of type 'int*' is mismatched with signal 'rw_bad_ptr_changed' with parameter of type 'float*' [-Wclazy-qproperty-type-mismatch]
qproperty-type-mismatch/main.cpp:107:5: warning: Q_PROPERTY 'bad' of type 'int' is mismatched with member 'bad' of type 'float' [-Wclazy-qproperty-type-mismatch]
