qproperty-type-mismatch/main.cpp:56:5: warning: Q_PROPERTY 'r_bad' of type 'int' is mismatched with method 'r_bad' of return type 'float' [-Wclazy-qproperty-type-mismatch]
qproperty-type-mismatch/main.cpp:59:5: warning: Q_PROPERTY 'm_bad' of type 'int' is mismatched with member 'm_bad' of type 'float' [-Wclazy-qproperty-type-mismatch]
qproperty-type-mismatch/main.cpp:64:5: warning: Q_PROPERTY 'rw_bad' of type 'int' is mismatched with method 'rw_bad' of return type 'float' [-Wclazy-qproperty-type-mismatch]
qproperty-type-mismatch/main.cpp:65:5: warning: Q_PROPERTY 'rw_bad' of type 'int' is mismatched with method 'set_rw_bad' with parameter of type 'float' [-Wclazy-qproperty-type-mismatch]
qproperty-type-mismatch/main.cpp:70:5: warning: Q_PROPERTY 'rw_bad_cref' of type 'int' is mismatched with method 'rw_bad_cref' of return type 'float' [-Wclazy-qproperty-type-mismatch]
qproperty-type-mismatch/main.cpp:71:5: warning: Q_PROPERTY 'rw_bad_cref' of type 'int' is mismatched with method 'set_rw_bad_cref' with parameter of type 'float' [-Wclazy-qproperty-type-mismatch]
qproperty-type-mismatch/main.cpp:76:5: warning: Q_PROPERTY 'rw_bad_ptr' of type 'int*' is mismatched with method 'rw_bad_ptr' of return type 'float*' [-Wclazy-qproperty-type-mismatch]
qproperty-type-mismatch/main.cpp:77:5: warning: Q_PROPERTY 'rw_bad_ptr' of type 'int*' is mismatched with method 'set_rw_bad_ptr' with parameter of type 'float*' [-Wclazy-qproperty-type-mismatch]
qproperty-type-mismatch/main.cpp:97:5: warning: Q_PROPERTY 'rw_bad' of type 'int' is mismatched with signal 'rw_bad_changed' with parameter of type 'float' [-Wclazy-qproperty-type-mismatch]
qproperty-type-mismatch/main.cpp:99:5: warning: Q_PROPERTY 'rw_bad_cref' of type 'int' is mismatched with signal 'rw_bad_cref_changed' with parameter of type 'float' [-Wclazy-qproperty-type-mismatch]
qproperty-type-mismatch/main.cpp:101:5: warning: Q_PROPERTY 'rw_bad_ptr' of type 'int*' is mismatched with signal 'rw_bad_ptr_changed' with parameter of type 'float*' [-Wclazy-qproperty-type-mismatch]
qproperty-type-mismatch/main.cpp:112:5: warning: Q_PROPERTY 'bad' of type 'int' is mismatched with member 'bad' of type 'float' [-Wclazy-qproperty-type-mismatch]
