qproperty-type-mismatch/main.cpp:70:5: warning: Q_PROPERTY 'r_bad' of type 'int' is mismatched with method 'r_bad' of return type 'float' [-Wclazy-qproperty-type-mismatch]
qproperty-type-mismatch/main.cpp:70:5: warning: Q_PROPERTY 'r_bad2' of type 'int' is mismatched with method 'r_bad' of return type 'float' [-Wclazy-qproperty-type-mismatch]
qproperty-type-mismatch/main.cpp:73:5: warning: Q_PROPERTY 'm_bad' of type 'int' is mismatched with member 'm_bad' of type 'float' [-Wclazy-qproperty-type-mismatch]
qproperty-type-mismatch/main.cpp:78:5: warning: Q_PROPERTY 'rw_bad' of type 'int' is mismatched with method 'rw_bad' of return type 'float' [-Wclazy-qproperty-type-mismatch]
qproperty-type-mismatch/main.cpp:79:5: warning: Q_PROPERTY 'rw_bad' of type 'int' is mismatched with method 'set_rw_bad' with parameter of type 'float' [-Wclazy-qproperty-type-mismatch]
qproperty-type-mismatch/main.cpp:84:5: warning: Q_PROPERTY 'rw_bad_cref' of type 'int' is mismatched with method 'rw_bad_cref' of return type 'float' [-Wclazy-qproperty-type-mismatch]
qproperty-type-mismatch/main.cpp:85:5: warning: Q_PROPERTY 'rw_bad_cref' of type 'int' is mismatched with method 'set_rw_bad_cref' with parameter of type 'float' [-Wclazy-qproperty-type-mismatch]
qproperty-type-mismatch/main.cpp:90:5: warning: Q_PROPERTY 'rw_bad_ptr' of type 'int*' is mismatched with method 'rw_bad_ptr' of return type 'float*' [-Wclazy-qproperty-type-mismatch]
qproperty-type-mismatch/main.cpp:91:5: warning: Q_PROPERTY 'rw_bad_ptr' of type 'int*' is mismatched with method 'set_rw_bad_ptr' with parameter of type 'float*' [-Wclazy-qproperty-type-mismatch]
qproperty-type-mismatch/main.cpp:111:5: warning: Q_PROPERTY 'rw_bad' of type 'int' is mismatched with signal 'rw_bad_changed' with parameter of type 'float' [-Wclazy-qproperty-type-mismatch]
qproperty-type-mismatch/main.cpp:113:5: warning: Q_PROPERTY 'rw_bad_cref' of type 'int' is mismatched with signal 'rw_bad_cref_changed' with parameter of type 'float' [-Wclazy-qproperty-type-mismatch]
qproperty-type-mismatch/main.cpp:115:5: warning: Q_PROPERTY 'rw_bad_ptr' of type 'int*' is mismatched with signal 'rw_bad_ptr_changed' with parameter of type 'float*' [-Wclazy-qproperty-type-mismatch]
qproperty-type-mismatch/main.cpp:126:5: warning: Q_PROPERTY 'bad' of type 'int' is mismatched with member 'bad' of type 'float' [-Wclazy-qproperty-type-mismatch]
