Requested checks: auto-unexpected-qstringbuilder, detaching-temporary, foreach, inefficient-qlist-soft, missing-qobject, non-pod-global-static, qdatetime-utc, qdeleteall, qgetenv, qmap-with-key-pointer, qstring-arg, qstring-ref, qstring-uneeded-heap-allocations, range-loop, temporary-iterator, variant-sanitizer, writing-to-temporary, wrong-qglobalstatic
Invalid check: foo
Requested checks: auto-unexpected-qstringbuilder, detaching-temporary, foreach, inefficient-qlist-soft, missing-qobject, non-pod-global-static, qdatetime-utc, qdeleteall, qgetenv, qmap-with-key-pointer, qstring-arg, qstring-ref, qstring-uneeded-heap-allocations, range-loop, temporary-iterator, variant-sanitizer, writing-to-temporary, wrong-qglobalstatic
Requested checks: foreach
Requested checks: foreach, writing-to-temporary
Invalid check: foo
Requested checks: foreach, writing-to-temporary
Requested checks: old-style-connect
Requested checks: old-style-connect
Requested checks: foreach, old-style-connect
Requested checks: auto-unexpected-qstringbuilder, detaching-temporary, foreach, function-args-by-ref, global-const-char-pointer, implicit-casts, inefficient-qlist-soft, isempty-vs-count, missing-qobject, non-pod-global-static, old-style-connect, qdatetime-utc, qdeleteall, qgetenv, qmap-with-key-pointer, qstring-arg, qstring-ref, qstring-uneeded-heap-allocations, range-loop, reserve-candidates, rule-of-three, rule-of-two-soft, temporary-iterator, variant-sanitizer, virtual-call-ctor, writing-to-temporary, wrong-qglobalstatic
Requested checks: implicit-casts
Requested checks: foreach, implicit-casts
Requested checks: old-style-connect
Requested checks: qdatetime-utc, qgetenv, qmap-with-key-pointer, qstring-arg, qstring-ref, temporary-iterator, variant-sanitizer, writing-to-temporary, wrong-qglobalstatic
Requested checks: auto-unexpected-qstringbuilder, detaching-temporary, foreach, inefficient-qlist-soft, missing-qobject, non-pod-global-static, qdatetime-utc, qdeleteall, qgetenv, qmap-with-key-pointer, qstring-arg, qstring-ref, qstring-uneeded-heap-allocations, range-loop, temporary-iterator, variant-sanitizer, writing-to-temporary, wrong-qglobalstatic
Requested checks: qdatetime-utc, qgetenv, qmap-with-key-pointer, qstring-arg, qstring-ref, reserve-candidates, temporary-iterator, variant-sanitizer, writing-to-temporary, wrong-qglobalstatic
Requested checks: qdatetime-utc, qgetenv, qmap-with-key-pointer, qstring-arg, qstring-ref, temporary-iterator, variant-sanitizer, writing-to-temporary, wrong-qglobalstatic
Requested checks: foreach, implicit-casts, qdatetime-utc, qgetenv, qmap-with-key-pointer, qstring-arg, qstring-ref, temporary-iterator, variant-sanitizer, writing-to-temporary, wrong-qglobalstatic
Requested checks: auto-unexpected-qstringbuilder, detaching-temporary, foreach, inefficient-qlist-soft, missing-qobject, non-pod-global-static, qdatetime-utc, qdeleteall, qgetenv, qmap-with-key-pointer, qstring-arg, qstring-ref, qstring-uneeded-heap-allocations, range-loop, temporary-iterator, variant-sanitizer, writing-to-temporary, wrong-qglobalstatic
Requested checks: qdatetime-utc, qgetenv, qmap-with-key-pointer, qstring-arg, qstring-ref, reserve-candidates, temporary-iterator, variant-sanitizer, writing-to-temporary, wrong-qglobalstatic
Requested checks: implicit-casts, qdatetime-utc, qgetenv, qmap-with-key-pointer, qstring-arg, qstring-ref, reserve-candidates, temporary-iterator, variant-sanitizer, writing-to-temporary, wrong-qglobalstatic
