empty-qstringliteral/main.cpp:7:5: warning: Use an empty QLatin1String instead of an empty QStringLiteral [-Wclazy-empty-qstringliteral]
empty-qstringliteral/main.cpp:8:5: warning: Use an empty QLatin1String instead of an empty QStringLiteral [-Wclazy-empty-qstringliteral]
empty-qstringliteral/main.cpp:10:18: warning: Use an empty QLatin1String instead of an empty QStringLiteral [-Wclazy-empty-qstringliteral]
