#include <QtCore/QString>
#include <QtCore/QStringList>

const char * some_char_pointer_indirection(const char *)
{
    return nullptr;
}


const char * some_char_pointer()
{
    return nullptr;
}

void test()
{
    QString s1;
    const char *cstring = "foo";
    s1.contains(QStringLiteral("string")); // Warning
    s1.contains(some_char_pointer()); // OK

    QString s2 = QStringLiteral("string"); // Warning
    QString s3 = QStringLiteral("string"); // OK
    QString s4(some_char_pointer()); // OK

    s1 += QLatin1String("foo"); // Warning
    s1 += QStringLiteral("foo"); // OK
    s1 += QLatin1String("foo"); // OK

    QString s5 = QStringLiteral("BAR"); // Warning
    QString s6 = QStringLiteral("BAR"); // Warning
    QString s7 = QString::fromLatin1(some_char_pointer()); // OK
    QString s8 = QString::fromUtf8(some_char_pointer()); // OK
    QString s81 = QString::fromUtf8(some_char_pointer_indirection("foo")); // OK
    QString s123 = QString::fromLatin1(some_char_pointer_indirection("foo")); // OK

    QString s9 = QStringLiteral("string"); // Warning
    s9 =  QStringLiteral("string"); // Warning
    s9 =  QLatin1String(some_char_pointer_indirection("foo")); // OK
    QString s10 = true ? QStringLiteral("string1") : QStringLiteral("string2"); // Warning
    s10 = true ? QStringLiteral("string1") :  QStringLiteral("string2"); // Warning

    QString s11 = QString(QLatin1String("foo")); // Warning, TODO
    QStringList stringList;
    stringList << QString::fromLatin1("foo", 1); // OK
    QString s12 = QLatin1String(""); // OK, QString is optimized for the empty case
    QString s = QLatin1String(cstring + sizeof("foo")); // OK
    s = QStringLiteral("bar %1").arg(1); // Warning
    s = QString::fromLatin1(true ? "foo" : "foo2").arg(1); // Warning
    s += QLatin1String(  // Warning: Multi-line, to test FIXIT
        "foo" );
    QString::fromLatin1(true ? cstring : "cstring"); // OK
    QString escaped = QStringLiteral("\\\\"); // Warning
    QString s13 = QStringLiteral("foo"); // Warning
    QString s14 = QLatin1String(""); // Warning
    QString s15 = QLatin1String(""); // Warning
}












struct A
{
    A() : member(QStringLiteral("foo")) {} // Warning
    QString member;
};

struct A2
{
    A2() : member(QStringLiteral("foo")) {} // OK
    void  test(const QString &calendarType = QStringLiteral("gregorian") ); // Warning
    QString member;
};

void test3()
{
    QString s;
    if (s == QLatin1String("foo")) // Warning
        return;
    if (s == QStringLiteral("foo %1").arg(1)) // Warning
        return;
}

void test4(const QString &) {}

void test5()
{
    test4(QStringLiteral("foo")); // Warning
    QString s;
    s.contains(QStringLiteral("a")); // Warning
    s.compare(QStringLiteral("a"), QLatin1String("a")); // Warning
}

#include <exception>
void exceptionTest() // Just to test a crash
{
    try {

    } catch (std::exception e) {

    }
}


