qt6-qhash-signature/main.cpp:10:5: warning: qHash should return size_t [-Wclazy-qt6-qhash-signature]
qt6-qhash-signature/main.cpp:16:1: warning: qHash with uint signature [-Wclazy-qt6-qhash-signature]
qt6-qhash-signature/main.cpp:21:1: warning: qHash should return size_t [-Wclazy-qt6-qhash-signature]
qt6-qhash-signature/main.cpp:23:1: warning: qHash should return size_t [-Wclazy-qt6-qhash-signature]
qt6-qhash-signature/main.cpp:33:5: warning: qHash should return size_t [-Wclazy-qt6-qhash-signature]
qt6-qhash-signature/main.cpp:34:20: warning: qHash should return size_t [-Wclazy-qt6-qhash-signature]
qt6-qhash-signature/main.cpp:37:5: warning: qHashBits should return size_t [-Wclazy-qt6-qhash-signature]
qt6-qhash-signature/main.cpp:39:5: warning: qHashRange should return size_t [-Wclazy-qt6-qhash-signature]
qt6-qhash-signature/main.cpp:40:5: warning: qHashRangeCommutative should return size_t [-Wclazy-qt6-qhash-signature]
