#include <QtCore/QObject>
#include <QtCore/QFile>








class MissingMacro : public QObject
{
    Q_OBJECT
public: // Warning
};

class HasMacro : public QObject
{
    Q_OBJECT
public:
};

class Derived1 : public HasMacro
{
    Q_OBJECT
public: // Warning
};

class QFile;
class FwdDecl;

template <typename T> class DerivedTemplate : public Derived1
{ // OK, moc doesn't accept Q_OBJECT in template classes
    public:
};

#include "main.moc"
