modernize-overloaded-connects/signals.cpp:22:5: warning: Unneeded qOverload [-Wclazy-modernize-overloaded-connects]
modernize-overloaded-connects/signals.cpp:23:5: warning: Unneeded QOverload::of [-Wclazy-modernize-overloaded-connects]
modernize-overloaded-connects/signals.cpp:24:5: warning: Unneeded QOverload::of [-Wclazy-modernize-overloaded-connects]
modernize-overloaded-connects/signals.cpp:28:5: warning: Unneeded qOverload [-Wclazy-modernize-overloaded-connects]
modernize-overloaded-connects/signals.cpp:29:5: warning: Unneeded qOverload [-Wclazy-modernize-overloaded-connects]
modernize-overloaded-connects/signals.cpp:30:5: warning: Unneeded QOverload::of [-Wclazy-modernize-overloaded-connects]
modernize-overloaded-connects/signals.cpp:31:5: warning: Unneeded QOverload::of [-Wclazy-modernize-overloaded-connects]
modernize-overloaded-connects/signals.cpp:34:5: warning: Use more concise qOverload [-Wclazy-modernize-overloaded-connects]
modernize-overloaded-connects/signals.cpp:35:5: warning: Unneeded QOverload::of [-Wclazy-modernize-overloaded-connects]
