qt6-qlatin1stringchar-to-u/main.cpp:16:16: warning: QLatin1Char or QLatin1String is being called [-Wclazy-qt6-qlatin1stringchar-to-u]
qt6-qlatin1stringchar-to-u/main.cpp:20:27: warning: QLatin1Char or QLatin1String is being called [-Wclazy-qt6-qlatin1stringchar-to-u]
qt6-qlatin1stringchar-to-u/main.cpp:22:10: warning: QLatin1Char or QLatin1String is being called [-Wclazy-qt6-qlatin1stringchar-to-u]
qt6-qlatin1stringchar-to-u/main.cpp:24:29: warning: QLatin1Char or QLatin1String is being called [-Wclazy-qt6-qlatin1stringchar-to-u]
qt6-qlatin1stringchar-to-u/main.cpp:25:21: warning: QLatin1Char or QLatin1String is being called [-Wclazy-qt6-qlatin1stringchar-to-u]
qt6-qlatin1stringchar-to-u/main.cpp:27:20: warning: QLatin1Char or QLatin1String is being called [-Wclazy-qt6-qlatin1stringchar-to-u]
qt6-qlatin1stringchar-to-u/main.cpp:30:24: warning: QLatin1Char or QLatin1String is being called [-Wclazy-qt6-qlatin1stringchar-to-u]
qt6-qlatin1stringchar-to-u/main.cpp:30:42: warning: QLatin1Char or QLatin1String is being called [-Wclazy-qt6-qlatin1stringchar-to-u]
qt6-qlatin1stringchar-to-u/main.cpp:30:24: warning: QLatin1Char or QLatin1String is being called [-Wclazy-qt6-qlatin1stringchar-to-u]
qt6-qlatin1stringchar-to-u/main.cpp:30:42: warning: QLatin1Char or QLatin1String is being called [-Wclazy-qt6-qlatin1stringchar-to-u]
qt6-qlatin1stringchar-to-u/main.cpp:31:16: warning: QLatin1Char or QLatin1String is being called [-Wclazy-qt6-qlatin1stringchar-to-u]
qt6-qlatin1stringchar-to-u/main.cpp:34:16: warning: QLatin1Char or QLatin1String is being called [-Wclazy-qt6-qlatin1stringchar-to-u]
qt6-qlatin1stringchar-to-u/main.cpp:36:27: warning: QLatin1Char or QLatin1String is being called [-Wclazy-qt6-qlatin1stringchar-to-u]
qt6-qlatin1stringchar-to-u/main.cpp:39:39: warning: QLatin1Char or QLatin1String is being called [-Wclazy-qt6-qlatin1stringchar-to-u]
qt6-qlatin1stringchar-to-u/main.cpp:41:18: warning: QLatin1Char or QLatin1String is being called [-Wclazy-qt6-qlatin1stringchar-to-u]
qt6-qlatin1stringchar-to-u/main.cpp:44:20: warning: QLatin1Char or QLatin1String is being called [-Wclazy-qt6-qlatin1stringchar-to-u]
qt6-qlatin1stringchar-to-u/main.cpp:46:26: warning: QLatin1Char or QLatin1String is being called [-Wclazy-qt6-qlatin1stringchar-to-u]
qt6-qlatin1stringchar-to-u/main.cpp:48:24: warning: QLatin1Char or QLatin1String is being called [-Wclazy-qt6-qlatin1stringchar-to-u]
qt6-qlatin1stringchar-to-u/main.cpp:50:29: warning: QLatin1Char or QLatin1String is being called (fix it not supported because of macro) [-Wclazy-qt6-qlatin1stringchar-to-u]
qt6-qlatin1stringchar-to-u/main.cpp:52:17: warning: QLatin1Char or QLatin1String is being called [-Wclazy-qt6-qlatin1stringchar-to-u]
qt6-qlatin1stringchar-to-u/main.cpp:53:10: warning: QLatin1Char or QLatin1String is being called [-Wclazy-qt6-qlatin1stringchar-to-u]
qt6-qlatin1stringchar-to-u/main.cpp:56:10: warning: QLatin1Char or QLatin1String is being called [-Wclazy-qt6-qlatin1stringchar-to-u]
qt6-qlatin1stringchar-to-u/main.cpp:56:35: warning: QLatin1Char or QLatin1String is being called [-Wclazy-qt6-qlatin1stringchar-to-u]
qt6-qlatin1stringchar-to-u/main.cpp:59:10: warning: QLatin1Char or QLatin1String is being called [-Wclazy-qt6-qlatin1stringchar-to-u]
qt6-qlatin1stringchar-to-u/main.cpp:59:35: warning: QLatin1Char or QLatin1String is being called [-Wclazy-qt6-qlatin1stringchar-to-u]
qt6-qlatin1stringchar-to-u/main.cpp:60:10: warning: QLatin1Char or QLatin1String is being called [-Wclazy-qt6-qlatin1stringchar-to-u]
qt6-qlatin1stringchar-to-u/main.cpp:60:35: warning: QLatin1Char or QLatin1String is being called [-Wclazy-qt6-qlatin1stringchar-to-u]
qt6-qlatin1stringchar-to-u/main.cpp:61:28: warning: QLatin1Char or QLatin1String is being called [-Wclazy-qt6-qlatin1stringchar-to-u]
qt6-qlatin1stringchar-to-u/main.cpp:61:86: warning: QLatin1Char or QLatin1String is being called [-Wclazy-qt6-qlatin1stringchar-to-u]
qt6-qlatin1stringchar-to-u/main.cpp:62:10: warning: QLatin1Char or QLatin1String is being called [-Wclazy-qt6-qlatin1stringchar-to-u]
qt6-qlatin1stringchar-to-u/main.cpp:62:35: warning: QLatin1Char or QLatin1String is being called [-Wclazy-qt6-qlatin1stringchar-to-u]
qt6-qlatin1stringchar-to-u/main.cpp:63:28: warning: QLatin1Char or QLatin1String is being called [-Wclazy-qt6-qlatin1stringchar-to-u]
qt6-qlatin1stringchar-to-u/main.cpp:63:47: warning: QLatin1Char or QLatin1String is being called [-Wclazy-qt6-qlatin1stringchar-to-u]
qt6-qlatin1stringchar-to-u/main.cpp:63:72: warning: QLatin1Char or QLatin1String is being called [-Wclazy-qt6-qlatin1stringchar-to-u]
qt6-qlatin1stringchar-to-u/main.cpp:66:18: warning: QLatin1Char or QLatin1String is being called [-Wclazy-qt6-qlatin1stringchar-to-u]
qt6-qlatin1stringchar-to-u/main.cpp:67:18: warning: QLatin1Char or QLatin1String is being called [-Wclazy-qt6-qlatin1stringchar-to-u]
qt6-qlatin1stringchar-to-u/main.cpp:68:11: warning: QLatin1Char or QLatin1String is being called [-Wclazy-qt6-qlatin1stringchar-to-u]
qt6-qlatin1stringchar-to-u/main.cpp:69:10: warning: QLatin1Char or QLatin1String is being called [-Wclazy-qt6-qlatin1stringchar-to-u]
qt6-qlatin1stringchar-to-u/main.cpp:70:15: warning: QLatin1Char or QLatin1String is being called [-Wclazy-qt6-qlatin1stringchar-to-u]
qt6-qlatin1stringchar-to-u/main.cpp:72:10: warning: QLatin1Char or QLatin1String is being called [-Wclazy-qt6-qlatin1stringchar-to-u]
qt6-qlatin1stringchar-to-u/main.cpp:74:23: warning: QLatin1Char or QLatin1String is being called [-Wclazy-qt6-qlatin1stringchar-to-u]
qt6-qlatin1stringchar-to-u/main.cpp:75:29: warning: QLatin1Char or QLatin1String is being called [-Wclazy-qt6-qlatin1stringchar-to-u]
qt6-qlatin1stringchar-to-u/main.cpp:77:27: warning: QLatin1Char or QLatin1String is being called [-Wclazy-qt6-qlatin1stringchar-to-u]
qt6-qlatin1stringchar-to-u/main.cpp:79:19: warning: QLatin1Char or QLatin1String is being called [-Wclazy-qt6-qlatin1stringchar-to-u]
qt6-qlatin1stringchar-to-u/main.cpp:80:10: warning: QLatin1Char or QLatin1String is being called [-Wclazy-qt6-qlatin1stringchar-to-u]
qt6-qlatin1stringchar-to-u/main.cpp:84:18: warning: QLatin1Char or QLatin1String is being called [-Wclazy-qt6-qlatin1stringchar-to-u]
qt6-qlatin1stringchar-to-u/main.cpp:85:10: warning: QLatin1Char or QLatin1String is being called [-Wclazy-qt6-qlatin1stringchar-to-u]
qt6-qlatin1stringchar-to-u/main.cpp:86:33: warning: QLatin1Char or QLatin1String is being called (fix it not supported because of macro) [-Wclazy-qt6-qlatin1stringchar-to-u]
qt6-qlatin1stringchar-to-u/main.cpp:87:10: warning: QLatin1Char or QLatin1String is being called [-Wclazy-qt6-qlatin1stringchar-to-u]
qt6-qlatin1stringchar-to-u/main.cpp:87:37: warning: QLatin1Char or QLatin1String is being called [-Wclazy-qt6-qlatin1stringchar-to-u]
qt6-qlatin1stringchar-to-u/main.cpp:90:10: warning: QLatin1Char or QLatin1String is being called [-Wclazy-qt6-qlatin1stringchar-to-u]
qt6-qlatin1stringchar-to-u/main.cpp:90:37: warning: QLatin1Char or QLatin1String is being called [-Wclazy-qt6-qlatin1stringchar-to-u]
qt6-qlatin1stringchar-to-u/main.cpp:91:10: warning: QLatin1Char or QLatin1String is being called [-Wclazy-qt6-qlatin1stringchar-to-u]
qt6-qlatin1stringchar-to-u/main.cpp:91:37: warning: QLatin1Char or QLatin1String is being called [-Wclazy-qt6-qlatin1stringchar-to-u]
qt6-qlatin1stringchar-to-u/main.cpp:92:28: warning: QLatin1Char or QLatin1String is being called [-Wclazy-qt6-qlatin1stringchar-to-u]
qt6-qlatin1stringchar-to-u/main.cpp:92:100: warning: QLatin1Char or QLatin1String is being called [-Wclazy-qt6-qlatin1stringchar-to-u]
qt6-qlatin1stringchar-to-u/main.cpp:93:10: warning: QLatin1Char or QLatin1String is being called [-Wclazy-qt6-qlatin1stringchar-to-u]
qt6-qlatin1stringchar-to-u/main.cpp:93:37: warning: QLatin1Char or QLatin1String is being called [-Wclazy-qt6-qlatin1stringchar-to-u]
qt6-qlatin1stringchar-to-u/main.cpp:94:28: warning: QLatin1Char or QLatin1String is being called [-Wclazy-qt6-qlatin1stringchar-to-u]
qt6-qlatin1stringchar-to-u/main.cpp:94:54: warning: QLatin1Char or QLatin1String is being called [-Wclazy-qt6-qlatin1stringchar-to-u]
qt6-qlatin1stringchar-to-u/main.cpp:94:81: warning: QLatin1Char or QLatin1String is being called [-Wclazy-qt6-qlatin1stringchar-to-u]
