qt6-qlatin1stringchar-to-u/main.cpp:8:27: warning: QLatin1Char or QLatin1String is being called in macro MY_CONSTANT. Please replace with `u` call manually. [-Wclazy-qt6-qlatin1stringchar-to-u]
qt6-qlatin1stringchar-to-u/main.cpp:15:33: warning: QLatin1Char or QLatin1String is being called in macro MY_STRING_CONSTANT. Please replace with `u` call manually. [-Wclazy-qt6-qlatin1stringchar-to-u]
qt6-qlatin1stringchar-to-u/main.cpp:23:43: warning: QLatin1Char or QLatin1String is being called in macro MY_STRING_CONSTANT_TEST. Please replace with `u` call manually. [-Wclazy-qt6-qlatin1stringchar-to-u]
qt6-qlatin1stringchar-to-u/main.cpp:24:44: warning: QLatin1Char or QLatin1String is being called in macro MY_STRING_CONSTANT_TEST. Please replace with `u` call manually. [-Wclazy-qt6-qlatin1stringchar-to-u]
qt6-qlatin1stringchar-to-u/main.cpp:25:44: warning: QLatin1Char or QLatin1String is being called in macro MY_STRING_CONSTANT_TEST. Please replace with `u` call manually. [-Wclazy-qt6-qlatin1stringchar-to-u]
qt6-qlatin1stringchar-to-u/main.cpp:28:30: warning: QLatin1Char or QLatin1String is being called in macro MY_OTHER_CONSTANT. Please replace with `u` call manually. [-Wclazy-qt6-qlatin1stringchar-to-u]
qt6-qlatin1stringchar-to-u/main.cpp:32:40: warning: QLatin1Char or QLatin1String is being called in macro MY_OTHER_CONSTANT. Please replace with `u` call manually. [-Wclazy-qt6-qlatin1stringchar-to-u]
qt6-qlatin1stringchar-to-u/main.cpp:44:16: warning: QLatin1Char or QLatin1String is being called [-Wclazy-qt6-qlatin1stringchar-to-u]
qt6-qlatin1stringchar-to-u/main.cpp:48:27: warning: QLatin1Char or QLatin1String is being called [-Wclazy-qt6-qlatin1stringchar-to-u]
qt6-qlatin1stringchar-to-u/main.cpp:50:10: warning: QLatin1Char or QLatin1String is being called [-Wclazy-qt6-qlatin1stringchar-to-u]
qt6-qlatin1stringchar-to-u/main.cpp:52:29: warning: QLatin1Char or QLatin1String is being called [-Wclazy-qt6-qlatin1stringchar-to-u]
qt6-qlatin1stringchar-to-u/main.cpp:53:21: warning: QLatin1Char or QLatin1String is being called [-Wclazy-qt6-qlatin1stringchar-to-u]
qt6-qlatin1stringchar-to-u/main.cpp:55:20: warning: QLatin1Char or QLatin1String is being called [-Wclazy-qt6-qlatin1stringchar-to-u]
qt6-qlatin1stringchar-to-u/main.cpp:58:24: warning: QLatin1Char or QLatin1String is being called [-Wclazy-qt6-qlatin1stringchar-to-u]
qt6-qlatin1stringchar-to-u/main.cpp:58:42: warning: QLatin1Char or QLatin1String is being called [-Wclazy-qt6-qlatin1stringchar-to-u]
qt6-qlatin1stringchar-to-u/main.cpp:59:16: warning: QLatin1Char or QLatin1String is being called [-Wclazy-qt6-qlatin1stringchar-to-u]
qt6-qlatin1stringchar-to-u/main.cpp:62:16: warning: QLatin1Char or QLatin1String is being called [-Wclazy-qt6-qlatin1stringchar-to-u]
qt6-qlatin1stringchar-to-u/main.cpp:64:27: warning: QLatin1Char or QLatin1String is being called [-Wclazy-qt6-qlatin1stringchar-to-u]
qt6-qlatin1stringchar-to-u/main.cpp:67:39: warning: QLatin1Char or QLatin1String is being called [-Wclazy-qt6-qlatin1stringchar-to-u]
qt6-qlatin1stringchar-to-u/main.cpp:69:18: warning: QLatin1Char or QLatin1String is being called [-Wclazy-qt6-qlatin1stringchar-to-u]
qt6-qlatin1stringchar-to-u/main.cpp:72:20: warning: QLatin1Char or QLatin1String is being called [-Wclazy-qt6-qlatin1stringchar-to-u]
qt6-qlatin1stringchar-to-u/main.cpp:74:26: warning: QLatin1Char or QLatin1String is being called [-Wclazy-qt6-qlatin1stringchar-to-u]
qt6-qlatin1stringchar-to-u/main.cpp:76:24: warning: QLatin1Char or QLatin1String is being called [-Wclazy-qt6-qlatin1stringchar-to-u]
qt6-qlatin1stringchar-to-u/main.cpp:78:29: warning: QLatin1Char or QLatin1String is being called (fix it not supported because of macro) [-Wclazy-qt6-qlatin1stringchar-to-u]
qt6-qlatin1stringchar-to-u/main.cpp:80:17: warning: QLatin1Char or QLatin1String is being called [-Wclazy-qt6-qlatin1stringchar-to-u]
qt6-qlatin1stringchar-to-u/main.cpp:81:10: warning: QLatin1Char or QLatin1String is being called [-Wclazy-qt6-qlatin1stringchar-to-u]
qt6-qlatin1stringchar-to-u/main.cpp:84:10: warning: QLatin1Char or QLatin1String is being called [-Wclazy-qt6-qlatin1stringchar-to-u]
qt6-qlatin1stringchar-to-u/main.cpp:84:35: warning: QLatin1Char or QLatin1String is being called [-Wclazy-qt6-qlatin1stringchar-to-u]
qt6-qlatin1stringchar-to-u/main.cpp:87:10: warning: QLatin1Char or QLatin1String is being called [-Wclazy-qt6-qlatin1stringchar-to-u]
qt6-qlatin1stringchar-to-u/main.cpp:87:35: warning: QLatin1Char or QLatin1String is being called [-Wclazy-qt6-qlatin1stringchar-to-u]
qt6-qlatin1stringchar-to-u/main.cpp:88:10: warning: QLatin1Char or QLatin1String is being called [-Wclazy-qt6-qlatin1stringchar-to-u]
qt6-qlatin1stringchar-to-u/main.cpp:88:35: warning: QLatin1Char or QLatin1String is being called [-Wclazy-qt6-qlatin1stringchar-to-u]
qt6-qlatin1stringchar-to-u/main.cpp:89:28: warning: QLatin1Char or QLatin1String is being called [-Wclazy-qt6-qlatin1stringchar-to-u]
qt6-qlatin1stringchar-to-u/main.cpp:89:86: warning: QLatin1Char or QLatin1String is being called [-Wclazy-qt6-qlatin1stringchar-to-u]
qt6-qlatin1stringchar-to-u/main.cpp:90:10: warning: QLatin1Char or QLatin1String is being called [-Wclazy-qt6-qlatin1stringchar-to-u]
qt6-qlatin1stringchar-to-u/main.cpp:90:35: warning: QLatin1Char or QLatin1String is being called [-Wclazy-qt6-qlatin1stringchar-to-u]
qt6-qlatin1stringchar-to-u/main.cpp:91:28: warning: QLatin1Char or QLatin1String is being called [-Wclazy-qt6-qlatin1stringchar-to-u]
qt6-qlatin1stringchar-to-u/main.cpp:91:47: warning: QLatin1Char or QLatin1String is being called [-Wclazy-qt6-qlatin1stringchar-to-u]
qt6-qlatin1stringchar-to-u/main.cpp:91:72: warning: QLatin1Char or QLatin1String is being called [-Wclazy-qt6-qlatin1stringchar-to-u]
qt6-qlatin1stringchar-to-u/main.cpp:94:18: warning: QLatin1Char or QLatin1String is being called [-Wclazy-qt6-qlatin1stringchar-to-u]
qt6-qlatin1stringchar-to-u/main.cpp:95:18: warning: QLatin1Char or QLatin1String is being called [-Wclazy-qt6-qlatin1stringchar-to-u]
qt6-qlatin1stringchar-to-u/main.cpp:96:11: warning: QLatin1Char or QLatin1String is being called [-Wclazy-qt6-qlatin1stringchar-to-u]
qt6-qlatin1stringchar-to-u/main.cpp:97:10: warning: QLatin1Char or QLatin1String is being called [-Wclazy-qt6-qlatin1stringchar-to-u]
qt6-qlatin1stringchar-to-u/main.cpp:98:15: warning: QLatin1Char or QLatin1String is being called [-Wclazy-qt6-qlatin1stringchar-to-u]
qt6-qlatin1stringchar-to-u/main.cpp:100:10: warning: QLatin1Char or QLatin1String is being called [-Wclazy-qt6-qlatin1stringchar-to-u]
qt6-qlatin1stringchar-to-u/main.cpp:102:23: warning: QLatin1Char or QLatin1String is being called [-Wclazy-qt6-qlatin1stringchar-to-u]
qt6-qlatin1stringchar-to-u/main.cpp:103:29: warning: QLatin1Char or QLatin1String is being called [-Wclazy-qt6-qlatin1stringchar-to-u]
qt6-qlatin1stringchar-to-u/main.cpp:105:27: warning: QLatin1Char or QLatin1String is being called [-Wclazy-qt6-qlatin1stringchar-to-u]
qt6-qlatin1stringchar-to-u/main.cpp:107:19: warning: QLatin1Char or QLatin1String is being called [-Wclazy-qt6-qlatin1stringchar-to-u]
qt6-qlatin1stringchar-to-u/main.cpp:108:10: warning: QLatin1Char or QLatin1String is being called [-Wclazy-qt6-qlatin1stringchar-to-u]
qt6-qlatin1stringchar-to-u/main.cpp:112:18: warning: QLatin1Char or QLatin1String is being called [-Wclazy-qt6-qlatin1stringchar-to-u]
qt6-qlatin1stringchar-to-u/main.cpp:113:10: warning: QLatin1Char or QLatin1String is being called [-Wclazy-qt6-qlatin1stringchar-to-u]
qt6-qlatin1stringchar-to-u/main.cpp:114:33: warning: QLatin1Char or QLatin1String is being called (fix it not supported because of macro) [-Wclazy-qt6-qlatin1stringchar-to-u]
qt6-qlatin1stringchar-to-u/main.cpp:115:10: warning: QLatin1Char or QLatin1String is being called [-Wclazy-qt6-qlatin1stringchar-to-u]
qt6-qlatin1stringchar-to-u/main.cpp:115:37: warning: QLatin1Char or QLatin1String is being called [-Wclazy-qt6-qlatin1stringchar-to-u]
qt6-qlatin1stringchar-to-u/main.cpp:118:10: warning: QLatin1Char or QLatin1String is being called [-Wclazy-qt6-qlatin1stringchar-to-u]
qt6-qlatin1stringchar-to-u/main.cpp:118:37: warning: QLatin1Char or QLatin1String is being called [-Wclazy-qt6-qlatin1stringchar-to-u]
qt6-qlatin1stringchar-to-u/main.cpp:119:10: warning: QLatin1Char or QLatin1String is being called [-Wclazy-qt6-qlatin1stringchar-to-u]
qt6-qlatin1stringchar-to-u/main.cpp:119:37: warning: QLatin1Char or QLatin1String is being called [-Wclazy-qt6-qlatin1stringchar-to-u]
qt6-qlatin1stringchar-to-u/main.cpp:120:28: warning: QLatin1Char or QLatin1String is being called [-Wclazy-qt6-qlatin1stringchar-to-u]
qt6-qlatin1stringchar-to-u/main.cpp:120:100: warning: QLatin1Char or QLatin1String is being called [-Wclazy-qt6-qlatin1stringchar-to-u]
qt6-qlatin1stringchar-to-u/main.cpp:121:10: warning: QLatin1Char or QLatin1String is being called [-Wclazy-qt6-qlatin1stringchar-to-u]
qt6-qlatin1stringchar-to-u/main.cpp:121:37: warning: QLatin1Char or QLatin1String is being called [-Wclazy-qt6-qlatin1stringchar-to-u]
qt6-qlatin1stringchar-to-u/main.cpp:122:28: warning: QLatin1Char or QLatin1String is being called [-Wclazy-qt6-qlatin1stringchar-to-u]
qt6-qlatin1stringchar-to-u/main.cpp:122:54: warning: QLatin1Char or QLatin1String is being called [-Wclazy-qt6-qlatin1stringchar-to-u]
qt6-qlatin1stringchar-to-u/main.cpp:122:81: warning: QLatin1Char or QLatin1String is being called [-Wclazy-qt6-qlatin1stringchar-to-u]
