qt6-qlatin1stringchar-to-u/main.cpp:8:27: warning: QLatin1Char or QLatin1String is being called in macro MY_CONSTANT. Please replace with `u` call manually. [-Wclazy-qt6-qlatin1stringchar-to-u]
qt6-qlatin1stringchar-to-u/main.cpp:15:33: warning: QLatin1Char or QLatin1String is being called in macro MY_STRING_CONSTANT. Please replace with `u` call manually. [-Wclazy-qt6-qlatin1stringchar-to-u]
qt6-qlatin1stringchar-to-u/main.cpp:23:43: warning: QLatin1Char or QLatin1String is being called in macro MY_STRING_CONSTANT_TEST. Please replace with `u` call manually. [-Wclazy-qt6-qlatin1stringchar-to-u]
qt6-qlatin1stringchar-to-u/main.cpp:24:44: warning: QLatin1Char or QLatin1String is being called in macro MY_STRING_CONSTANT_TEST. Please replace with `u` call manually. [-Wclazy-qt6-qlatin1stringchar-to-u]
qt6-qlatin1stringchar-to-u/main.cpp:25:44: warning: QLatin1Char or QLatin1String is being called in macro MY_STRING_CONSTANT_TEST. Please replace with `u` call manually. [-Wclazy-qt6-qlatin1stringchar-to-u]
qt6-qlatin1stringchar-to-u/main.cpp:28:30: warning: QLatin1Char or QLatin1String is being called in macro MY_OTHER_CONSTANT. Please replace with `u` call manually. [-Wclazy-qt6-qlatin1stringchar-to-u]
qt6-qlatin1stringchar-to-u/main.cpp:32:40: warning: QLatin1Char or QLatin1String is being called in macro MY_OTHER_CONSTANT. Please replace with `u` call manually. [-Wclazy-qt6-qlatin1stringchar-to-u]
qt6-qlatin1stringchar-to-u/main.cpp:46:16: warning: QLatin1Char or QLatin1String is being called [-Wclazy-qt6-qlatin1stringchar-to-u]
qt6-qlatin1stringchar-to-u/main.cpp:50:27: warning: QLatin1Char or QLatin1String is being called [-Wclazy-qt6-qlatin1stringchar-to-u]
qt6-qlatin1stringchar-to-u/main.cpp:52:10: warning: QLatin1Char or QLatin1String is being called [-Wclazy-qt6-qlatin1stringchar-to-u]
qt6-qlatin1stringchar-to-u/main.cpp:54:29: warning: QLatin1Char or QLatin1String is being called [-Wclazy-qt6-qlatin1stringchar-to-u]
qt6-qlatin1stringchar-to-u/main.cpp:55:21: warning: QLatin1Char or QLatin1String is being called [-Wclazy-qt6-qlatin1stringchar-to-u]
qt6-qlatin1stringchar-to-u/main.cpp:57:20: warning: QLatin1Char or QLatin1String is being called [-Wclazy-qt6-qlatin1stringchar-to-u]
qt6-qlatin1stringchar-to-u/main.cpp:60:24: warning: QLatin1Char or QLatin1String is being called [-Wclazy-qt6-qlatin1stringchar-to-u]
qt6-qlatin1stringchar-to-u/main.cpp:60:42: warning: QLatin1Char or QLatin1String is being called [-Wclazy-qt6-qlatin1stringchar-to-u]
qt6-qlatin1stringchar-to-u/main.cpp:61:16: warning: QLatin1Char or QLatin1String is being called [-Wclazy-qt6-qlatin1stringchar-to-u]
qt6-qlatin1stringchar-to-u/main.cpp:64:16: warning: QLatin1Char or QLatin1String is being called [-Wclazy-qt6-qlatin1stringchar-to-u]
qt6-qlatin1stringchar-to-u/main.cpp:66:27: warning: QLatin1Char or QLatin1String is being called [-Wclazy-qt6-qlatin1stringchar-to-u]
qt6-qlatin1stringchar-to-u/main.cpp:69:39: warning: QLatin1Char or QLatin1String is being called [-Wclazy-qt6-qlatin1stringchar-to-u]
qt6-qlatin1stringchar-to-u/main.cpp:71:18: warning: QLatin1Char or QLatin1String is being called [-Wclazy-qt6-qlatin1stringchar-to-u]
qt6-qlatin1stringchar-to-u/main.cpp:74:20: warning: QLatin1Char or QLatin1String is being called [-Wclazy-qt6-qlatin1stringchar-to-u]
qt6-qlatin1stringchar-to-u/main.cpp:76:26: warning: QLatin1Char or QLatin1String is being called (fix it not supported) [-Wclazy-qt6-qlatin1stringchar-to-u]
qt6-qlatin1stringchar-to-u/main.cpp:78:24: warning: QLatin1Char or QLatin1String is being called (fix it not supported) [-Wclazy-qt6-qlatin1stringchar-to-u]
qt6-qlatin1stringchar-to-u/main.cpp:80:29: warning: QLatin1Char or QLatin1String is being called (fix it not supported because of macro) [-Wclazy-qt6-qlatin1stringchar-to-u]
qt6-qlatin1stringchar-to-u/main.cpp:82:17: warning: QLatin1Char or QLatin1String is being called [-Wclazy-qt6-qlatin1stringchar-to-u]
qt6-qlatin1stringchar-to-u/main.cpp:83:10: warning: QLatin1Char or QLatin1String is being called [-Wclazy-qt6-qlatin1stringchar-to-u]
qt6-qlatin1stringchar-to-u/main.cpp:86:10: warning: QLatin1Char or QLatin1String is being called [-Wclazy-qt6-qlatin1stringchar-to-u]
qt6-qlatin1stringchar-to-u/main.cpp:86:35: warning: QLatin1Char or QLatin1String is being called [-Wclazy-qt6-qlatin1stringchar-to-u]
qt6-qlatin1stringchar-to-u/main.cpp:89:10: warning: QLatin1Char or QLatin1String is being called [-Wclazy-qt6-qlatin1stringchar-to-u]
qt6-qlatin1stringchar-to-u/main.cpp:89:35: warning: QLatin1Char or QLatin1String is being called [-Wclazy-qt6-qlatin1stringchar-to-u]
qt6-qlatin1stringchar-to-u/main.cpp:90:10: warning: QLatin1Char or QLatin1String is being called [-Wclazy-qt6-qlatin1stringchar-to-u]
qt6-qlatin1stringchar-to-u/main.cpp:90:35: warning: QLatin1Char or QLatin1String is being called [-Wclazy-qt6-qlatin1stringchar-to-u]
qt6-qlatin1stringchar-to-u/main.cpp:91:28: warning: QLatin1Char or QLatin1String is being called [-Wclazy-qt6-qlatin1stringchar-to-u]
qt6-qlatin1stringchar-to-u/main.cpp:91:86: warning: QLatin1Char or QLatin1String is being called [-Wclazy-qt6-qlatin1stringchar-to-u]
qt6-qlatin1stringchar-to-u/main.cpp:92:10: warning: QLatin1Char or QLatin1String is being called [-Wclazy-qt6-qlatin1stringchar-to-u]
qt6-qlatin1stringchar-to-u/main.cpp:92:35: warning: QLatin1Char or QLatin1String is being called [-Wclazy-qt6-qlatin1stringchar-to-u]
qt6-qlatin1stringchar-to-u/main.cpp:93:28: warning: QLatin1Char or QLatin1String is being called [-Wclazy-qt6-qlatin1stringchar-to-u]
qt6-qlatin1stringchar-to-u/main.cpp:93:47: warning: QLatin1Char or QLatin1String is being called [-Wclazy-qt6-qlatin1stringchar-to-u]
qt6-qlatin1stringchar-to-u/main.cpp:93:72: warning: QLatin1Char or QLatin1String is being called [-Wclazy-qt6-qlatin1stringchar-to-u]
qt6-qlatin1stringchar-to-u/main.cpp:93:92: warning: QLatin1Char or QLatin1String is being called [-Wclazy-qt6-qlatin1stringchar-to-u]
qt6-qlatin1stringchar-to-u/main.cpp:93:111: warning: QLatin1Char or QLatin1String is being called [-Wclazy-qt6-qlatin1stringchar-to-u]
qt6-qlatin1stringchar-to-u/main.cpp:96:18: warning: QLatin1Char or QLatin1String is being called [-Wclazy-qt6-qlatin1stringchar-to-u]
qt6-qlatin1stringchar-to-u/main.cpp:97:18: warning: QLatin1Char or QLatin1String is being called [-Wclazy-qt6-qlatin1stringchar-to-u]
qt6-qlatin1stringchar-to-u/main.cpp:98:11: warning: QLatin1Char or QLatin1String is being called [-Wclazy-qt6-qlatin1stringchar-to-u]
qt6-qlatin1stringchar-to-u/main.cpp:99:10: warning: QLatin1Char or QLatin1String is being called [-Wclazy-qt6-qlatin1stringchar-to-u]
qt6-qlatin1stringchar-to-u/main.cpp:100:15: warning: QLatin1Char or QLatin1String is being called [-Wclazy-qt6-qlatin1stringchar-to-u]
qt6-qlatin1stringchar-to-u/main.cpp:102:10: warning: QLatin1Char or QLatin1String is being called [-Wclazy-qt6-qlatin1stringchar-to-u]
qt6-qlatin1stringchar-to-u/main.cpp:104:23: warning: QLatin1Char or QLatin1String is being called [-Wclazy-qt6-qlatin1stringchar-to-u]
qt6-qlatin1stringchar-to-u/main.cpp:105:29: warning: QLatin1Char or QLatin1String is being called (fix it not supported) [-Wclazy-qt6-qlatin1stringchar-to-u]
qt6-qlatin1stringchar-to-u/main.cpp:107:27: warning: QLatin1Char or QLatin1String is being called (fix it not supported) [-Wclazy-qt6-qlatin1stringchar-to-u]
qt6-qlatin1stringchar-to-u/main.cpp:109:19: warning: QLatin1Char or QLatin1String is being called [-Wclazy-qt6-qlatin1stringchar-to-u]
qt6-qlatin1stringchar-to-u/main.cpp:110:10: warning: QLatin1Char or QLatin1String is being called [-Wclazy-qt6-qlatin1stringchar-to-u]
qt6-qlatin1stringchar-to-u/main.cpp:114:18: warning: QLatin1Char or QLatin1String is being called [-Wclazy-qt6-qlatin1stringchar-to-u]
qt6-qlatin1stringchar-to-u/main.cpp:115:10: warning: QLatin1Char or QLatin1String is being called [-Wclazy-qt6-qlatin1stringchar-to-u]
qt6-qlatin1stringchar-to-u/main.cpp:116:33: warning: QLatin1Char or QLatin1String is being called (fix it not supported because of macro) [-Wclazy-qt6-qlatin1stringchar-to-u]
qt6-qlatin1stringchar-to-u/main.cpp:117:10: warning: QLatin1Char or QLatin1String is being called [-Wclazy-qt6-qlatin1stringchar-to-u]
qt6-qlatin1stringchar-to-u/main.cpp:117:37: warning: QLatin1Char or QLatin1String is being called [-Wclazy-qt6-qlatin1stringchar-to-u]
qt6-qlatin1stringchar-to-u/main.cpp:120:10: warning: QLatin1Char or QLatin1String is being called [-Wclazy-qt6-qlatin1stringchar-to-u]
qt6-qlatin1stringchar-to-u/main.cpp:120:37: warning: QLatin1Char or QLatin1String is being called [-Wclazy-qt6-qlatin1stringchar-to-u]
qt6-qlatin1stringchar-to-u/main.cpp:121:10: warning: QLatin1Char or QLatin1String is being called [-Wclazy-qt6-qlatin1stringchar-to-u]
qt6-qlatin1stringchar-to-u/main.cpp:121:37: warning: QLatin1Char or QLatin1String is being called [-Wclazy-qt6-qlatin1stringchar-to-u]
qt6-qlatin1stringchar-to-u/main.cpp:123:10: warning: QLatin1Char or QLatin1String is being called [-Wclazy-qt6-qlatin1stringchar-to-u]
qt6-qlatin1stringchar-to-u/main.cpp:123:37: warning: QLatin1Char or QLatin1String is being called [-Wclazy-qt6-qlatin1stringchar-to-u]
qt6-qlatin1stringchar-to-u/main.cpp:124:78: warning: QLatin1Char or QLatin1String is being called [-Wclazy-qt6-qlatin1stringchar-to-u]
qt6-qlatin1stringchar-to-u/main.cpp:127:10: warning: QLatin1Char or QLatin1String is being called [-Wclazy-qt6-qlatin1stringchar-to-u]
qt6-qlatin1stringchar-to-u/main.cpp:127:37: warning: QLatin1Char or QLatin1String is being called [-Wclazy-qt6-qlatin1stringchar-to-u]
qt6-qlatin1stringchar-to-u/main.cpp:128:10: warning: QLatin1Char or QLatin1String is being called [-Wclazy-qt6-qlatin1stringchar-to-u]
qt6-qlatin1stringchar-to-u/main.cpp:128:36: warning: QLatin1Char or QLatin1String is being called [-Wclazy-qt6-qlatin1stringchar-to-u]
qt6-qlatin1stringchar-to-u/main.cpp:129:10: warning: QLatin1Char or QLatin1String is being called [-Wclazy-qt6-qlatin1stringchar-to-u]
qt6-qlatin1stringchar-to-u/main.cpp:129:38: warning: QLatin1Char or QLatin1String is being called [-Wclazy-qt6-qlatin1stringchar-to-u]
