copyable-polymorphic/main.cpp:36:1: warning: Polymorphic class PolymorphicClass4 is copyable. Potential slicing. [-Wclazy-copyable-polymorphic]
copyable-polymorphic/main.cpp:43:1: warning: Polymorphic class PolymorphicClass5 is copyable. Potential slicing. [-Wclazy-copyable-polymorphic]
copyable-polymorphic/main.cpp:52:1: warning: Polymorphic class DerivedFromCopyable is copyable. Potential slicing. [-Wclazy-copyable-polymorphic]
