non-pod-global-static/foo.cpp:34:1: warning: non-POD static (NonPod) [-Wclazy-non-pod-global-static]
non-pod-global-static/foo.cpp:35:1: warning: non-POD static (NonPod2) [-Wclazy-non-pod-global-static]
non-pod-global-static/foo.cpp:36:1: warning: non-POD static (NonPod3) [-Wclazy-non-pod-global-static]
