qbytearray-conversion-to-c-style/main.cpp:21:21: warning: Don't rely on the QByteArray implicit conversion to 'const char *'. [-Wclazy-qbytearray-conversion-to-c-style]
qbytearray-conversion-to-c-style/main.cpp:22:10: warning: Don't rely on the QByteArray implicit conversion to 'const char *'. [-Wclazy-qbytearray-conversion-to-c-style]
qbytearray-conversion-to-c-style/main.cpp:24:10: warning: Don't rely on the QByteArray implicit conversion to 'const char *'. [-Wclazy-qbytearray-conversion-to-c-style]
qbytearray-conversion-to-c-style/main.cpp:26:10: warning: Don't rely on the QByteArray implicit conversion to 'const char *'. [-Wclazy-qbytearray-conversion-to-c-style]
qbytearray-conversion-to-c-style/main.cpp:27:10: warning: Don't rely on the QByteArray implicit conversion to 'const char *'. [-Wclazy-qbytearray-conversion-to-c-style]
qbytearray-conversion-to-c-style/main.cpp:28:10: warning: Don't rely on the QByteArray implicit conversion to 'const char *'. [-Wclazy-qbytearray-conversion-to-c-style]
qbytearray-conversion-to-c-style/main.cpp:29:10: warning: Don't rely on the QByteArray implicit conversion to 'const char *'. [-Wclazy-qbytearray-conversion-to-c-style]
qbytearray-conversion-to-c-style/main.cpp:32:10: warning: Don't rely on the QByteArray implicit conversion to 'const char *'. [-Wclazy-qbytearray-conversion-to-c-style]
qbytearray-conversion-to-c-style/main.cpp:34:18: warning: Don't rely on the QByteArray implicit conversion to 'const char *'. [-Wclazy-qbytearray-conversion-to-c-style]
qbytearray-conversion-to-c-style/main.cpp:37:38: warning: Don't rely on the QByteArray implicit conversion to 'const char *'. [-Wclazy-qbytearray-conversion-to-c-style]
qbytearray-conversion-to-c-style/main.cpp:39:27: warning: Don't rely on the QByteArray implicit conversion to 'const char *'. [-Wclazy-qbytearray-conversion-to-c-style]
qbytearray-conversion-to-c-style/main.cpp:43:10: warning: Don't rely on the QByteArray implicit conversion to 'const char *'. [-Wclazy-qbytearray-conversion-to-c-style]
qbytearray-conversion-to-c-style/main.cpp:44:10: warning: Don't rely on the QByteArray implicit conversion to 'const char *'. [-Wclazy-qbytearray-conversion-to-c-style]
qbytearray-conversion-to-c-style/main.cpp:46:10: warning: Don't rely on the QByteArray implicit conversion to 'const char *'. [-Wclazy-qbytearray-conversion-to-c-style]
