connect-3arg-lambda/main.cpp:9:5: warning: Pass a context object as 3rd connect parameter [-Wclazy-connect-3arg-lambda]
connect-3arg-lambda/main.cpp:30:9: warning: Pass a context object as 3rd connect parameter [-Wclazy-connect-3arg-lambda]
connect-3arg-lambda/main.cpp:38:9: warning: Pass a context object as 3rd connect parameter [-Wclazy-connect-3arg-lambda]
connect-3arg-lambda/main.cpp:42:9: warning: Pass a context object as 3rd connect parameter [-Wclazy-connect-3arg-lambda]
connect-3arg-lambda/main.cpp:46:9: warning: Pass a context object as 3rd connect parameter [-Wclazy-connect-3arg-lambda]
connect-3arg-lambda/main.cpp:59:9: warning: Pass a context object as 3rd connect parameter [-Wclazy-connect-3arg-lambda]
connect-3arg-lambda/main.cpp:63:9: warning: Pass a context object as 3rd connect parameter [-Wclazy-connect-3arg-lambda]
connect-3arg-lambda/main.cpp:68:9: warning: Pass a context object as 3rd connect parameter [-Wclazy-connect-3arg-lambda]
connect-3arg-lambda/main.cpp:81:5: warning: Pass a context object as 2nd singleShot parameter [-Wclazy-connect-3arg-lambda]
connect-3arg-lambda/main.cpp:84:5: warning: Pass a context object as 3rd singleShot parameter [-Wclazy-connect-3arg-lambda]
connect-3arg-lambda/main.cpp:94:5: warning: Pass a context object as 2nd singleShot parameter [-Wclazy-connect-3arg-lambda]
