range-loop/main.cpp:37:5: warning: c++11 range-loop might detach Qt container (QList) [-Wclazy-range-loop]
range-loop/main.cpp:44:5: warning: c++11 range-loop might detach Qt container (QList) [-Wclazy-range-loop]
range-loop/main.cpp:47:5: warning: c++11 range-loop might detach Qt container (QList) [-Wclazy-range-loop]
range-loop/main.cpp:48:5: warning: c++11 range-loop might detach Qt container (QList) [-Wclazy-range-loop]
range-loop/main.cpp:79:5: warning: c++11 range-loop might detach Qt container (QMultiMap) [-Wclazy-range-loop]
range-loop/main.cpp:123:10: warning: Missing reference in range-for with non trivial type (SmallNonTrivial) [-Wclazy-range-loop]
range-loop/main.cpp:169:5: warning: c++11 range-loop might detach Qt container (QList) [-Wclazy-range-loop]
range-loop/main.cpp:201:10: warning: Missing reference in range-for with non trivial type (QString) [-Wclazy-range-loop]
range-loop/main.cpp:202:10: warning: Missing reference in range-for with non trivial type (QString) [-Wclazy-range-loop]
range-loop/main.cpp:218:10: warning: c++11 range-loop might detach Qt container (QStringList) [-Wclazy-range-loop]
range-loop/main.cpp:228:5: warning: c++11 range-loop might detach Qt container (QStringList) [-Wclazy-range-loop]
range-loop/main.cpp:231:5: warning: c++11 range-loop might detach Qt container (QStringList) [-Wclazy-range-loop]
range-loop/main.cpp:234:5: warning: c++11 range-loop might detach Qt container (QStringList) [-Wclazy-range-loop]
range-loop/main.cpp:236:5: warning: c++11 range-loop might detach Qt container (QList) [-Wclazy-range-loop]
range-loop/main.cpp:238:5: warning: c++11 range-loop might detach Qt container (QStringList) [-Wclazy-range-loop]
range-loop/main.cpp:247:10: warning: Missing reference in range-for with non trivial type (QJsonValue) [-Wclazy-range-loop]
