#include <QtCore/QList>
#include <vector>
#include <QtCore/QMap>
#include <QtCore/QSequentialIterable>
#include <QtCore/QVarLengthArray>
#include <QtCore/QString>
#include <QtCore/QJsonArray>



void receivingList(QList<int>);
void receivingMap(QMultiMap<int,int>);


using namespace std;

QList<int> getQtList()
{
    return {}; // dummy, not important
}

const QList<int> getConstQtList()
{
    return {}; // dummy, not important
}

const QList<int> & getConstRefQtList()
{
    static QList<int> foo;
    return foo;
}

void testQtContainer()
{
    QList<int> qt_container;
    receivingList(qt_container);
    for (int i : qAsConst(qt_container)) { // Warning
    }

    const QList<int> const_qt_container;
    for (int i : const_qt_container) { // OK
    }

    for (int i : getQtList()) { // Warning
    }

    for (int i : qAsConst(qt_container)) { }  // Warning
    for (const int &i : qAsConst(qt_container)) { } // Warning
    for (int &i : qt_container) { } // OK




    for (int i : getConstQtList()) { // OK
    }

    for (int i : getConstRefQtList()) { // OK
    }

    vector<int> stl_container;
    for (int i : stl_container) { // OK
    }
}

class A {
public:
    void foo()
    {
        for (int a : m_stlVec) {} // OK
    }

    std::vector<int> m_stlVec;
};

void testQMultiMapDetach()
{
    QMultiMap<int,int> m;
    receivingMap(m);
    for (int i : qAsConst(m)) {
    }
}

struct Trivial
{
    int a;
};

struct BigTrivial
{
    int a, b, c, d, e;
    void constFoo() const {}
    void nonConstFoo() {}
};

struct SmallNonTrivial
{
    int a;
    ~SmallNonTrivial() {}
};

extern void nop();
extern void nop2(BigTrivial &); // non-const-ref
extern void nop3(const BigTrivial &); // const-ref
extern void nop4(BigTrivial *); // pointer

void test_missing_ref()
{
    const QList<Trivial> trivials;
    const QList<BigTrivial> bigTrivials;
    const QList<SmallNonTrivial> smallNonTrivials;

    // Test #2: No warning
    for (Trivial t : trivials) {
        nop();
    }

    // Test #3: No warning
    for (BigTrivial t : bigTrivials) {
        nop();
    }

    // Test #4: Warning
    for (const SmallNonTrivial &t : smallNonTrivials) {
        nop();
    }

    // Test #5: No Warning
    for (const BigTrivial t : bigTrivials) {
        t.constFoo();
    }

    // Test #6: No warning
    for (BigTrivial t : bigTrivials) {
        t.nonConstFoo();
    }

    // Test #7: No warning
    for (BigTrivial t : bigTrivials) {
        t = BigTrivial();
    }

    // Test #8: No warning
    for (BigTrivial t : bigTrivials) {
        nop2(t);
    }

    // Test #9: No Warning
    for (BigTrivial t : bigTrivials) {
        nop3(t);
    }

    // Test #9: No warning
    for (BigTrivial t : bigTrivials) {
        nop4(&t);
    }

    // Test #10: No warning (bug #362587)
    QSequentialIterable si = QVariant().value<QSequentialIterable>();
    for (const auto &s : si) {}
}

void testBug367485()
{
    QList<int> list;
    for (auto a : list) {} // OK

    QList<int> list2;
    receivingList(list2);
    for (auto a : qAsConst(list2)) {} // Warning

    QList<int> list3;
    for (auto a : list3) {} // OK
    receivingList(list3);

    QList<int> list4;
    foreach (auto a, list4) {} // OK
    receivingList(list4);
}


struct Foo
{
    int bar = 1;
    QString s;
};

std::vector<Foo> doSomething(const std::vector<Foo> &fooVec)
{
    std::vector<Foo> ret;
    for (Foo foo : fooVec) // OK
    {
        foo.bar = 2;
        ret.push_back(foo);
    }
    return ret;
}

void test_add_ref_fixits()
{
    QStringList strlist;
    for (const QString &s : strlist) {} // should add &
    for (const QString &s : strlist) {} // should add const-&

    for (QString s : strlist) {  // shouldn't warn
        s = s.toLower();
    }

    for (QString s : strlist) {  // shouldn't warn
        s.clear();
    }
}

struct SomeStruct
{
    QStringList m_list;
    void test_add_qasconst_fixits()
    {
         for (const auto &s : qAsConst(m_list)) {} // Warn
    }

    QStringList getList();
};


void test_add_qasconst_fixits()
{
    SomeStruct f;
    for (const auto &s : qAsConst(f.m_list)) {}  // Warn

    SomeStruct *f2;
    for (const auto &s : qAsConst(f2->m_list)) {}  // Warn

    QStringList locallist = f.getList();
    for (const auto &s : qAsConst(locallist)) {} // Warn

    for (const auto &s : getQtList()) {} // Warn

    for (const auto &s : f.getList()) {} // Warn
}


void test_json_array()
{
    QJsonArray array;
    const QJsonArray const_array;
    for (const auto a : array) {} // OK
    for (const QJsonValue &a : const_array) {} // Warn
    for (const QJsonValue &a : const_array) {} // OK
}
