range-loop/main.cpp:25:5: warning: c++11 range-loop might detach Qt container (QList) [-Wclazy-range-loop]
range-loop/main.cpp:32:5: warning: c++11 range-loop might detach Qt container (QList) [-Wclazy-range-loop]
range-loop/main.cpp:35:5: warning: c++11 range-loop might detach Qt container (QList) [-Wclazy-range-loop]
range-loop/main.cpp:36:5: warning: c++11 range-loop might detach Qt container (QList) [-Wclazy-range-loop]
range-loop/main.cpp:66:5: warning: c++11 range-loop might detach Qt container (QMultiMap) [-Wclazy-range-loop]
range-loop/main.cpp:105:10: warning: Missing reference in range-for with sizeof(T) = 20 bytes (struct BigTrivial) [-Wclazy-range-loop]
range-loop/main.cpp:110:10: warning: Missing reference in range-for with non trivial type (struct SmallNonTrivial) [-Wclazy-range-loop]
range-loop/main.cpp:115:10: warning: Missing reference in range-for with sizeof(T) = 20 bytes (const struct BigTrivial) [-Wclazy-range-loop]
range-loop/main.cpp:135:10: warning: Missing reference in range-for with sizeof(T) = 20 bytes (struct BigTrivial) [-Wclazy-range-loop]
