range-loop/main.cpp:25:5: warning: c++11 range-loop might detach Qt container (QList) [-Wclazy-range-loop]
range-loop/main.cpp:32:5: warning: c++11 range-loop might detach Qt container (QList) [-Wclazy-range-loop]
range-loop/main.cpp:59:5: warning: c++11 range-loop might detach Qt container (QMultiMap) [-Wclazy-range-loop]
range-loop/main.cpp:98:10: warning: Missing reference in foreach with sizeof(T) = 20 bytes (struct BigTrivial) [-Wclazy-range-loop]
range-loop/main.cpp:103:10: warning: Missing reference in foreach with non trivial type (struct SmallNonTrivial) [-Wclazy-range-loop]
range-loop/main.cpp:108:10: warning: Missing reference in foreach with sizeof(T) = 20 bytes (const struct BigTrivial) [-Wclazy-range-loop]
range-loop/main.cpp:128:10: warning: Missing reference in foreach with sizeof(T) = 20 bytes (struct BigTrivial) [-Wclazy-range-loop]
