#include <QtCore/QList>
#include <QtCore/QString>
#include <QtCore/QStringList>
#include <QtCore/QMap>
#include <QtCore/QFile>
#include <QtCore/QHash>
#include <QtCore/QSet>
#include <QtCore/QJsonObject>

QList<int> getList()
{
    return QList<int>();
}
void detach1()
{
    getList().constFirst(); // Warning
}

void detach2()
{
    getList().at(0); // OK
}

void lvalue()
{
    QStringList s;
    s.first(); // OK
}

QStringList test_string() { return {}; }
QStringList& test_string_ref() { static QStringList s; return s; }
QStringList * test_string_ptr() { return {}; }
const QStringList test_const_string() { return {}; }
const QStringList & test_const_string_ref() { static QStringList s; return s; }
const QStringList * test_const_string_ptr() { return {}; }

void qstrings()
{
    QString s;
    s.toLatin1().data(); // OK, list isn't shared
    test_string().constFirst(); // Warning
    test_const_string().first(); // OK
    test_const_string_ref().first(); // OK
    test_const_string_ptr()->first(); // OK

    test_string().constFirst(); // Warning
    test_string_ref().first(); // Warning
    test_string_ptr()->first(); // OK
}

void more()
{
    QFile::encodeName("foo").data();
}

void foo(QStringList *list)
{
    auto it = list->begin();
}

typedef QMap<int, QStringList> StringMap;
Q_GLOBAL_STATIC(StringMap, sISOMap)
void test_global_static()
{
    sISOMap()->insert(1, QStringList());
    sISOMap->insert(1, QStringList());
}

struct TestThis : public QList<int>
{
    void foo()
    {
        begin();
    }
};

class Foo
{
public:
    QStringList list;
};

Foo * getFoo() { return new Foo(); }
Foo getFoo2() { return Foo(); }

void testThroughPointer()
{
    Foo *f;
    f->list.first(); // OK
    getFoo()->list.first(); // OK
    getFoo2().list.first(); // OK
}

QMap<int,int> getMap() { return {}; };
void testWriteMethod()
{
    getMap().insert(1,1); // Warning
    int a = getMap().take(1); // Warning
}

void testSubscriptOperator()
{
    getList().at(0); // Warning
    if (test_string().at(0).isEmpty()) {} // Warning
    getMap().at(0); // Warning
    auto m = getMap();
    m[0];

    getList()  .at(0); // Warning, test correct fixit range here
    getList().at(0); // Warning, test correct fixit range here
}

typedef QList<int> IntList;
IntList getIntList() { return {}; }
void testTypedef()
{
    getIntList().at(0); // Warning
}

QStringList getStringList() { return {}; }

void testDerivedClass()
{
    getStringList().constFirst(); // Warning
    getStringList().at(0); // Warning
}

void testQStringListSpecificMethods()
{
    getStringList().removeDuplicates();
}

QString getString() { return ""; }
void testQString()
{
    getString().cbegin(); // Warning
    getString().at(1); // Warning
}

extern QHash<QString, int> &initializers();
QString getStr() { return QString(); }

static auto bar = [] {
        return initializers().insert(getStr(), 1); // OK
    }();


QSet<int> getSet() { return {}; }

void testIntersect()
{
    QSet<int> other;
    auto s = getSet().intersect(other); // OK
}

QJsonObject getObj(){return {};}
void testJsonDetach() {
    getObj().value(QLatin1String("bla")); // Warning
    getObj().constFind(QLatin1String("bla")); // Warning
    getObj().value(QLatin1String("bla")); // OK
}

void testRIterators()
{
    getList().crbegin();
    getList().crend();
    getStringList().crbegin();
    getStringList().crend();
}

QVariantList getVariantList(){return {};}
void chainedCalls()
{
    getVariantList().constLast().toStringList().constFirst()[0]; // Warn, twice
    getStringList().at(0)[0]; // Warn, but only once due to whitelisting
    getStringList().at(0)[0]; // OK, .at gives us a const value
    getVariantList().constFirst().toString().at(0); // Warn, detach
    getVariantList().at(0).toString().at(0); // Warn, detach twice
}
