detaching-temporary/main.cpp:16:5: warning: Don't call QList::first() on temporary [-Wclazy-detaching-temporary]
detaching-temporary/main.cpp:41:5: warning: Don't call QList::first() on temporary [-Wclazy-detaching-temporary]
detaching-temporary/main.cpp:46:5: warning: Don't call QList::first() on temporary [-Wclazy-detaching-temporary]
detaching-temporary/main.cpp:113:5: warning: Modifying temporary container is pointless and it also detaches [-Wclazy-detaching-temporary]
detaching-temporary/main.cpp:114:13: warning: Don't call QMap::take() on temporary [-Wclazy-detaching-temporary]
detaching-temporary/main.cpp:119:5: warning: Don't call QList::operator[]() on temporary [-Wclazy-detaching-temporary]
detaching-temporary/main.cpp:120:9: warning: Don't call QList::operator[]() on temporary [-Wclazy-detaching-temporary]
detaching-temporary/main.cpp:121:5: warning: Don't call QMap::operator[]() on temporary [-Wclazy-detaching-temporary]
detaching-temporary/main.cpp:130:5: warning: Don't call QList::operator[]() on temporary [-Wclazy-detaching-temporary]
detaching-temporary/main.cpp:137:5: warning: Don't call QList::first() on temporary [-Wclazy-detaching-temporary]
detaching-temporary/main.cpp:138:5: warning: Don't call QList::operator[]() on temporary [-Wclazy-detaching-temporary]
detaching-temporary/main.cpp:139:5: warning: Don't call QMap::begin() on temporary [-Wclazy-detaching-temporary]
detaching-temporary/main.cpp:140:5: warning: Modifying temporary container is pointless and it also detaches [-Wclazy-detaching-temporary]
detaching-temporary/main.cpp:145:5: warning: Don't call QListSpecialMethods::removeDuplicates() on temporary [-Wclazy-detaching-temporary]
detaching-temporary/main.cpp:151:5: warning: Don't call QString::begin() on temporary [-Wclazy-detaching-temporary]
detaching-temporary/main.cpp:152:5: warning: Don't call QString::operator[]() on temporary [-Wclazy-detaching-temporary]
