main.cpp:16:5: warning: Don't call QList::first() on temporary [-Wclazy-detaching-temporary]
main.cpp:41:5: warning: Don't call QList::first() on temporary [-Wclazy-detaching-temporary]
main.cpp:46:5: warning: Don't call QList::first() on temporary [-Wclazy-detaching-temporary]
main.cpp:48:5: warning: Don't call QList::first() on temporary [-Wclazy-detaching-temporary]
