use-static-qregularexpression/main.cpp:6:33: warning: Don't create temporary QRegularExpression objects. Use a static QRegularExpression object instead [-Wclazy-use-static-qregularexpression]
use-static-qregularexpression/main.cpp:10:24: warning: Don't create temporary QRegularExpression objects. Use a static QRegularExpression object instead [-Wclazy-use-static-qregularexpression]
use-static-qregularexpression/main.cpp:13:24: warning: Don't create temporary QRegularExpression objects. Use a static QRegularExpression object instead [-Wclazy-use-static-qregularexpression]
use-static-qregularexpression/main.cpp:20:19: warning: Don't create temporary QRegularExpression objects. Use a static QRegularExpression object instead [-Wclazy-use-static-qregularexpression]
use-static-qregularexpression/main.cpp:21:19: warning: Don't create temporary QRegularExpression objects. Use a static QRegularExpression object instead [-Wclazy-use-static-qregularexpression]
use-static-qregularexpression/main.cpp:24:13: warning: Don't create temporary QRegularExpression objects. Use a static QRegularExpression object instead [-Wclazy-use-static-qregularexpression]
use-static-qregularexpression/main.cpp:25:13: warning: Don't create temporary QRegularExpression objects. Use a static QRegularExpression object instead [-Wclazy-use-static-qregularexpression]
use-static-qregularexpression/main.cpp:28:15: warning: Don't create temporary QRegularExpression objects. Use a static QRegularExpression object instead [-Wclazy-use-static-qregularexpression]
use-static-qregularexpression/main.cpp:29:15: warning: Don't create temporary QRegularExpression objects. Use a static QRegularExpression object instead [-Wclazy-use-static-qregularexpression]
use-static-qregularexpression/main.cpp:32:14: warning: Don't create temporary QRegularExpression objects. Use a static QRegularExpression object instead [-Wclazy-use-static-qregularexpression]
use-static-qregularexpression/main.cpp:33:14: warning: Don't create temporary QRegularExpression objects. Use a static QRegularExpression object instead [-Wclazy-use-static-qregularexpression]
use-static-qregularexpression/main.cpp:36:15: warning: Don't create temporary QRegularExpression objects. Use a static QRegularExpression object instead [-Wclazy-use-static-qregularexpression]
use-static-qregularexpression/main.cpp:37:15: warning: Don't create temporary QRegularExpression objects. Use a static QRegularExpression object instead [-Wclazy-use-static-qregularexpression]
use-static-qregularexpression/main.cpp:40:13: warning: Don't create temporary QRegularExpression objects. Use a static QRegularExpression object instead [-Wclazy-use-static-qregularexpression]
use-static-qregularexpression/main.cpp:41:13: warning: Don't create temporary QRegularExpression objects. Use a static QRegularExpression object instead [-Wclazy-use-static-qregularexpression]
use-static-qregularexpression/main.cpp:46:21: warning: Don't create temporary QRegularExpression objects. Use a static QRegularExpression object instead [-Wclazy-use-static-qregularexpression]
use-static-qregularexpression/main.cpp:49:25: warning: Don't create temporary QRegularExpression objects. Use a static QRegularExpression object instead [-Wclazy-use-static-qregularexpression]
use-static-qregularexpression/main.cpp:53:16: warning: Don't create temporary QRegularExpression objects. Use a static QRegularExpression object instead [-Wclazy-use-static-qregularexpression]
use-static-qregularexpression/main.cpp:57:20: warning: Don't create temporary QRegularExpression objects. Use a static QRegularExpression object instead [-Wclazy-use-static-qregularexpression]
use-static-qregularexpression/main.cpp:89:19: warning: Don't create temporary QRegularExpression objects. Use a static QRegularExpression object instead [-Wclazy-use-static-qregularexpression]
use-static-qregularexpression/main.cpp:90:19: warning: Don't create temporary QRegularExpression objects. Use a static QRegularExpression object instead [-Wclazy-use-static-qregularexpression]
use-static-qregularexpression/main.cpp:92:15: warning: Don't create temporary QRegularExpression objects. Use a static QRegularExpression object instead [-Wclazy-use-static-qregularexpression]
use-static-qregularexpression/main.cpp:93:15: warning: Don't create temporary QRegularExpression objects. Use a static QRegularExpression object instead [-Wclazy-use-static-qregularexpression]
