modernize-list-initialization/main.cpp:9:23: warning: Use initializer-list syntax [-Wclazy-modernize-list-initialization]
modernize-list-initialization/main.cpp:10:24: warning: Use initializer-list syntax [-Wclazy-modernize-list-initialization]
modernize-list-initialization/main.cpp:11:23: warning: Use initializer-list syntax [-Wclazy-modernize-list-initialization]
modernize-list-initialization/main.cpp:12:24: warning: Use initializer-list syntax [-Wclazy-modernize-list-initialization]
modernize-list-initialization/main.cpp:22:17: warning: Use initializer-list syntax [-Wclazy-modernize-list-initialization]
modernize-list-initialization/main.cpp:26:23: warning: Use initializer-list syntax [-Wclazy-modernize-list-initialization]
modernize-list-initialization/main.cpp:29:24: warning: Use initializer-list syntax [-Wclazy-modernize-list-initialization]
