unneeded-cast/main.cpp:32:5: warning: explicitly casting to base is unnecessary [-Wclazy-unneeded-cast]
unneeded-cast/main.cpp:33:5: warning: Casting to itself [-Wclazy-unneeded-cast]
unneeded-cast/main.cpp:35:5: warning: Casting to itself [-Wclazy-unneeded-cast]
unneeded-cast/main.cpp:36:5: warning: explicitly casting to base is unnecessary [-Wclazy-unneeded-cast]
unneeded-cast/main.cpp:37:5: warning: Casting to itself [-Wclazy-unneeded-cast]
unneeded-cast/main.cpp:39:5: warning: Casting to itself [-Wclazy-unneeded-cast]
unneeded-cast/main.cpp:50:5: warning: Use qobject_cast rather than dynamic_cast [-Wclazy-unneeded-cast]
unneeded-cast/main.cpp:51:5: warning: Casting to itself [-Wclazy-unneeded-cast]
unneeded-cast/main.cpp:53:5: warning: explicitly casting to base is unnecessary [-Wclazy-unneeded-cast]
