function-args-by-value/main.cpp:150:22: warning: shouldBeByValue: Pass small and trivially-copyable type by value (const Trivial & nt) [-Wclazy-function-args-by-value]
function-args-by-value/main.cpp:166:11: warning: foo4: Pass small and trivially-copyable type by value (const Trivial & t) [-Wclazy-function-args-by-value]
function-args-by-value/main.cpp:170:11: warning: foo5: Pass small and trivially-copyable type by value (const Trivial & t) [-Wclazy-function-args-by-value]
function-args-by-value/main.cpp:174:11: warning: foo6: Pass small and trivially-copyable type by value (const Trivial & t) [-Wclazy-function-args-by-value]
function-args-by-value/main.cpp:184:16: warning: Base::foo: Pass small and trivially-copyable type by value (const Trivial &) [-Wclazy-function-args-by-value]
function-args-by-value/main.cpp:193:19: warning: Derived::foo: Pass small and trivially-copyable type by value (const Trivial &) [-Wclazy-function-args-by-value]
function-args-by-value/main.cpp:217:24: warning: trivialByConstRef: Pass small and trivially-copyable type by value (const int & t) [-Wclazy-function-args-by-value]
function-args-by-value/main.cpp:225:33: warning: BaseWithVirtuals::virtualMethod1: Pass small and trivially-copyable type by value (const Trivial &) [-Wclazy-function-args-by-value]
function-args-by-value/main.cpp:226:33: warning: BaseWithVirtuals::virtualMethod2: Pass small and trivially-copyable type by value (const Trivial &) [-Wclazy-function-args-by-value]
function-args-by-value/main.cpp:227:27: warning: BaseWithVirtuals::nonVirtualMethod: Pass small and trivially-copyable type by value (const Trivial &) [-Wclazy-function-args-by-value]
function-args-by-value/main.cpp:234:27: warning: DerivedWithVirtuals::nonVirtualMethod: Pass small and trivially-copyable type by value (const Trivial &) [-Wclazy-function-args-by-value]
