function-args-by-value/main.cpp:233:10: warning: 'virtualMethod2' overrides a member function but is not marked 'override' [-Winconsistent-missing-override]
function-args-by-value/main.cpp:150:22: warning: Pass small and trivially-copyable type by value (const struct Trivial &) [-Wclazy-function-args-by-value]
function-args-by-value/main.cpp:166:11: warning: Pass small and trivially-copyable type by value (const struct Trivial &) [-Wclazy-function-args-by-value]
function-args-by-value/main.cpp:170:11: warning: Pass small and trivially-copyable type by value (const struct Trivial &) [-Wclazy-function-args-by-value]
function-args-by-value/main.cpp:174:11: warning: Pass small and trivially-copyable type by value (const struct Trivial &) [-Wclazy-function-args-by-value]
function-args-by-value/main.cpp:184:16: warning: Pass small and trivially-copyable type by value (const struct Trivial &) [-Wclazy-function-args-by-value]
function-args-by-value/main.cpp:193:19: warning: Pass small and trivially-copyable type by value (const struct Trivial &) [-Wclazy-function-args-by-value]
function-args-by-value/main.cpp:217:24: warning: Pass small and trivially-copyable type by value (const int &) [-Wclazy-function-args-by-value]
function-args-by-value/main.cpp:225:33: warning: Pass small and trivially-copyable type by value (const struct Trivial &) [-Wclazy-function-args-by-value]
function-args-by-value/main.cpp:226:33: warning: Pass small and trivially-copyable type by value (const struct Trivial &) [-Wclazy-function-args-by-value]
function-args-by-value/main.cpp:227:27: warning: Pass small and trivially-copyable type by value (const struct Trivial &) [-Wclazy-function-args-by-value]
function-args-by-value/main.cpp:234:27: warning: Pass small and trivially-copyable type by value (const struct Trivial &) [-Wclazy-function-args-by-value]
