qstring-varargs/main.cpp:11:18: warning: Passing QString to variadic function [-Wclazy-qstring-varargs]
qstring-varargs/main.cpp:12:25: warning: Passing QString to variadic function [-Wclazy-qstring-varargs]
qstring-varargs/main.cpp:17:18: warning: Passing QByteArray to variadic function [-Wclazy-qstring-varargs]
