reserve-candidates/main.cpp:13:9: warning: Reserve candidate [-Wclazy-reserve-candidates]
reserve-candidates/main.cpp:14:9: warning: Reserve candidate [-Wclazy-reserve-candidates]
reserve-candidates/main.cpp:67:9: warning: Reserve candidate [-Wclazy-reserve-candidates]
reserve-candidates/main.cpp:71:9: warning: Reserve candidate [-Wclazy-reserve-candidates]
reserve-candidates/main.cpp:75:9: warning: Reserve candidate [-Wclazy-reserve-candidates]
reserve-candidates/main.cpp:79:9: warning: Reserve candidate [-Wclazy-reserve-candidates]
reserve-candidates/main.cpp:94:13: warning: Reserve candidate [-Wclazy-reserve-candidates]
reserve-candidates/main.cpp:139:13: warning: Reserve candidate [-Wclazy-reserve-candidates]
reserve-candidates/main.cpp:148:13: warning: Reserve candidate [-Wclazy-reserve-candidates]
reserve-candidates/main.cpp:175:40: warning: Reserve candidate [-Wclazy-reserve-candidates]
reserve-candidates/main.cpp:178:9: warning: Reserve candidate [-Wclazy-reserve-candidates]
reserve-candidates/main.cpp:181:9: warning: Reserve candidate [-Wclazy-reserve-candidates]
reserve-candidates/main.cpp:188:9: warning: Reserve candidate [-Wclazy-reserve-candidates]
reserve-candidates/main.cpp:189:9: warning: Reserve candidate [-Wclazy-reserve-candidates]
reserve-candidates/main.cpp:233:9: warning: Reserve candidate [-Wclazy-reserve-candidates]
reserve-candidates/main.cpp:281:9: warning: Reserve candidate [-Wclazy-reserve-candidates]
