main.cpp:8:9: warning: Reserve candidate [-Wclazy-reserve-candidates]
main.cpp:7:9: warning: Reserve candidate [-Wclazy-reserve-candidates]
main.cpp:61:9: warning: Reserve candidate [-Wclazy-reserve-candidates]
main.cpp:65:9: warning: Reserve candidate [-Wclazy-reserve-candidates]
main.cpp:69:9: warning: Reserve candidate [-Wclazy-reserve-candidates]
main.cpp:73:9: warning: Reserve candidate [-Wclazy-reserve-candidates]
main.cpp:88:13: warning: Reserve candidate [-Wclazy-reserve-candidates]
main.cpp:109:9: warning: Reserve candidate [-Wclazy-reserve-candidates]
main.cpp:133:13: warning: Reserve candidate [-Wclazy-reserve-candidates]
main.cpp:142:13: warning: Reserve candidate [-Wclazy-reserve-candidates]
main.cpp:169:40: warning: Reserve candidate [-Wclazy-reserve-candidates]
main.cpp:172:9: warning: Reserve candidate [-Wclazy-reserve-candidates]
main.cpp:175:9: warning: Reserve candidate [-Wclazy-reserve-candidates]
main.cpp:182:9: warning: Reserve candidate [-Wclazy-reserve-candidates]
main.cpp:183:9: warning: Reserve candidate [-Wclazy-reserve-candidates]
