#include <QtGui/QColor>

extern void takingColor(QColor);

void test()
{
    QColor c1; // OK
    QColor c2(0x001020); // Warning
    QColor c3(QString("#001020")); // Warning. TODO
    QColor c4(QLatin1String("#001020")); // Warning. TODO
    QColor c5(0x002233); // Warning
    QColor c6(0x11, 0x22, 0x33, 0); // Warning
    QColor c7("#000111222"); // Warning
    QColor c8("#000011112222"); // Warning
    c4.setNamedColor("red"); // OK
    c4.setNamedColor("#001020"); // Warning
    c4.setNamedColor(QLatin1String("#001020")); // Warning
    takingColor(0x001122); // Warning

    // Invalid patterns
    QColor invalidPattern1("#0000011112222"); // Warning, one digit too much
    QColor invalidPattern2("#G00011112222"); // Warning, not a proper hex code
}
