qstring-allocations/main.cpp:19:17: warning: QString(const char*) being called [-Wclazy-qstring-allocations]
qstring-allocations/main.cpp:22:18: warning: QString(const char*) being called [-Wclazy-qstring-allocations]
qstring-allocations/main.cpp:26:5: warning: QString(const char*) being called [-Wclazy-qstring-allocations]
qstring-allocations/main.cpp:30:18: warning: QString::fromLatin1() being passed a literal [-Wclazy-qstring-allocations]
qstring-allocations/main.cpp:31:18: warning: QString::fromUtf8() being passed a literal [-Wclazy-qstring-allocations]
qstring-allocations/main.cpp:37:18: warning: QString(QLatin1String) being called [-Wclazy-qstring-allocations]
qstring-allocations/main.cpp:38:5: warning: QString::operator=(QLatin1String("literal") [-Wclazy-qstring-allocations]
qstring-allocations/main.cpp:40:19: warning: QString(QLatin1String) being called [-Wclazy-qstring-allocations]
qstring-allocations/main.cpp:41:5: warning: QString::operator=(QLatin1String("literal") [-Wclazy-qstring-allocations]
qstring-allocations/main.cpp:43:19: warning: QString(QLatin1String) being called [-Wclazy-qstring-allocations]
qstring-allocations/main.cpp:48:9: warning: QString::fromLatin1() being passed a literal [-Wclazy-qstring-allocations]
qstring-allocations/main.cpp:49:9: warning: QString::fromLatin1() being passed a literal [-Wclazy-qstring-allocations]
qstring-allocations/main.cpp:50:10: warning: QString::fromLatin1() being passed a literal [-Wclazy-qstring-allocations]
qstring-allocations/main.cpp:53:23: warning: QString(const char*) being called [-Wclazy-qstring-allocations]
qstring-allocations/main.cpp:54:19: warning: QString(const char*) being called [-Wclazy-qstring-allocations]
qstring-allocations/main.cpp:55:19: warning: QString(const char*) being called [-Wclazy-qstring-allocations]
qstring-allocations/main.cpp:56:19: warning: QString(const char*) being called [-Wclazy-qstring-allocations]
qstring-allocations/main.cpp:58:20: warning: QString(const char*) being called [-Wclazy-qstring-allocations]
qstring-allocations/main.cpp:59:18: warning: QString(const char*) being called [-Wclazy-qstring-allocations]
qstring-allocations/main.cpp:60:17: warning: QString(const char*) being called [-Wclazy-qstring-allocations]
qstring-allocations/main.cpp:72:11: warning: QString(QLatin1String) being called [-Wclazy-qstring-allocations]
qstring-allocations/main.cpp:79:20: warning: QString(QLatin1String) being called [-Wclazy-qstring-allocations]
qstring-allocations/main.cpp:80:46: warning: QString(QLatin1String) being called [-Wclazy-qstring-allocations]
qstring-allocations/main.cpp:88:14: warning: QString::fromLatin1() being passed a literal [-Wclazy-qstring-allocations]
qstring-allocations/main.cpp:90:14: warning: QString::fromLatin1() being passed a literal [-Wclazy-qstring-allocations]
qstring-allocations/main.cpp:98:11: warning: QString::fromLatin1() being passed a literal [-Wclazy-qstring-allocations]
qstring-allocations/main.cpp:100:16: warning: QString::fromLatin1() being passed a literal [-Wclazy-qstring-allocations]
qstring-allocations/main.cpp:101:36: warning: QString::fromLatin1() being passed a literal [-Wclazy-qstring-allocations]
qstring-allocations/main.cpp:118:51: warning: QString(QLatin1String) being called [-Wclazy-qstring-allocations]
qstring-allocations/main.cpp:118:51: warning: FixIt failed, requires manual intervention:  Can't use QStringLiteral in macro [-Wclazy-qstring-allocations]
qstring-allocations/main.cpp:125:17: warning: QString(const char*) being called [-Wclazy-qstring-allocations]
qstring-allocations/main.cpp:126:5: warning: QString(const char*) being called [-Wclazy-qstring-allocations]
qstring-allocations/main.cpp:127:5: warning: QString(const char*) being called [-Wclazy-qstring-allocations]
qstring-allocations/main.cpp:128:15: warning: QString(const char*) being called [-Wclazy-qstring-allocations]
qstring-allocations/main.cpp:128:21: warning: QString(const char*) being called [-Wclazy-qstring-allocations]
qstring-allocations/main.cpp:129:18: warning: QString(const char*) being called [-Wclazy-qstring-allocations]
qstring-allocations/main.cpp:130:18: warning: QString(const char*) being called [-Wclazy-qstring-allocations]
qstring-allocations/main.cpp:131:51: warning: QString(QLatin1String) being called [-Wclazy-qstring-allocations]
qstring-allocations/main.cpp:131:51: warning: FixIt failed, requires manual intervention:  Can't use QStringLiteral in macro [-Wclazy-qstring-allocations]
qstring-allocations/main.cpp:132:41: warning: Don't use QLatin1String with non-latin1 literals [-Wclazy-qstring-allocations]
qstring-allocations/main.cpp:132:19: warning: QString(QLatin1String) being called [-Wclazy-qstring-allocations]
qstring-allocations/main.cpp:134:14: warning: QString::fromLatin1() being passed a literal [-Wclazy-qstring-allocations]
qstring-allocations/main.cpp:136:14: warning: QString::fromLatin1() being passed a literal [-Wclazy-qstring-allocations]
qstring-allocations/main.cpp:138:16: warning: QString::fromLatin1() being passed a literal [-Wclazy-qstring-allocations]
qstring-allocations/main.cpp:139:10: warning: QString::fromLatin1() being passed a literal [-Wclazy-qstring-allocations]
qstring-allocations/main.cpp:142:32: warning: Don't use QLatin1String with non-latin1 literals [-Wclazy-qstring-allocations]
qstring-allocations/main.cpp:142:18: warning: QString(QLatin1String) being called [-Wclazy-qstring-allocations]
qstring-allocations/main.cpp:148:42: warning: Don't use QLatin1String with non-latin1 literals [-Wclazy-qstring-allocations]
qstring-allocations/main.cpp:148:20: warning: QString(QLatin1String) being called [-Wclazy-qstring-allocations]
qstring-allocations/main.cpp:149:60: warning: Don't use QLatin1String with non-latin1 literals [-Wclazy-qstring-allocations]
qstring-allocations/main.cpp:149:46: warning: QString(QLatin1String) being called [-Wclazy-qstring-allocations]
qstring-allocations/main.cpp:168:20: warning: QString::fromLatin1() being passed a literal [-Wclazy-qstring-allocations]
qstring-allocations/main.cpp:169:22: warning: QString(const char*) being called [-Wclazy-qstring-allocations]
qstring-allocations/main.cpp:171:22: warning: QString::fromLatin1() being passed a literal [-Wclazy-qstring-allocations]
qstring-allocations/main.cpp:176:17: warning: QString::fromLatin1() being passed a literal [-Wclazy-qstring-allocations]
qstring-allocations/main.cpp:177:18: warning: QString::fromUtf8() being passed a literal [-Wclazy-qstring-allocations]
qstring-allocations/main.cpp:178:11: warning: QString::fromLatin1() being passed a literal [-Wclazy-qstring-allocations]
qstring-allocations/main.cpp:179:11: warning: QString::fromUtf8() being passed a literal [-Wclazy-qstring-allocations]
qstring-allocations/main.cpp:180:5: warning: QString(const char*) being called [-Wclazy-qstring-allocations]
qstring-allocations/main.cpp:181:5: warning: QString(const char*) being called [-Wclazy-qstring-allocations]
qstring-allocations/main.cpp:182:5: warning: QString(const char*) being called [-Wclazy-qstring-allocations]
qstring-allocations/main.cpp:184:14: warning: QString(const char*) being called [-Wclazy-qstring-allocations]
qstring-allocations/main.cpp:184:22: warning: QString(const char*) being called [-Wclazy-qstring-allocations]
qstring-allocations/main.cpp:201:25: warning: Don't use QLatin1String with non-latin1 literals [-Wclazy-qstring-allocations]
qstring-allocations/main.cpp:201:11: warning: QString(QLatin1String) being called [-Wclazy-qstring-allocations]
qstring-allocations/main.cpp:211:41: warning: QString(const char*) being called [-Wclazy-qstring-allocations]
qstring-allocations/main.cpp:211:50: warning: QString(const char*) being called [-Wclazy-qstring-allocations]
qstring-allocations/main.cpp:217:5: warning: QString(const char*) being called [-Wclazy-qstring-allocations]
qstring-allocations/main.cpp:218:5: warning: QString(const char*) being called [-Wclazy-qstring-allocations]
qstring-allocations/main.cpp:230:10: warning: QString::fromLatin1() being passed a literal [-Wclazy-qstring-allocations]
qstring-allocations/main.cpp:236:38: warning: QString(QLatin1String) being called [-Wclazy-qstring-allocations]
qstring-allocations/main.cpp:236:62: warning: QString::fromLatin1() being passed a literal [-Wclazy-qstring-allocations]
qstring-allocations/main.cpp:236:92: warning: QString(const char*) being called [-Wclazy-qstring-allocations]
qstring-allocations/main.cpp:238:13: warning: QString(QLatin1String) being called [-Wclazy-qstring-allocations]
qstring-allocations/main.cpp:239:13: warning: QString::fromLatin1() being passed a literal [-Wclazy-qstring-allocations]
qstring-allocations/main.cpp:240:13: warning: QString(const char*) being called [-Wclazy-qstring-allocations]
qstring-allocations/main.cpp:245:18: warning: QString(QLatin1String) being called [-Wclazy-qstring-allocations]
qstring-allocations/main.cpp:248:13: warning: QString::fromUtf8() being passed a literal [-Wclazy-qstring-allocations]
qstring-allocations/main.cpp:249:14: warning: QString::fromUtf8() being passed a literal [-Wclazy-qstring-allocations]
qstring-allocations/main.cpp:250:14: warning: QString(const char*) being called [-Wclazy-qstring-allocations]
