isempty-vs-count/main.cpp:10:9: warning: use isEmpty() instead [-Wclazy-isempty-vs-count]
isempty-vs-count/main.cpp:11:10: warning: use isEmpty() instead [-Wclazy-isempty-vs-count]
isempty-vs-count/main.cpp:12:15: warning: use isEmpty() instead [-Wclazy-isempty-vs-count]
isempty-vs-count/main.cpp:13:15: warning: use isEmpty() instead [-Wclazy-isempty-vs-count]
isempty-vs-count/main.cpp:17:9: warning: use isEmpty() instead [-Wclazy-isempty-vs-count]
isempty-vs-count/main.cpp:18:9: warning: use contains() instead [-Wclazy-isempty-vs-count]
isempty-vs-count/main.cpp:21:9: warning: use isEmpty() instead [-Wclazy-isempty-vs-count]
isempty-vs-count/main.cpp:22:9: warning: use contains() instead [-Wclazy-isempty-vs-count]
isempty-vs-count/main.cpp:23:9: warning: use contains() instead [-Wclazy-isempty-vs-count]
isempty-vs-count/main.cpp:25:9: warning: use isEmpty() instead [-Wclazy-isempty-vs-count]
isempty-vs-count/main.cpp:30:9: warning: use isEmpty() instead [-Wclazy-isempty-vs-count]
isempty-vs-count/main.cpp:31:9: warning: use isEmpty() instead [-Wclazy-isempty-vs-count]
isempty-vs-count/main.cpp:32:9: warning: use isEmpty() instead [-Wclazy-isempty-vs-count]
