function-args-by-ref/main.cpp:245:10: warning: 'virtualMethod2' overrides a member function but is not marked 'override' [-Winconsistent-missing-override]
function-args-by-ref/main.cpp:28:10: warning: foo2: Missing reference on non-trivial type (const NonTrivial nt) [-Wclazy-function-args-by-ref]
function-args-by-ref/main.cpp:34:10: warning: foo3: Missing reference on non-trivial type (NonTrivial nt) [-Wclazy-function-args-by-ref]
function-args-by-ref/main.cpp:39:10: warning: foo4: Missing reference on non-trivial type (NonTrivial nt) [-Wclazy-function-args-by-ref]
function-args-by-ref/main.cpp:63:10: warning: foo8: Missing reference on non-trivial type (NonTrivial nt) [-Wclazy-function-args-by-ref]
function-args-by-ref/main.cpp:69:10: warning: foo9: Missing reference on non-trivial type (NonTrivial nt) [-Wclazy-function-args-by-ref]
function-args-by-ref/main.cpp:75:11: warning: foo10: Missing reference on non-trivial type (NonTrivial nt) [-Wclazy-function-args-by-ref]
function-args-by-ref/main.cpp:102:12: warning: func2: Missing reference on non-trivial type (QString text) [-Wclazy-function-args-by-ref]
function-args-by-ref/main.cpp:121:35: warning: testNoUserCtorsButNotTrivial: Missing reference on non-trivial type (NoUserCtorsButNotTrivial) [-Wclazy-function-args-by-ref]
function-args-by-ref/main.cpp:145:39: warning: testDefaultButNotTrivialCopyable: Missing reference on non-trivial type (DefaultButNotTrivialCopyable) [-Wclazy-function-args-by-ref]
function-args-by-ref/main.cpp:214:12: warning: Ctors::Ctors: Missing reference on non-trivial type (NonTrivial) [-Wclazy-function-args-by-ref]
function-args-by-ref/main.cpp:227:12: warning: Ctors3::Ctors3: Missing reference on non-trivial type (NonTrivial n) [-Wclazy-function-args-by-ref]
function-args-by-ref/main.cpp:237:33: warning: BaseWithVirtuals::virtualMethod1: Missing reference on non-trivial type (NonTrivial) [-Wclazy-function-args-by-ref]
function-args-by-ref/main.cpp:238:33: warning: BaseWithVirtuals::virtualMethod2: Missing reference on non-trivial type (NonTrivial) [-Wclazy-function-args-by-ref]
function-args-by-ref/main.cpp:239:27: warning: BaseWithVirtuals::nonVirtualMethod: Missing reference on non-trivial type (NonTrivial) [-Wclazy-function-args-by-ref]
function-args-by-ref/main.cpp:244:25: warning: DerivedWithVirtuals::virtualMethod1: Missing reference on non-trivial type (NonTrivial) [-Wclazy-function-args-by-ref]
function-args-by-ref/main.cpp:245:25: warning: DerivedWithVirtuals::virtualMethod2: Missing reference on non-trivial type (NonTrivial) [-Wclazy-function-args-by-ref]
function-args-by-ref/main.cpp:246:27: warning: DerivedWithVirtuals::nonVirtualMethod: Missing reference on non-trivial type (NonTrivial) [-Wclazy-function-args-by-ref]
