function-args-by-ref/main.cpp:28:10: warning: Missing reference on non-trivial type (const struct NonTrivial) [-Wclazy-function-args-by-ref]
function-args-by-ref/main.cpp:34:10: warning: Missing reference on non-trivial type (struct NonTrivial) [-Wclazy-function-args-by-ref]
function-args-by-ref/main.cpp:39:10: warning: Missing reference on non-trivial type (struct NonTrivial) [-Wclazy-function-args-by-ref]
function-args-by-ref/main.cpp:63:10: warning: Missing reference on non-trivial type (struct NonTrivial) [-Wclazy-function-args-by-ref]
function-args-by-ref/main.cpp:69:10: warning: Missing reference on non-trivial type (struct NonTrivial) [-Wclazy-function-args-by-ref]
function-args-by-ref/main.cpp:75:11: warning: Missing reference on non-trivial type (struct NonTrivial) [-Wclazy-function-args-by-ref]
function-args-by-ref/main.cpp:102:12: warning: Missing reference on non-trivial type (class QString) [-Wclazy-function-args-by-ref]
function-args-by-ref/main.cpp:121:35: warning: Missing reference on non-trivial type (struct NoUserCtorsButNotTrivial) [-Wclazy-function-args-by-ref]
function-args-by-ref/main.cpp:145:39: warning: Missing reference on non-trivial type (struct DefaultButNotTrivialCopyable) [-Wclazy-function-args-by-ref]
function-args-by-ref/main.cpp:150:22: warning: Pass small and trivially-copyable type by value (const struct Trivial &) [-Wclazy-function-args-by-ref]
function-args-by-ref/main.cpp:166:11: warning: Pass small and trivially-copyable type by value (const struct Trivial &) [-Wclazy-function-args-by-ref]
function-args-by-ref/main.cpp:170:11: warning: Pass small and trivially-copyable type by value (const struct Trivial &) [-Wclazy-function-args-by-ref]
function-args-by-ref/main.cpp:174:11: warning: Pass small and trivially-copyable type by value (const struct Trivial &) [-Wclazy-function-args-by-ref]
