function-args-by-ref/main.cpp:245:10: warning: 'virtualMethod2' overrides a member function but is not marked 'override' [-Winconsistent-missing-override]
function-args-by-ref/main.cpp:28:10: warning: Missing reference on non-trivial type (const struct NonTrivial) [-Wclazy-function-args-by-ref]
function-args-by-ref/main.cpp:34:10: warning: Missing reference on non-trivial type (struct NonTrivial) [-Wclazy-function-args-by-ref]
function-args-by-ref/main.cpp:39:10: warning: Missing reference on non-trivial type (struct NonTrivial) [-Wclazy-function-args-by-ref]
function-args-by-ref/main.cpp:63:10: warning: Missing reference on non-trivial type (struct NonTrivial) [-Wclazy-function-args-by-ref]
function-args-by-ref/main.cpp:69:10: warning: Missing reference on non-trivial type (struct NonTrivial) [-Wclazy-function-args-by-ref]
function-args-by-ref/main.cpp:75:11: warning: Missing reference on non-trivial type (struct NonTrivial) [-Wclazy-function-args-by-ref]
function-args-by-ref/main.cpp:102:12: warning: Missing reference on non-trivial type (class QString) [-Wclazy-function-args-by-ref]
function-args-by-ref/main.cpp:121:35: warning: Missing reference on non-trivial type (struct NoUserCtorsButNotTrivial) [-Wclazy-function-args-by-ref]
function-args-by-ref/main.cpp:145:39: warning: Missing reference on non-trivial type (struct DefaultButNotTrivialCopyable) [-Wclazy-function-args-by-ref]
function-args-by-ref/main.cpp:214:12: warning: Missing reference on non-trivial type (struct NonTrivial) [-Wclazy-function-args-by-ref]
function-args-by-ref/main.cpp:227:12: warning: Missing reference on non-trivial type (struct NonTrivial) [-Wclazy-function-args-by-ref]
function-args-by-ref/main.cpp:237:33: warning: Missing reference on non-trivial type (struct NonTrivial) [-Wclazy-function-args-by-ref]
function-args-by-ref/main.cpp:238:33: warning: Missing reference on non-trivial type (struct NonTrivial) [-Wclazy-function-args-by-ref]
function-args-by-ref/main.cpp:239:27: warning: Missing reference on non-trivial type (struct NonTrivial) [-Wclazy-function-args-by-ref]
function-args-by-ref/main.cpp:244:25: warning: Missing reference on non-trivial type (struct NonTrivial) [-Wclazy-function-args-by-ref]
function-args-by-ref/main.cpp:245:25: warning: Missing reference on non-trivial type (struct NonTrivial) [-Wclazy-function-args-by-ref]
function-args-by-ref/main.cpp:246:27: warning: Missing reference on non-trivial type (struct NonTrivial) [-Wclazy-function-args-by-ref]
