main.cpp:28:10: warning: Missing reference on non-trivial type NonTrivial [-Wclazy-function-args-by-ref]
main.cpp:34:10: warning: Missing reference on non-trivial type NonTrivial [-Wclazy-function-args-by-ref]
main.cpp:39:10: warning: Missing reference on non-trivial type NonTrivial [-Wclazy-function-args-by-ref]
main.cpp:63:10: warning: Missing reference on non-trivial type NonTrivial [-Wclazy-function-args-by-ref]
main.cpp:69:10: warning: Missing reference on non-trivial type NonTrivial [-Wclazy-function-args-by-ref]
main.cpp:75:11: warning: Missing reference on non-trivial type NonTrivial [-Wclazy-function-args-by-ref]
main.cpp:102:12: warning: Missing reference on non-trivial type QString [-Wclazy-function-args-by-ref]
main.cpp:121:35: warning: Missing reference on non-trivial type NoUserCtorsButNotTrivial [-Wclazy-function-args-by-ref]
