function-args-by-ref/warn-for-overridden-methods.cpp:12:33: warning: BaseWithVirtuals::virtualMethod1: Missing reference on non-trivial type (NonTrivial) [-Wclazy-function-args-by-ref]
function-args-by-ref/warn-for-overridden-methods.cpp:13:33: warning: BaseWithVirtuals::virtualMethod2: Missing reference on non-trivial type (NonTrivial) [-Wclazy-function-args-by-ref]
function-args-by-ref/warn-for-overridden-methods.cpp:14:27: warning: BaseWithVirtuals::nonVirtualMethod: Missing reference on non-trivial type (NonTrivial) [-Wclazy-function-args-by-ref]
function-args-by-ref/warn-for-overridden-methods.cpp:19:25: warning: DerivedWithVirtuals::virtualMethod1: Missing reference on non-trivial type (NonTrivial) [-Wclazy-function-args-by-ref]
function-args-by-ref/warn-for-overridden-methods.cpp:20:25: warning: DerivedWithVirtuals::virtualMethod2: Missing reference on non-trivial type (NonTrivial) [-Wclazy-function-args-by-ref]
function-args-by-ref/warn-for-overridden-methods.cpp:21:27: warning: DerivedWithVirtuals::nonVirtualMethod: Missing reference on non-trivial type (NonTrivial) [-Wclazy-function-args-by-ref]
