range-loop-reference/main.cpp:45:10: warning: Missing reference in range-for with non trivial type (SmallNonTrivial) [-Wclazy-range-loop-reference]
range-loop-reference/main.cpp:87:10: warning: Missing reference in range-for with non trivial type (QString) [-Wclazy-range-loop-reference]
range-loop-reference/main.cpp:88:10: warning: Missing reference in range-for with non trivial type (QString) [-Wclazy-range-loop-reference]
range-loop-reference/main.cpp:104:10: warning: Missing reference in range-for with non trivial type (QJsonValue) [-Wclazy-range-loop-reference]
