fully-qualified-moc-types/main.cpp:29:21: warning: signal arguments need to be fully-qualified (NS::MyType instead of MyType) [-Wclazy-fully-qualified-moc-types]
fully-qualified-moc-types/main.cpp:38:22: warning: slot arguments need to be fully-qualified (NS::MyType instead of MyType) [-Wclazy-fully-qualified-moc-types]
fully-qualified-moc-types/main.cpp:47:39: warning: invokable arguments need to be fully-qualified (NS::MyType instead of MyType) [-Wclazy-fully-qualified-moc-types]
fully-qualified-moc-types/main.cpp:54:21: warning: invokable return types need to be fully-qualified (NS::MyType instead of MyType) [-Wclazy-fully-qualified-moc-types]
fully-qualified-moc-types/main.cpp:79:12: warning: slot return types need to be fully-qualified (std::pair<bool, MyObj2::QualMe> instead of std::pair<bool, QualMe>) [-Wclazy-fully-qualified-moc-types]
fully-qualified-moc-types/main.cpp:80:12: warning: slot return types need to be fully-qualified (std::pair<bool, MyObj2::QualMe> instead of pair<bool, QualMe>) [-Wclazy-fully-qualified-moc-types]
fully-qualified-moc-types/main.cpp:82:12: warning: slot return types need to be fully-qualified (MyObj2::MyList instead of MyList) [-Wclazy-fully-qualified-moc-types]
fully-qualified-moc-types/main.cpp:83:12: warning: slot return types need to be fully-qualified (QList<MyObj2::QualMe> instead of QList<QualMe>) [-Wclazy-fully-qualified-moc-types]
fully-qualified-moc-types/main.cpp:87:12: warning: slot return types need to be fully-qualified (QDBusPendingReply<MyObj2::QualMe> instead of QDBusPendingReply<QualMe>) [-Wclazy-fully-qualified-moc-types]
fully-qualified-moc-types/main.cpp:90:12: warning: slot return types need to be fully-qualified (QDBusPendingReply<MyObj2::MyList> instead of QDBusPendingReply<MyList>) [-Wclazy-fully-qualified-moc-types]
fully-qualified-moc-types/main.cpp:92:48: warning: slot arguments need to be fully-qualified (QDBusPendingReply<std::shared_ptr<MyObj2::MyList>> instead of QDBusPendingReply<std::shared_ptr<MyList>>) [-Wclazy-fully-qualified-moc-types]
fully-qualified-moc-types/main.cpp:18:5: warning: Q_PROPERTY of type NamespacedGadget should use full qualification (NS::NamespacedGadget) [-Wclazy-fully-qualified-moc-types]
