use-arrow-operator/main.cpp:9:5: warning: readibility: Use operator -> directly instead of data()-> [-Wclazy-use-arrow-operator]
use-arrow-operator/main.cpp:12:5: warning: readibility: Use operator -> directly instead of data()-> [-Wclazy-use-arrow-operator]
use-arrow-operator/main.cpp:15:5: warning: readibility: Use operator -> directly instead of data()-> [-Wclazy-use-arrow-operator]
