jni-signatures/main.cpp:34:23: warning: Invalid class name: '/java/lang/String' [-Wclazy-jni-signatures]
jni-signatures/main.cpp:34:23: warning: Invalid constructor signature: '(' [-Wclazy-jni-signatures]
jni-signatures/main.cpp:41:5: warning: Invalid method signature: '(III' [-Wclazy-jni-signatures]
jni-signatures/main.cpp:45:5: warning: Invalid method signature: '()Ljava/lang/String' [-Wclazy-jni-signatures]
jni-signatures/main.cpp:47:5: warning: Invalid class name: 'someClass;' [-Wclazy-jni-signatures]
jni-signatures/main.cpp:47:5: warning: Invalid method signature: '()Ljava/lang/String' [-Wclazy-jni-signatures]
jni-signatures/main.cpp:49:5: warning: Invalid method signature: '(II)' [-Wclazy-jni-signatures]
jni-signatures/main.cpp:51:5: warning: Invalid method name: 'className;' [-Wclazy-jni-signatures]
jni-signatures/main.cpp:51:5: warning: Invalid method signature: 'toString' [-Wclazy-jni-signatures]
