ctor-missing-parent-argument/main.cpp:4:1: warning: Test should take QObject parent argument in CTOR [-Wclazy-ctor-missing-parent-argument]
ctor-missing-parent-argument/main.cpp:10:1: warning: Test2 should take QObject parent argument in CTOR [-Wclazy-ctor-missing-parent-argument]
ctor-missing-parent-argument/main.cpp:29:1: warning: Test5 should take QObject parent argument in CTOR [-Wclazy-ctor-missing-parent-argument]
ctor-missing-parent-argument/main.cpp:43:1: warning: WTest2 should take QWidget parent argument in CTOR [-Wclazy-ctor-missing-parent-argument]
ctor-missing-parent-argument/main.cpp:50:5: warning: Qt3DCore::QNode should take QObject parent argument in CTOR [-Wclazy-ctor-missing-parent-argument]
ctor-missing-parent-argument/main.cpp:57:1: warning: MyEntity should take Qt3DCore::QNode parent argument in CTOR [-Wclazy-ctor-missing-parent-argument]
