qhash-namespace/main.cpp:15:5: warning: Move qHash(NS::NS2::C) to NS::NS2 namespace for ADL lookup [-Wclazy-qhash-namespace]
qhash-namespace/main.cpp:16:5: warning: Move qHash(A) out of namespace NS [-Wclazy-qhash-namespace]
qhash-namespace/main.cpp:19:1: warning: Move qHash(NS::B) into NS namespace for ADL lookup [-Wclazy-qhash-namespace]
qhash-namespace/main.cpp:20:1: warning: Move qHash(NS::B *) into NS namespace for ADL lookup [-Wclazy-qhash-namespace]
qhash-namespace/main.cpp:21:1: warning: Move qHash(NS::B::B3) into NS namespace for ADL lookup [-Wclazy-qhash-namespace]
qhash-namespace/main.cpp:22:1: warning: Move qHash(NS::IntFoo) into NS namespace for ADL lookup [-Wclazy-qhash-namespace]
